Component: ARM Compiler 5.06 update 5 (build 528) Tool: armlink [4d35e2]

==============================================================================

Section Cross References

    startup_stm32f10x_md.o(RESET) refers to startup_stm32f10x_md.o(STACK) for __initial_sp
    startup_stm32f10x_md.o(RESET) refers to startup_stm32f10x_md.o(.text) for Reset_Handler
    startup_stm32f10x_md.o(RESET) refers to stm32f10x_it.o(i.NMI_Handler) for NMI_Handler
    startup_stm32f10x_md.o(RESET) refers to stm32f10x_it.o(i.HardFault_Handler) for HardFault_Handler
    startup_stm32f10x_md.o(RESET) refers to stm32f10x_it.o(i.MemManage_Handler) for MemManage_Handler
    startup_stm32f10x_md.o(RESET) refers to stm32f10x_it.o(i.BusFault_Handler) for BusFault_Handler
    startup_stm32f10x_md.o(RESET) refers to stm32f10x_it.o(i.UsageFault_Handler) for UsageFault_Handler
    startup_stm32f10x_md.o(RESET) refers to stm32f10x_it.o(i.SVC_Handler) for SVC_Handler
    startup_stm32f10x_md.o(RESET) refers to stm32f10x_it.o(i.DebugMon_Handler) for DebugMon_Handler
    startup_stm32f10x_md.o(RESET) refers to stm32f10x_it.o(i.PendSV_Handler) for PendSV_Handler
    startup_stm32f10x_md.o(RESET) refers to stm32f10x_it.o(i.SysTick_Handler) for SysTick_Handler
    startup_stm32f10x_md.o(RESET) refers to motor.o(i.TIM2_IRQHandler) for TIM2_IRQHandler
    startup_stm32f10x_md.o(RESET) refers to motor.o(i.TIM4_IRQHandler) for TIM4_IRQHandler
    startup_stm32f10x_md.o(.text) refers to system_stm32f10x.o(i.SystemInit) for SystemInit
    startup_stm32f10x_md.o(.text) refers to entry.o(.ARM.Collect$$$$00000000) for __main
    system_stm32f10x.o(i.SetSysClock) refers to system_stm32f10x.o(i.SetSysClockTo72) for SetSysClockTo72
    system_stm32f10x.o(i.SystemCoreClockUpdate) refers to system_stm32f10x.o(.data) for SystemCoreClock
    system_stm32f10x.o(i.SystemInit) refers to system_stm32f10x.o(i.SetSysClock) for SetSysClock
    stm32f10x_adc.o(i.ADC_DeInit) refers to stm32f10x_rcc.o(i.RCC_APB2PeriphResetCmd) for RCC_APB2PeriphResetCmd
    stm32f10x_bkp.o(i.BKP_DeInit) refers to stm32f10x_rcc.o(i.RCC_BackupResetCmd) for RCC_BackupResetCmd
    stm32f10x_can.o(i.CAN_DeInit) refers to stm32f10x_rcc.o(i.RCC_APB1PeriphResetCmd) for RCC_APB1PeriphResetCmd
    stm32f10x_can.o(i.CAN_GetITStatus) refers to stm32f10x_can.o(i.CheckITStatus) for CheckITStatus
    stm32f10x_cec.o(i.CEC_DeInit) refers to stm32f10x_rcc.o(i.RCC_APB1PeriphResetCmd) for RCC_APB1PeriphResetCmd
    stm32f10x_dac.o(i.DAC_DeInit) refers to stm32f10x_rcc.o(i.RCC_APB1PeriphResetCmd) for RCC_APB1PeriphResetCmd
    stm32f10x_flash.o(i.FLASH_EnableWriteProtection) refers to stm32f10x_flash.o(i.FLASH_WaitForLastOperation) for FLASH_WaitForLastOperation
    stm32f10x_flash.o(i.FLASH_EraseAllBank1Pages) refers to stm32f10x_flash.o(i.FLASH_WaitForLastBank1Operation) for FLASH_WaitForLastBank1Operation
    stm32f10x_flash.o(i.FLASH_EraseAllPages) refers to stm32f10x_flash.o(i.FLASH_WaitForLastOperation) for FLASH_WaitForLastOperation
    stm32f10x_flash.o(i.FLASH_EraseOptionBytes) refers to stm32f10x_flash.o(i.FLASH_GetReadOutProtectionStatus) for FLASH_GetReadOutProtectionStatus
    stm32f10x_flash.o(i.FLASH_EraseOptionBytes) refers to stm32f10x_flash.o(i.FLASH_WaitForLastOperation) for FLASH_WaitForLastOperation
    stm32f10x_flash.o(i.FLASH_ErasePage) refers to stm32f10x_flash.o(i.FLASH_WaitForLastOperation) for FLASH_WaitForLastOperation
    stm32f10x_flash.o(i.FLASH_ProgramHalfWord) refers to stm32f10x_flash.o(i.FLASH_WaitForLastOperation) for FLASH_WaitForLastOperation
    stm32f10x_flash.o(i.FLASH_ProgramOptionByteData) refers to stm32f10x_flash.o(i.FLASH_WaitForLastOperation) for FLASH_WaitForLastOperation
    stm32f10x_flash.o(i.FLASH_ProgramWord) refers to stm32f10x_flash.o(i.FLASH_WaitForLastOperation) for FLASH_WaitForLastOperation
    stm32f10x_flash.o(i.FLASH_ReadOutProtection) refers to stm32f10x_flash.o(i.FLASH_WaitForLastOperation) for FLASH_WaitForLastOperation
    stm32f10x_flash.o(i.FLASH_UserOptionByteConfig) refers to stm32f10x_flash.o(i.FLASH_WaitForLastOperation) for FLASH_WaitForLastOperation
    stm32f10x_flash.o(i.FLASH_WaitForLastBank1Operation) refers to stm32f10x_flash.o(i.FLASH_GetBank1Status) for FLASH_GetBank1Status
    stm32f10x_flash.o(i.FLASH_WaitForLastOperation) refers to stm32f10x_flash.o(i.FLASH_GetBank1Status) for FLASH_GetBank1Status
    stm32f10x_gpio.o(i.GPIO_AFIODeInit) refers to stm32f10x_rcc.o(i.RCC_APB2PeriphResetCmd) for RCC_APB2PeriphResetCmd
    stm32f10x_gpio.o(i.GPIO_DeInit) refers to stm32f10x_rcc.o(i.RCC_APB2PeriphResetCmd) for RCC_APB2PeriphResetCmd
    stm32f10x_i2c.o(i.I2C_DeInit) refers to stm32f10x_rcc.o(i.RCC_APB1PeriphResetCmd) for RCC_APB1PeriphResetCmd
    stm32f10x_i2c.o(i.I2C_Init) refers to stm32f10x_rcc.o(i.RCC_GetClocksFreq) for RCC_GetClocksFreq
    stm32f10x_pwr.o(i.PWR_DeInit) refers to stm32f10x_rcc.o(i.RCC_APB1PeriphResetCmd) for RCC_APB1PeriphResetCmd
[...]
    i.Motor2_SetDirct                        0x080015f8   Section        0  motor.o(i.Motor2_SetDirct)
    i.Motor_Init                             0x0800161c   Section        0  motor.o(i.Motor_Init)
    i.NMI_Handler                            0x0800164c   Section        0  stm32f10x_it.o(i.NMI_Handler)
    i.NRF_Check                              0x08001650   Section        0  nrf24l01.o(i.NRF_Check)
    i.NRF_RX_Mode                            0x0800169c   Section        0  nrf24l01.o(i.NRF_RX_Mode)
    i.NRF_Rx_Dat                             0x080016f8   Section        0  nrf24l01.o(i.NRF_Rx_Dat)
    i.NVIC_PriorityGroupConfig               0x08001758   Section        0  misc.o(i.NVIC_PriorityGroupConfig)
    i.OLED_Clear                             0x0800176c   Section        0  oled.o(i.OLED_Clear)
    i.OLED_I2C_Init                          0x08001798   Section        0  oled.o(i.OLED_I2C_Init)
    i.OLED_I2C_SendByte                      0x080017e8   Section        0  oled.o(i.OLED_I2C_SendByte)
    i.OLED_I2C_Start                         0x0800183c   Section        0  oled.o(i.OLED_I2C_Start)
    i.OLED_I2C_Stop                          0x08001870   Section        0  oled.o(i.OLED_I2C_Stop)
    i.OLED_Init                              0x08001898   Section        0  oled.o(i.OLED_Init)
    i.OLED_Pow                               0x08001946   Section        0  oled.o(i.OLED_Pow)
    i.OLED_SetCursor                         0x0800195a   Section        0  oled.o(i.OLED_SetCursor)
    i.OLED_ShowChar                          0x0800197c   Section        0  oled.o(i.OLED_ShowChar)
    i.OLED_ShowNum                           0x080019f0   Section        0  oled.o(i.OLED_ShowNum)
    i.OLED_ShowString                        0x08001a34   Section        0  oled.o(i.OLED_ShowString)
    i.OLED_WriteCommand                      0x08001a5c   Section        0  oled.o(i.OLED_WriteCommand)
    i.OLED_WriteData                         0x08001a7c   Section        0  oled.o(i.OLED_WriteData)
    i.PWM_Init                               0x08001a9c   Section        0  pwm.o(i.PWM_Init)
    i.PendSV_Handler                         0x08001b50   Section        0  stm32f10x_it.o(i.PendSV_Handler)
    i.RCC_APB1PeriphClockCmd                 0x08001b54   Section        0  stm32f10x_rcc.o(i.RCC_APB1PeriphClockCmd)
    i.RCC_APB2PeriphClockCmd                 0x08001b74   Section        0  stm32f10x_rcc.o(i.RCC_APB2PeriphClockCmd)
    i.RCC_GetClocksFreq                      0x08001b94   Section        0  stm32f10x_rcc.o(i.RCC_GetClocksFreq)
    i.Receive_Data                           0x08001c68   Section        0  main.o(i.Receive_Data)
    i.SPI_Cmd                                0x08001cc4   Section        0  stm32f10x_spi.o(i.SPI_Cmd)
    i.SPI_I2S_GetFlagStatus                  0x08001cdc   Section        0  stm32f10x_spi.o(i.SPI_I2S_GetFlagStatus)
    i.SPI_I2S_ReceiveData                    0x08001cee   Section        0  stm32f10x_spi.o(i.SPI_I2S_ReceiveData)
    i.SPI_I2S_SendData                       0x08001cf4   Section        0  stm32f10x_spi.o(i.SPI_I2S_SendData)
    i.SPI_Init                               0x08001cf8   Section        0  stm32f10x_spi.o(i.SPI_Init)
    i.SPI_NRF_Init                           0x08001d34   Section        0  nrf24l01.o(i.SPI_NRF_Init)
    i.SPI_NRF_RW                             0x08001e14   Section        0  nrf24l01.o(i.SPI_NRF_RW)
    i.SPI_NRF_ReadBuf                        0x08001e4c   Section        0  nrf24l01.o(i.SPI_NRF_ReadBuf)
    i.SPI_NRF_ReadReg                        0x08001e9c   Section        0  nrf24l01.o(i.SPI_NRF_ReadReg)
    i.SPI_NRF_WriteBuf                       0x08001ed4   Section        0  nrf24l01.o(i.SPI_NRF_WriteBuf)
    i.SPI_NRF_WriteReg                       0x08001f24   Section        0  nrf24l01.o(i.SPI_NRF_WriteReg)
    i.SVC_Handler                            0x08001f60   Section        0  stm32f10x_it.o(i.SVC_Handler)
    i.SYS_Init                               0x08001f64   Section        0  main.o(i.SYS_Init)
    i.SetSysClock                            0x08001ffc   Section        0  system_stm32f10x.o(i.SetSysClock)
    SetSysClock                              0x08001ffd   Thumb Code     8  system_stm32f10x.o(i.SetSysClock)
    i.SetSysClockTo72                        0x08002004   Section        0  system_stm32f10x.o(i.SetSysClockTo72)
    SetSysClockTo72                          0x08002005   Thumb Code   214  system_stm32f10x.o(i.SetSysClockTo72)
    i.Stop                                   0x080020e4   Section        0  control.o(i.Stop)
    i.SysTick_CLKSourceConfig                0x080020fc   Section        0  misc.o(i.SysTick_CLKSourceConfig)
    i.SysTick_Handler                        0x08002124   Section        0  stm32f10x_it.o(i.SysTick_Handler)
    i.SystemInit                             0x08002128   Section        0  system_stm32f10x.o(i.SystemInit)
    i.TI1_Config                             0x08002188   Section        0  stm32f10x_tim.o(i.TI1_Config)
    TI1_Config                               0x08002189   Thumb Code   108  stm32f10x_tim.o(i.TI1_Config)
    i.TI2_Config                             0x08002208   Section        0  stm32f10x_tim.o(i.TI2_Config)
    TI2_Config                               0x08002209   Thumb Code   130  stm32f10x_tim.o(i.TI2_Config)
    i.TI3_Config                             0x080022a0   Section        0  stm32f10x_tim.o(i.TI3_Config)
    TI3_Config                               0x080022a1   Thumb Code   122  stm32f10x_tim.o(i.TI3_Config)
    i.TI4_Config                             0x08002330   Section        0  stm32f10x_tim.o(i.TI4_Config)
    TI4_Config                               0x08002331   Thumb Code   130  stm32f10x_tim.o(i.TI4_Config)
    i.TIM2_IRQHandler                        0x080023c8   Section        0  motor.o(i.TIM2_IRQHandler)
    i.TIM4_IRQHandler                        0x080023e0   Section        0  motor.o(i.TIM4_IRQHandler)
    i.TIM_ARRPreloadConfig                   0x080023fc   Section        0  stm32f10x_tim.o(i.TIM_ARRPreloadConfig)
    i.TIM_ClearITPendingBit                  0x08002414   Section        0  stm32f10x_tim.o(i.TIM_ClearITPendingBit)
    i.TIM_Cmd                                0x0800241a   Section        0  stm32f10x_tim.o(i.TIM_Cmd)
    i.TIM_CtrlPWMOutputs                     0x08002432   Section        0  stm32f10x_tim.o(i.TIM_CtrlPWMOutputs)
    i.TIM_EncoderInterfaceConfig             0x08002450   Section        0  stm32f10x_tim.o(i.TIM_EncoderInterfaceConfig)
    i.TIM_GetITStatus                        0x08002492   Section        0  stm32f10x_tim.o(i.TIM_GetITStatus)
    i.TIM_ICInit                             0x080024b4   Section        0  stm32f10x_tim.o(i.TIM_ICInit)
    i.TIM_ICStructInit                       0x08002560   Section        0  stm32f10x_tim.o(i.TIM_ICStructInit)
    i.TIM_ITConfig                           0x08002572   Section        0  stm32f10x_tim.o(i.TIM_ITConfig)
    i.TIM_OC1Init                            0x08002584   Section        0  stm32f10x_tim.o(i.TIM_OC1Init)
    i.TIM_OC1PreloadConfig                   0x0800261c   Section        0  stm32f10x_tim.o(i.TIM_OC1PreloadConfig)
    i.TIM_OC4Init                            0x08002630   Section        0  stm32f10x_tim.o(i.TIM_OC4Init)
    i.TIM_OC4PreloadConfig                   0x080026ac   Section        0  stm32f10x_tim.o(i.TIM_OC4PreloadConfig)
    i.TIM_OCStructInit                       0x080026c6   Section        0  stm32f10x_tim.o(i.TIM_OCStructInit)
    i.TIM_SetCompare1                        0x080026da   Section        0  stm32f10x_tim.o(i.TIM_SetCompare1)
    i.TIM_SetCompare4                        0x080026de   Section        0  stm32f10x_tim.o(i.TIM_SetCompare4)
    i.TIM_SetCounter                         0x080026e4   Section        0  stm32f10x_tim.o(i.TIM_SetCounter)
    i.TIM_SetIC1Prescaler                    0x080026e8   Section        0  stm32f10x_tim.o(i.TIM_SetIC1Prescaler)
    i.TIM_SetIC2Prescaler                    0x080026fa   Section        0  stm32f10x_tim.o(i.TIM_SetIC2Prescaler)
    i.TIM_SetIC3Prescaler                    0x08002714   Section        0  stm32f10x_tim.o(i.TIM_SetIC3Prescaler)
    i.TIM_SetIC4Prescaler                    0x08002726   Section        0  stm32f10x_tim.o(i.TIM_SetIC4Prescaler)
    i.TIM_TimeBaseInit                       0x08002740   Section        0  stm32f10x_tim.o(i.TIM_TimeBaseInit)
    i.Turn_Left                              0x080027e4   Section        0  control.o(i.Turn_Left)
    i.Turn_Right                             0x080027e6   Section        0  control.o(i.Turn_Right)
    i.USART_Cmd                              0x080027e8   Section        0  stm32f10x_usart.o(i.USART_Cmd)
    i.USART_Config                           0x08002800   Section        0  bsp_usart.o(i.USART_Config)
    i.USART_GetFlagStatus                    0x08002880   Section        0  stm32f10x_usart.o(i.USART_GetFlagStatus)
    i.USART_Init                             0x0800289c   Section        0  stm32f10x_usart.o(i.USART_Init)
    i.USART_SendData                         0x08002974   Section        0  stm32f10x_usart.o(i.USART_SendData)
    i.UsageFault_Handler                     0x0800297c   Section        0  stm32f10x_it.o(i.UsageFault_Handler)
    i.__0printf$8                            0x08002980   Section        0  printf8.o(i.__0printf$8)
    i.__ARM_fpclassify                       0x080029a0   Section        0  fpclassify.o(i.__ARM_fpclassify)
    i.__kernel_poly                          0x080029c8   Section        0  poly.o(i.__kernel_poly)
    i.__mathlib_dbl_infnan                   0x08002a72   Section        0  dunder.o(i.__mathlib_dbl_infnan)
    i.__mathlib_dbl_infnan2                  0x08002a78   Section        0  dunder.o(i.__mathlib_dbl_infnan2)
    i.__mathlib_dbl_invalid                  0x08002a7c   Section        0  dunder.o(i.__mathlib_dbl_invalid)
    i.__mathlib_dbl_underflow                0x08002a88   Section        0  dunder.o(i.__mathlib_dbl_underflow)
    i.__scatterload_copy                     0x08002a98   Section       14  handlers.o(i.__scatterload_copy)
    i.__scatterload_null                     0x08002aa6   Section        2  handlers.o(i.__scatterload_null)
    i.__scatterload_zeroinit                 0x08002aa8   Section       14  handlers.o(i.__scatterload_zeroinit)
    i.__set_errno                            0x08002ab8   Section        0  errno.o(i.__set_errno)
    i._printf_core                           0x08002ac4   Section        0  printf8.o(i._printf_core)
    _printf_core                             0x08002ac5   Thumb Code   996  printf8.o(i._printf_core)
    i._printf_post_padding                   0x08002ed4   Section        0  printf8.o(i._printf_post_padding)
    _printf_post_padding                     0x08002ed5   Thumb Code    36  printf8.o(i._printf_post_padding)
    i._printf_pre_padding                    0x08002ef8   Section        0  printf8.o(i._printf_pre_padding)
    _printf_pre_padding                      0x08002ef9   Thumb Code    46  printf8.o(i._printf_pre_padding)
    i.accel_self_test                        0x08002f28   Section        0  inv_mpu.o(i.accel_self_test)
    accel_self_test                          0x08002f29   Thumb Code   164  inv_mpu.o(i.accel_self_test)
    i.asin                                   0x08002fd0   Section        0  asin.o(i.asin)
    i.atan                                   0x08003240   Section        0  atan.o(i.atan)
    i.atan2                                  0x08003460   Section        0  atan2.o(i.atan2)
    i.decode_gesture                         0x080035e0   Section        0  inv_mpu_dmp_motion_driver.o(i.decode_gesture)
    decode_gesture                           0x080035e1   Thumb Code    94  inv_mpu_dmp_motion_driver.o(i.decode_gesture)
    i.delay_init                             0x08003644   Section        0  delay.o(i.delay_init)
    i.delay_ms                               0x08003688   Section        0  delay.o(i.delay_ms)
    i.delay_us                               0x080036d4   Section        0  delay.o(i.delay_us)
    i.dmp_enable_6x_lp_quat                  0x08003720   Section        0  inv_mpu_dmp_motion_driver.o(i.dmp_enable_6x_lp_quat)
    i.dmp_enable_feature                     0x0800375c   Section        0  inv_mpu_dmp_motion_driver.o(i.dmp_enable_feature)
    i.dmp_enable_gyro_cal                    0x08003978   Section        0  inv_mpu_dmp_motion_driver.o(i.dmp_enable_gyro_cal)
    i.dmp_enable_lp_quat                     0x080039d0   Section        0  inv_mpu_dmp_motion_driver.o(i.dmp_enable_lp_quat)
    i.dmp_load_motion_driver_firmware        0x08003a0c   Section        0  inv_mpu_dmp_motion_driver.o(i.dmp_load_motion_driver_firmware)
    i.dmp_read_fifo                          0x08003a24   Section        0  inv_mpu_dmp_motion_driver.o(i.dmp_read_fifo)
    i.dmp_set_accel_bias                     0x08003bf0   Section        0  inv_mpu_dmp_motion_driver.o(i.dmp_set_accel_bias)
    i.dmp_set_fifo_rate                      0x08003d20   Section        0  inv_mpu_dmp_motion_driver.o(i.dmp_set_fifo_rate)
    i.dmp_set_gyro_bias                      0x08003d90   Section        0  inv_mpu_dmp_motion_driver.o(i.dmp_set_gyro_bias)
    i.dmp_set_orientation                    0x08003ec0   Section        0  inv_mpu_dmp_motion_driver.o(i.dmp_set_orientation)
    i.dmp_set_shake_reject_thresh            0x08003ff8   Section        0  inv_mpu_dmp_motion_driver.o(i.dmp_set_shake_reject_thresh)
    i.dmp_set_shake_reject_time              0x08004030   Section        0  inv_mpu_dmp_motion_driver.o(i.dmp_set_shake_reject_time)
    i.dmp_set_shake_reject_timeout           0x08004056   Section        0  inv_mpu_dmp_motion_driver.o(i.dmp_set_shake_reject_timeout)
    i.dmp_set_tap_axes                       0x0800407c   Section        0  inv_mpu_dmp_motion_driver.o(i.dmp_set_tap_axes)
    i.dmp_set_tap_count                      0x080040c2   Section        0  inv_mpu_dmp_motion_driver.o(i.dmp_set_tap_count)
    i.dmp_set_tap_thresh                     0x080040e8   Section        0  inv_mpu_dmp_motion_driver.o(i.dmp_set_tap_thresh)
    i.dmp_set_tap_time                       0x08004288   Section        0  inv_mpu_dmp_motion_driver.o(i.dmp_set_tap_time)
    i.dmp_set_tap_time_multi                 0x080042ae   Section        0  inv_mpu_dmp_motion_driver.o(i.dmp_set_tap_time_multi)
    i.fputc                                  0x080042d4   Section        0  bsp_usart.o(i.fputc)
    i.get_accel_prod_shift                   0x080042f8   Section        0  inv_mpu.o(i.get_accel_prod_shift)
    get_accel_prod_shift                     0x080042f9   Thumb Code   168  inv_mpu.o(i.get_accel_prod_shift)
    i.get_st_biases                          0x080043ac   Section        0  inv_mpu.o(i.get_st_biases)
    get_st_biases                            0x080043ad   Thumb Code  1132  inv_mpu.o(i.get_st_biases)
    i.gyro_self_test                         0x0800481c   Section        0  inv_mpu.o(i.gyro_self_test)
    gyro_self_test                           0x0800481d   Thumb Code   256  inv_mpu.o(i.gyro_self_test)
    i.inv_orientation_matrix_to_scalar       0x0800492c   Section        0  inv_mpu.o(i.inv_orientation_matrix_to_scalar)
    i.inv_row_2_scale                        0x08004954   Section        0  inv_mpu.o(i.inv_row_2_scale)
    i.main                                   0x080049a2   Section        0  main.o(i.main)
    i.mget_ms                                0x080049b6   Section        0  inv_mpu.o(i.mget_ms)
    i.mpu_configure_fifo                     0x080049b8   Section        0  inv_mpu.o(i.mpu_configure_fifo)
    i.mpu_dmp_get_data                       0x08004a28   Section        0  inv_mpu.o(i.mpu_dmp_get_data)
    i.mpu_dmp_init                           0x08004c4c   Section        0  inv_mpu.o(i.mpu_dmp_init)
    i.mpu_get_accel_fsr                      0x08004cec   Section        0  inv_mpu.o(i.mpu_get_accel_fsr)
    i.mpu_get_accel_sens                     0x08004d38   Section        0  inv_mpu.o(i.mpu_get_accel_sens)
    i.mpu_get_fifo_config                    0x08004d8c   Section        0  inv_mpu.o(i.mpu_get_fifo_config)
    i.mpu_get_gyro_fsr                       0x08004d9c   Section        0  inv_mpu.o(i.mpu_get_gyro_fsr)
    i.mpu_get_gyro_sens                      0x08004de0   Section        0  inv_mpu.o(i.mpu_get_gyro_sens)
    i.mpu_get_lpf                            0x08004e30   Section        0  inv_mpu.o(i.mpu_get_lpf)
    i.mpu_get_sample_rate                    0x08004e80   Section        0  inv_mpu.o(i.mpu_get_sample_rate)
    i.mpu_init                               0x08004ea0   Section        0  inv_mpu.o(i.mpu_init)
    i.mpu_load_firmware                      0x08005090   Section        0  inv_mpu.o(i.mpu_load_firmware)
    i.mpu_lp_accel_mode                      0x08005148   Section        0  inv_mpu.o(i.mpu_lp_accel_mode)
    i.mpu_read_fifo_stream                   0x08005228   Section        0  inv_mpu.o(i.mpu_read_fifo_stream)
    i.mpu_read_mem                           0x080052e8   Section        0  inv_mpu.o(i.mpu_read_mem)
    i.mpu_reset_fifo                         0x08005368   Section        0  inv_mpu.o(i.mpu_reset_fifo)
    i.mpu_run_self_test                      0x08005530   Section        0  inv_mpu.o(i.mpu_run_self_test)
    i.mpu_set_accel_fsr                      0x0800564c   Section        0  inv_mpu.o(i.mpu_set_accel_fsr)
    i.mpu_set_bypass                         0x080056d0   Section        0  inv_mpu.o(i.mpu_set_bypass)
    i.mpu_set_dmp_state                      0x0800581c   Section        0  inv_mpu.o(i.mpu_set_dmp_state)
    i.mpu_set_gyro_fsr                       0x080058ac   Section        0  inv_mpu.o(i.mpu_set_gyro_fsr)
    i.mpu_set_int_latched                    0x08005934   Section        0  inv_mpu.o(i.mpu_set_int_latched)
    i.mpu_set_lpf                            0x080059a0   Section        0  inv_mpu.o(i.mpu_set_lpf)
    i.mpu_set_sample_rate                    0x08005a24   Section        0  inv_mpu.o(i.mpu_set_sample_rate)
    i.mpu_set_sensors                        0x08005ac0   Section        0  inv_mpu.o(i.mpu_set_sensors)
    i.mpu_write_mem                          0x08005b90   Section        0  inv_mpu.o(i.mpu_write_mem)
    i.run_self_test                          0x08005c10   Section        0  inv_mpu.o(i.run_self_test)
    i.set_int_enable                         0x08005ca4   Section        0  inv_mpu.o(i.set_int_enable)
    set_int_enable                           0x08005ca5   Thumb Code   138  inv_mpu.o(i.set_int_enable)
    i.sqrt                                   0x08005d34   Section        0  sqrt.o(i.sqrt)
    .constdata                               0x08005d80   Section       80  inv_mpu.o(.constdata)
    .constdata                               0x08005dd0   Section     3062  inv_mpu_dmp_motion_driver.o(.constdata)
    dmp_memory                               0x08005dd0   Data        3062  inv_mpu_dmp_motion_driver.o(.constdata)
    .constdata                               0x080069c6   Section     1520  oled.o(.constdata)
    .constdata                               0x08006fb8   Section       80  asin.o(.constdata)
    pS                                       0x08006fb8   Data          48  asin.o(.constdata)
    qS                                       0x08006fe8   Data          32  asin.o(.constdata)
    .constdata                               0x08007008   Section      152  atan.o(.constdata)
    atanhi                                   0x08007008   Data          32  atan.o(.constdata)
    atanlo                                   0x08007028   Data          32  atan.o(.constdata)
    aTodd                                    0x08007048   Data          40  atan.o(.constdata)
    aTeven                                   0x08007070   Data          48  atan.o(.constdata)
    .constdata                               0x080070a0   Section        8  qnan.o(.constdata)
    .conststring                             0x080070a8   Section       77  inv_mpu.o(.conststring)
    .data                                    0x20000000   Section       20  system_stm32f10x.o(.data)
    .data                                    0x20000014   Section       20  stm32f10x_rcc.o(.data)
    APBAHBPrescTable                         0x20000014   Data          16  stm32f10x_rcc.o(.data)
    ADCPrescTable                            0x20000024   Data           4  stm32f10x_rcc.o(.data)
    .data                                    0x20000028   Section       53  inv_mpu.o(.data)
    st                                       0x20000028   Data          44  inv_mpu.o(.data)
    gyro_orientation                         0x20000054   Data           9  inv_mpu.o(.data)
    .data                                    0x2000005e   Section        4  delay.o(.data)
    fac_us                                   0x2000005e   Data           1  delay.o(.data)
    fac_ms                                   0x20000060   Data           2  delay.o(.data)
    .data                                    0x20000062   Section        2  mpu6050.o(.data)
    .data                                    0x20000064   Section       10  nrf24l01.o(.data)
    .data                                    0x20000070   Section       29  main.o(.data)
    .data                                    0x20000090   Section        4  stdout.o(.data)
    .data                                    0x20000094   Section        4  errno.o(.data)
    _errno                                   0x20000094   Data           4  errno.o(.data)
    .bss                                     0x20000098   Section       16  inv_mpu_dmp_motion_driver.o(.bss)
    dmp                                      0x20000098   Data          16  inv_mpu_dmp_motion_driver.o(.bss)
    .bss                                     0x200000a8   Section       32  main.o(.bss)
    STACK                                    0x200000c8   Section     1024  startup_stm32f10x_md.o(STACK)

    Global Symbols

    Symbol Name                              Value     Ov Type        Size  Object(Section)

    BuildAttributes$$THM_ISAv4$P$D$K$B$S$PE$A:L22UL41UL21$X:L11$S22US41US21$IEEE1$IW$USESV6$~STKCKD$USESV7$~SHL$OTIME$ROPI$IEEEX$EBA8$MICROLIB$REQ8$PRES8$EABIv2 0x00000000   Number         0  anon$$obj.o ABSOLUTE
    __ARM_use_no_argv                        0x00000000   Number         0  main.o ABSOLUTE
    _printf_a                                0x00000000   Number         0  stubs.o ABSOLUTE
    _printf_c                                0x00000000   Number         0  stubs.o ABSOLUTE
    _printf_charcount                        0x00000000   Number         0  stubs.o ABSOLUTE
    _printf_d                                0x00000000   Number         0  stubs.o ABSOLUTE
    _printf_e                                0x00000000   Number         0  stubs.o ABSOLUTE
    _printf_f                                0x00000000   Number         0  stubs.o ABSOLUTE
    _printf_flags                            0x00000000   Number         0  stubs.o ABSOLUTE
    _printf_fp_dec                           0x00000000   Number         0  stubs.o ABSOLUTE
    _printf_fp_hex                           0x00000000   Number         0  stubs.o ABSOLUTE
    _printf_g                                0x00000000   Number         0  stubs.o ABSOLUTE
    _printf_i                                0x00000000   Number         0  stubs.o ABSOLUTE
    _printf_int_dec                          0x00000000   Number         0  stubs.o ABSOLUTE
    _printf_l                                0x00000000   Number         0  stubs.o ABSOLUTE
    _printf_lc                               0x00000000   Number         0  stubs.o ABSOLUTE
    _printf_ll                               0x00000000   Number         0  stubs.o ABSOLUTE
    _printf_lld                              0x00000000   Number         0  stubs.o ABSOLUTE
    _printf_lli                              0x00000000   Number         0  stubs.o ABSOLUTE
    _printf_llo                              0x00000000   Number         0  stubs.o ABSOLUTE
    _printf_llu                              0x00000000   Number         0  stubs.o ABSOLUTE
    _printf_llx                              0x00000000   Number         0  stubs.o ABSOLUTE
    _printf_longlong_dec                     0x00000000   Number         0  stubs.o ABSOLUTE
    _printf_longlong_hex                     0x00000000   Number         0  stubs.o ABSOLUTE
    _printf_longlong_oct                     0x00000000   Number         0  stubs.o ABSOLUTE
    _printf_ls                               0x00000000   Number         0  stubs.o ABSOLUTE
    _printf_mbtowc                           0x00000000   Number         0  stubs.o ABSOLUTE
    _printf_n                                0x00000000   Number         0  stubs.o ABSOLUTE
    _printf_o                                0x00000000   Number         0  stubs.o ABSOLUTE
    _printf_p                                0x00000000   Number         0  stubs.o ABSOLUTE
    _printf_percent                          0x00000000   Number         0  stubs.o ABSOLUTE
    _printf_pre_padding                      0x00000000   Number         0  stubs.o ABSOLUTE
    _printf_return_value                     0x00000000   Number         0  stubs.o ABSOLUTE
    _printf_s                                0x00000000   Number         0  stubs.o ABSOLUTE
    _printf_sizespec                         0x00000000   Number         0  stubs.o ABSOLUTE
    _printf_str                              0x00000000   Number         0  stubs.o ABSOLUTE
    _printf_truncate_signed                  0x00000000   Number         0  stubs.o ABSOLUTE
    _printf_truncate_unsigned                0x00000000   Number         0  stubs.o ABSOLUTE
    _printf_u                                0x00000000   Number         0  stubs.o ABSOLUTE
    _printf_wc                               0x00000000   Number         0  stubs.o ABSOLUTE
    _printf_wctomb                           0x00000000   Number         0  stubs.o ABSOLUTE
    _printf_widthprec                        0x00000000   Number         0  stubs.o ABSOLUTE
    _printf_x                                0x00000000   Number         0  stubs.o ABSOLUTE
    __cpp_initialize__aeabi_                  - Undefined Weak Reference
    __cxa_finalize                            - Undefined Weak Reference
    __decompress                              - Undefined Weak Reference
    _clock_init                               - Undefined Weak Reference
    _microlib_exit                            - Undefined Weak Reference
    __Vectors_Size                           0x000000ec   Number         0  startup_stm32f10x_md.o ABSOLUTE
    __Vectors                                0x08000000   Data           4  startup_stm32f10x_md.o(RESET)
    __Vectors_End                            0x080000ec   Data           0  startup_stm32f10x_md.o(RESET)
    __main                                   0x080000ed   Thumb Code     0  entry.o(.ARM.Collect$$$$00000000)
    _main_stk                                0x080000ed   Thumb Code     0  entry2.o(.ARM.Collect$$$$00000001)
    _main_scatterload                        0x080000f1   Thumb Code     0  entry5.o(.ARM.Collect$$$$00000004)
    __main_after_scatterload                 0x080000f5   Thumb Code     0  entry5.o(.ARM.Collect$$$$00000004)
    _main_clock                              0x080000f5   Thumb Code     0  entry7b.o(.ARM.Collect$$$$00000008)
    _main_cpp_init                           0x080000f5   Thumb Code     0  entry8b.o(.ARM.Collect$$$$0000000A)
    _main_init                               0x080000f5   Thumb Code     0  entry9a.o(.ARM.Collect$$$$0000000B)
    __rt_final_cpp                           0x080000fd   Thumb Code     0  entry10a.o(.ARM.Collect$$$$0000000D)
    __rt_final_exit                          0x080000fd   Thumb Code     0  entry11a.o(.ARM.Collect$$$$0000000F)
    Reset_Handler                            0x08000101   Thumb Code     8  startup_stm32f10x_md.o(.text)
    ADC1_2_IRQHandler                        0x0800011b   Thumb Code     0  startup_stm32f10x_md.o(.text)
    CAN1_RX1_IRQHandler                      0x0800011b   Thumb Code     0  startup_stm32f10x_md.o(.text)
    CAN1_SCE_IRQHandler                      0x0800011b   Thumb Code     0  startup_stm32f10x_md.o(.text)
    DMA1_Channel1_IRQHandler                 0x0800011b   Thumb Code     0  startup_stm32f10x_md.o(.text)
    DMA1_Channel2_IRQHandler                 0x0800011b   Thumb Code     0  startup_stm32f10x_md.o(.text)
    DMA1_Channel3_IRQHandler                 0x0800011b   Thumb Code     0  startup_stm32f10x_md.o(.text)
    DMA1_Channel4_IRQHandler                 0x0800011b   Thumb Code     0  startup_stm32f10x_md.o(.text)
    DMA1_Channel5_IRQHandler                 0x0800011b   Thumb Code     0  startup_stm32f10x_md.o(.text)
    DMA1_Channel6_IRQHandler                 0x0800011b   Thumb Code     0  startup_stm32f10x_md.o(.text)
    DMA1_Channel7_IRQHandler                 0x0800011b   Thumb Code     0  startup_stm32f10x_md.o(.text)
    EXTI0_IRQHandler                         0x0800011b   Thumb Code     0  startup_stm32f10x_md.o(.text)
    EXTI15_10_IRQHandler                     0x0800011b   Thumb Code     0  startup_stm32f10x_md.o(.text)
    EXTI1_IRQHandler                         0x0800011b   Thumb Code     0  startup_stm32f10x_md.o(.text)
    EXTI2_IRQHandler                         0x0800011b   Thumb Code     0  startup_stm32f10x_md.o(.text)
    EXTI3_IRQHandler                         0x0800011b   Thumb Code     0  startup_stm32f10x_md.o(.text)
    EXTI4_IRQHandler                         0x0800011b   Thumb Code     0  startup_stm32f10x_md.o(.text)
    EXTI9_5_IRQHandler                       0x0800011b   Thumb Code     0  startup_stm32f10x_md.o(.text)
    FLASH_IRQHandler                         0x0800011b   Thumb Code     0  startup_stm32f10x_md.o(.text)
    I2C1_ER_IRQHandler                       0x0800011b   Thumb Code     0  startup_stm32f10x_md.o(.text)
    I2C1_EV_IRQHandler                       0x0800011b   Thumb Code     0  startup_stm32f10x_md.o(.text)
    I2C2_ER_IRQHandler                       0x0800011b   Thumb Code     0  startup_stm32f10x_md.o(.text)
    I2C2_EV_IRQHandler                       0x0800011b   Thumb Code     0  startup_stm32f10x_md.o(.text)
    PVD_IRQHandler                           0x0800011b   Thumb Code     0  startup_stm32f10x_md.o(.text)
    RCC_IRQHandler                           0x0800011b   Thumb Code     0  startup_stm32f10x_md.o(.text)
    RTCAlarm_IRQHandler                      0x0800011b   Thumb Code     0  startup_stm32f10x_md.o(.text)
    RTC_IRQHandler                           0x0800011b   Thumb Code     0  startup_stm32f10x_md.o(.text)
    SPI1_IRQHandler                          0x0800011b   Thumb Code     0  startup_stm32f10x_md.o(.text)
    SPI2_IRQHandler                          0x0800011b   Thumb Code     0  startup_stm32f10x_md.o(.text)
    TAMPER_IRQHandler                        0x0800011b   Thumb Code     0  startup_stm32f10x_md.o(.text)
    TIM1_BRK_IRQHandler                      0x0800011b   Thumb Code     0  startup_stm32f10x_md.o(.text)
    TIM1_CC_IRQHandler                       0x0800011b   Thumb Code     0  startup_stm32f10x_md.o(.text)
    TIM1_TRG_COM_IRQHandler                  0x0800011b   Thumb Code     0  startup_stm32f10x_md.o(.text)
    TIM1_UP_IRQHandler                       0x0800011b   Thumb Code     0  startup_stm32f10x_md.o(.text)
    TIM3_IRQHandler                          0x0800011b   Thumb Code     0  startup_stm32f10x_md.o(.text)
    USART1_IRQHandler                        0x0800011b   Thumb Code     0  startup_stm32f10x_md.o(.text)
    USART2_IRQHandler                        0x0800011b   Thumb Code     0  startup_stm32f10x_md.o(.text)
    USART3_IRQHandler                        0x0800011b   Thumb Code     0  startup_stm32f10x_md.o(.text)
    USBWakeUp_IRQHandler                     0x0800011b   Thumb Code     0  startup_stm32f10x_md.o(.text)
    USB_HP_CAN1_TX_IRQHandler                0x0800011b   Thumb Code     0  startup_stm32f10x_md.o(.text)
    USB_LP_CAN1_RX0_IRQHandler               0x0800011b   Thumb Code     0  startup_stm32f10x_md.o(.text)
    WWDG_IRQHandler                          0x0800011b   Thumb Code     0  startup_stm32f10x_md.o(.text)
    __aeabi_ldivmod                          0x08000125   Thumb Code    98  ldiv.o(.text)
    __aeabi_memset                           0x08000187   Thumb Code    14  memseta.o(.text)
    __aeabi_memset4                          0x08000187   Thumb Code     0  memseta.o(.text)
    __aeabi_memset8                          0x08000187   Thumb Code     0  memseta.o(.text)
    __aeabi_memclr                           0x08000195   Thumb Code     4  memseta.o(.text)
    __aeabi_memclr4                          0x08000195   Thumb Code     0  memseta.o(.text)
    __aeabi_memclr8                          0x08000195   Thumb Code     0  memseta.o(.text)
    _memset$wrapper                          0x08000199   Thumb Code    18  memseta.o(.text)
    memcmp                                   0x080001ab   Thumb Code    26  memcmp.o(.text)
    __aeabi_fadd                             0x080001c5   Thumb Code   164  fadd.o(.text)
    __aeabi_fsub                             0x08000269   Thumb Code     6  fadd.o(.text)
    __aeabi_frsub                            0x0800026f   Thumb Code     6  fadd.o(.text)
    __aeabi_fmul                             0x08000275   Thumb Code   100  fmul.o(.text)
    __aeabi_fdiv                             0x080002d9   Thumb Code   124  fdiv.o(.text)
    __aeabi_dadd                             0x08000355   Thumb Code   322  dadd.o(.text)
    __aeabi_dsub                             0x08000497   Thumb Code     6  dadd.o(.text)
    __aeabi_drsub                            0x0800049d   Thumb Code     6  dadd.o(.text)
    __aeabi_dmul                             0x080004a3   Thumb Code   228  dmul.o(.text)
    __aeabi_ddiv                             0x08000587   Thumb Code   222  ddiv.o(.text)
    __aeabi_i2f                              0x08000665   Thumb Code    18  fflti.o(.text)
    __aeabi_ui2f                             0x08000677   Thumb Code    10  ffltui.o(.text)
    __aeabi_i2d                              0x08000681   Thumb Code    34  dflti.o(.text)
    __aeabi_f2iz                             0x080006a3   Thumb Code    50  ffixi.o(.text)
    __aeabi_f2uiz                            0x080006d5   Thumb Code    40  ffixui.o(.text)
    __aeabi_f2d                              0x080006fd   Thumb Code    38  f2d.o(.text)
    __aeabi_d2f                              0x08000723   Thumb Code    56  d2f.o(.text)
    __aeabi_cfcmpeq                          0x0800075d   Thumb Code     0  cfcmple.o(.text)
    __aeabi_cfcmple                          0x0800075d   Thumb Code    20  cfcmple.o(.text)
    __aeabi_cfrcmple                         0x08000771   Thumb Code    20  cfrcmple.o(.text)
    __aeabi_uldivmod                         0x08000785   Thumb Code    98  uldiv.o(.text)
    __aeabi_llsl                             0x080007e7   Thumb Code    30  llshl.o(.text)
    _ll_shift_l                              0x080007e7   Thumb Code     0  llshl.o(.text)
    __aeabi_lasr                             0x08000805   Thumb Code    36  llsshr.o(.text)
    _ll_sshift_r                             0x08000805   Thumb Code     0  llsshr.o(.text)
    __I$use$fp                               0x08000829   Thumb Code     0  iusefp.o(.text)
    _float_round                             0x08000829   Thumb Code    18  fepilogue.o(.text)
    _float_epilogue                          0x0800083b   Thumb Code    92  fepilogue.o(.text)
    _double_round                            0x08000897   Thumb Code    30  depilogue.o(.text)
    _double_epilogue                         0x080008b5   Thumb Code   156  depilogue.o(.text)
    __ARM_scalbn                             0x08000951   Thumb Code    46  dscalb.o(.text)
    scalbn                                   0x08000951   Thumb Code     0  dscalb.o(.text)
    __scatterload                            0x08000981   Thumb Code    28  init.o(.text)
    __scatterload_rt2                        0x08000981   Thumb Code     0  init.o(.text)
    __aeabi_llsr                             0x080009a5   Thumb Code    32  llushr.o(.text)
    _ll_ushift_r                             0x080009a5   Thumb Code     0  llushr.o(.text)
    _dsqrt                                   0x080009c5   Thumb Code   162  dsqrt.o(.text)
    BusFault_Handler                         0x08000a67   Thumb Code     4  stm32f10x_it.o(i.BusFault_Handler)
    Check                                    0x08000a6d   Thumb Code    34  main.o(i.Check)
    DATA_Report                              0x08000ac5   Thumb Code   332  mpu6050.o(i.DATA_Report)
    DebugMon_Handler                         0x08000c4d   Thumb Code     2  stm32f10x_it.o(i.DebugMon_Handler)
    Encoder_Init                             0x08000c51   Thumb Code   234  motor.o(i.Encoder_Init)
    GPIO_Init                                0x08000d49   Thumb Code   278  stm32f10x_gpio.o(i.GPIO_Init)
    GPIO_ReadInputDataBit                    0x08000e5f   Thumb Code    18  stm32f10x_gpio.o(i.GPIO_ReadInputDataBit)
    GPIO_ResetBits                           0x08000e71   Thumb Code     4  stm32f10x_gpio.o(i.GPIO_ResetBits)
    GPIO_SetBits                             0x08000e75   Thumb Code     4  stm32f10x_gpio.o(i.GPIO_SetBits)
    GPIO_WriteBit                            0x08000e79   Thumb Code    10  stm32f10x_gpio.o(i.GPIO_WriteBit)
    Go_Ahead                                 0x08000e85   Thumb Code    36  control.o(i.Go_Ahead)
    Go_Back                                  0x08000ead   Thumb Code    36  control.o(i.Go_Back)
    HardFault_Handler                        0x08000ed5   Thumb Code     4  stm32f10x_it.o(i.HardFault_Handler)
    MPU_Get_Accelerometer                    0x08000ed9   Thumb Code    80  mpu6050.o(i.MPU_Get_Accelerometer)
    MPU_Get_Gyroscope                        0x08000f29   Thumb Code    80  mpu6050.o(i.MPU_Get_Gyroscope)
    MPU_Get_Temperature                      0x08000f79   Thumb Code    86  mpu6050.o(i.MPU_Get_Temperature)
    MPU_IIC_Ack                              0x08000fe1   Thumb Code    62  mpuiic.o(i.MPU_IIC_Ack)
    MPU_IIC_Delay                            0x0800102d   Thumb Code    10  mpuiic.o(i.MPU_IIC_Delay)
    MPU_IIC_Init                             0x08001039   Thumb Code    46  mpuiic.o(i.MPU_IIC_Init)
    MPU_IIC_NAck                             0x0800106d   Thumb Code    62  mpuiic.o(i.MPU_IIC_NAck)
    MPU_IIC_Read_Byte                        0x080010b9   Thumb Code    94  mpuiic.o(i.MPU_IIC_Read_Byte)
    MPU_IIC_Send_Byte                        0x08001125   Thumb Code    80  mpuiic.o(i.MPU_IIC_Send_Byte)
    MPU_IIC_Start                            0x08001181   Thumb Code    60  mpuiic.o(i.MPU_IIC_Start)
    MPU_IIC_Stop                             0x080011c9   Thumb Code    58  mpuiic.o(i.MPU_IIC_Stop)
    MPU_IIC_Wait_Ack                         0x08001211   Thumb Code    86  mpuiic.o(i.MPU_IIC_Wait_Ack)
    MPU_Init                                 0x08001275   Thumb Code   130  mpu6050.o(i.MPU_Init)
    MPU_Read                                 0x080012fd   Thumb Code    78  mpu6050.o(i.MPU_Read)
    MPU_Read_Byte                            0x08001379   Thumb Code    58  mpu6050.o(i.MPU_Read_Byte)
    MPU_Read_Len                             0x080013b3   Thumb Code   116  mpu6050.o(i.MPU_Read_Len)
    MPU_Set_Accel_Fsr                        0x08001427   Thumb Code    16  mpu6050.o(i.MPU_Set_Accel_Fsr)
    MPU_Set_Gyro_Fsr                         0x08001437   Thumb Code    16  mpu6050.o(i.MPU_Set_Gyro_Fsr)
    MPU_Set_LPF                              0x08001447   Thumb Code    58  mpu6050.o(i.MPU_Set_LPF)
    MPU_Set_Rate                             0x08001481   Thumb Code    58  mpu6050.o(i.MPU_Set_Rate)
    MPU_Write_Byte                           0x080014bb   Thumb Code    68  mpu6050.o(i.MPU_Write_Byte)
    MPU_Write_Len                            0x080014ff   Thumb Code    96  mpu6050.o(i.MPU_Write_Len)
    MemManage_Handler                        0x0800155f   Thumb Code     4  stm32f10x_it.o(i.MemManage_Handler)
    Mode_Select                              0x08001565   Thumb Code    80  main.o(i.Mode_Select)
    Motor1_SetDirct                          0x080015d5   Thumb Code    32  motor.o(i.Motor1_SetDirct)
    Motor2_SetDirct                          0x080015f9   Thumb Code    32  motor.o(i.Motor2_SetDirct)
    Motor_Init                               0x0800161d   Thumb Code    44  motor.o(i.Motor_Init)
    NMI_Handler                              0x0800164d   Thumb Code     2  stm32f10x_it.o(i.NMI_Handler)
    NRF_Check                                0x08001651   Thumb Code    68  nrf24l01.o(i.NRF_Check)
    NRF_RX_Mode                              0x0800169d   Thumb Code    82  nrf24l01.o(i.NRF_RX_Mode)
    NRF_Rx_Dat                               0x080016f9   Thumb Code    90  nrf24l01.o(i.NRF_Rx_Dat)
    NVIC_PriorityGroupConfig                 0x08001759   Thumb Code    10  misc.o(i.NVIC_PriorityGroupConfig)
    OLED_Clear                               0x0800176d   Thumb Code    42  oled.o(i.OLED_Clear)
    OLED_I2C_Init                            0x08001799   Thumb Code    76  oled.o(i.OLED_I2C_Init)
    OLED_I2C_SendByte                        0x080017e9   Thumb Code    80  oled.o(i.OLED_I2C_SendByte)
    OLED_I2C_Start                           0x0800183d   Thumb Code    48  oled.o(i.OLED_I2C_Start)
    OLED_I2C_Stop                            0x08001871   Thumb Code    36  oled.o(i.OLED_I2C_Stop)
    OLED_Init                                0x08001899   Thumb Code   174  oled.o(i.OLED_Init)
    OLED_Pow                                 0x08001947   Thumb Code    20  oled.o(i.OLED_Pow)
    OLED_SetCursor                           0x0800195b   Thumb Code    34  oled.o(i.OLED_SetCursor)
    OLED_ShowChar                            0x0800197d   Thumb Code   110  oled.o(i.OLED_ShowChar)
    OLED_ShowNum                             0x080019f1   Thumb Code    68  oled.o(i.OLED_ShowNum)
    OLED_ShowString                          0x08001a35   Thumb Code    40  oled.o(i.OLED_ShowString)
    OLED_WriteCommand                        0x08001a5d   Thumb Code    32  oled.o(i.OLED_WriteCommand)
    OLED_WriteData                           0x08001a7d   Thumb Code    32  oled.o(i.OLED_WriteData)
    PWM_Init                                 0x08001a9d   Thumb Code   170  pwm.o(i.PWM_Init)
    PendSV_Handler                           0x08001b51   Thumb Code     2  stm32f10x_it.o(i.PendSV_Handler)
    RCC_APB1PeriphClockCmd                   0x08001b55   Thumb Code    26  stm32f10x_rcc.o(i.RCC_APB1PeriphClockCmd)
    RCC_APB2PeriphClockCmd                   0x08001b75   Thumb Code    26  stm32f10x_rcc.o(i.RCC_APB2PeriphClockCmd)
    RCC_GetClocksFreq                        0x08001b95   Thumb Code   192  stm32f10x_rcc.o(i.RCC_GetClocksFreq)
    Receive_Data                             0x08001c69   Thumb Code    64  main.o(i.Receive_Data)
    SPI_Cmd                                  0x08001cc5   Thumb Code    24  stm32f10x_spi.o(i.SPI_Cmd)
    SPI_I2S_GetFlagStatus                    0x08001cdd   Thumb Code    18  stm32f10x_spi.o(i.SPI_I2S_GetFlagStatus)
    SPI_I2S_ReceiveData                      0x08001cef   Thumb Code     6  stm32f10x_spi.o(i.SPI_I2S_ReceiveData)
    SPI_I2S_SendData                         0x08001cf5   Thumb Code     4  stm32f10x_spi.o(i.SPI_I2S_SendData)
    SPI_Init                                 0x08001cf9   Thumb Code    60  stm32f10x_spi.o(i.SPI_Init)
    SPI_NRF_Init                             0x08001d35   Thumb Code   212  nrf24l01.o(i.SPI_NRF_Init)
    SPI_NRF_RW                               0x08001e15   Thumb Code    50  nrf24l01.o(i.SPI_NRF_RW)
    SPI_NRF_ReadBuf                          0x08001e4d   Thumb Code    74  nrf24l01.o(i.SPI_NRF_ReadBuf)
    SPI_NRF_ReadReg                          0x08001e9d   Thumb Code    52  nrf24l01.o(i.SPI_NRF_ReadReg)
    SPI_NRF_WriteBuf                         0x08001ed5   Thumb Code    74  nrf24l01.o(i.SPI_NRF_WriteBuf)
    SPI_NRF_WriteReg                         0x08001f25   Thumb Code    54  nrf24l01.o(i.SPI_NRF_WriteReg)
    SVC_Handler                              0x08001f61   Thumb Code     2  stm32f10x_it.o(i.SVC_Handler)
    SYS_Init                                 0x08001f65   Thumb Code   124  main.o(i.SYS_Init)
    Stop                                     0x080020e5   Thumb Code    20  control.o(i.Stop)
    SysTick_CLKSourceConfig                  0x080020fd   Thumb Code    40  misc.o(i.SysTick_CLKSourceConfig)
    SysTick_Handler                          0x08002125   Thumb Code     2  stm32f10x_it.o(i.SysTick_Handler)
    SystemInit                               0x08002129   Thumb Code    78  system_stm32f10x.o(i.SystemInit)
    TIM2_IRQHandler                          0x080023c9   Thumb Code    22  motor.o(i.TIM2_IRQHandler)
    TIM4_IRQHandler                          0x080023e1   Thumb Code    22  motor.o(i.TIM4_IRQHandler)
    TIM_ARRPreloadConfig                     0x080023fd   Thumb Code    24  stm32f10x_tim.o(i.TIM_ARRPreloadConfig)
    TIM_ClearITPendingBit                    0x08002415   Thumb Code     6  stm32f10x_tim.o(i.TIM_ClearITPendingBit)
    TIM_Cmd                                  0x0800241b   Thumb Code    24  stm32f10x_tim.o(i.TIM_Cmd)
    TIM_CtrlPWMOutputs                       0x08002433   Thumb Code    30  stm32f10x_tim.o(i.TIM_CtrlPWMOutputs)
    TIM_EncoderInterfaceConfig               0x08002451   Thumb Code    66  stm32f10x_tim.o(i.TIM_EncoderInterfaceConfig)
    TIM_GetITStatus                          0x08002493   Thumb Code    34  stm32f10x_tim.o(i.TIM_GetITStatus)
    TIM_ICInit                               0x080024b5   Thumb Code   150  stm32f10x_tim.o(i.TIM_ICInit)
    TIM_ICStructInit                         0x08002561   Thumb Code    18  stm32f10x_tim.o(i.TIM_ICStructInit)
    TIM_ITConfig                             0x08002573   Thumb Code    18  stm32f10x_tim.o(i.TIM_ITConfig)
    TIM_OC1Init                              0x08002585   Thumb Code   132  stm32f10x_tim.o(i.TIM_OC1Init)
    TIM_OC1PreloadConfig                     0x0800261d   Thumb Code    18  stm32f10x_tim.o(i.TIM_OC1PreloadConfig)
    TIM_OC4Init                              0x08002631   Thumb Code   114  stm32f10x_tim.o(i.TIM_OC4Init)
    TIM_OC4PreloadConfig                     0x080026ad   Thumb Code    26  stm32f10x_tim.o(i.TIM_OC4PreloadConfig)
    TIM_OCStructInit                         0x080026c7   Thumb Code    20  stm32f10x_tim.o(i.TIM_OCStructInit)
    TIM_SetCompare1                          0x080026db   Thumb Code     4  stm32f10x_tim.o(i.TIM_SetCompare1)
    TIM_SetCompare4                          0x080026df   Thumb Code     6  stm32f10x_tim.o(i.TIM_SetCompare4)
    TIM_SetCounter                           0x080026e5   Thumb Code     4  stm32f10x_tim.o(i.TIM_SetCounter)
    TIM_SetIC1Prescaler                      0x080026e9   Thumb Code    18  stm32f10x_tim.o(i.TIM_SetIC1Prescaler)
    TIM_SetIC2Prescaler                      0x080026fb   Thumb Code    26  stm32f10x_tim.o(i.TIM_SetIC2Prescaler)
    TIM_SetIC3Prescaler                      0x08002715   Thumb Code    18  stm32f10x_tim.o(i.TIM_SetIC3Prescaler)
    TIM_SetIC4Prescaler                      0x08002727   Thumb Code    26  stm32f10x_tim.o(i.TIM_SetIC4Prescaler)
    TIM_TimeBaseInit                         0x08002741   Thumb Code   122  stm32f10x_tim.o(i.TIM_TimeBaseInit)
    Turn_Left                                0x080027e5   Thumb Code     2  control.o(i.Turn_Left)
    Turn_Right                               0x080027e7   Thumb Code     2  control.o(i.Turn_Right)
    USART_Cmd                                0x080027e9   Thumb Code    24  stm32f10x_usart.o(i.USART_Cmd)
    USART_Config                             0x08002801   Thumb Code   120  bsp_usart.o(i.USART_Config)
    USART_GetFlagStatus                      0x08002881   Thumb Code    26  stm32f10x_usart.o(i.USART_GetFlagStatus)
    USART_Init                               0x0800289d   Thumb Code   210  stm32f10x_usart.o(i.USART_Init)
    USART_SendData                           0x08002975   Thumb Code     8  stm32f10x_usart.o(i.USART_SendData)
    UsageFault_Handler                       0x0800297d   Thumb Code     4  stm32f10x_it.o(i.UsageFault_Handler)
    __0printf$8                              0x08002981   Thumb Code    22  printf8.o(i.__0printf$8)
    __1printf$8                              0x08002981   Thumb Code     0  printf8.o(i.__0printf$8)
    __2printf                                0x08002981   Thumb Code     0  printf8.o(i.__0printf$8)
    __ARM_fpclassify                         0x080029a1   Thumb Code    40  fpclassify.o(i.__ARM_fpclassify)
    __kernel_poly                            0x080029c9   Thumb Code   170  poly.o(i.__kernel_poly)
    __mathlib_dbl_infnan                     0x08002a73   Thumb Code     6  dunder.o(i.__mathlib_dbl_infnan)
    __mathlib_dbl_infnan2                    0x08002a79   Thumb Code     4  dunder.o(i.__mathlib_dbl_infnan2)
    __mathlib_dbl_invalid                    0x08002a7d   Thumb Code    12  dunder.o(i.__mathlib_dbl_invalid)
    __mathlib_dbl_underflow                  0x08002a89   Thumb Code    10  dunder.o(i.__mathlib_dbl_underflow)
    __scatterload_copy                       0x08002a99   Thumb Code    14  handlers.o(i.__scatterload_copy)
    __scatterload_null                       0x08002aa7   Thumb Code     2  handlers.o(i.__scatterload_null)
    __scatterload_zeroinit                   0x08002aa9   Thumb Code    14  handlers.o(i.__scatterload_zeroinit)
    __set_errno                              0x08002ab9   Thumb Code     6  errno.o(i.__set_errno)
    asin                                     0x08002fd1   Thumb Code   572  asin.o(i.asin)
    atan                                     0x08003241   Thumb Code   474  atan.o(i.atan)
    atan2                                    0x08003461   Thumb Code   346  atan2.o(i.atan2)
    delay_init                               0x08003645   Thumb Code    50  delay.o(i.delay_init)
    delay_ms                                 0x08003689   Thumb Code    72  delay.o(i.delay_ms)
    delay_us                                 0x080036d5   Thumb Code    72  delay.o(i.delay_us)
    dmp_enable_6x_lp_quat                    0x08003721   Thumb Code    60  inv_mpu_dmp_motion_driver.o(i.dmp_enable_6x_lp_quat)
    dmp_enable_feature                       0x0800375d   Thumb Code   530  inv_mpu_dmp_motion_driver.o(i.dmp_enable_feature)
    dmp_enable_gyro_cal                      0x08003979   Thumb Code    62  inv_mpu_dmp_motion_driver.o(i.dmp_enable_gyro_cal)
    dmp_enable_lp_quat                       0x080039d1   Thumb Code    60  inv_mpu_dmp_motion_driver.o(i.dmp_enable_lp_quat)
    dmp_load_motion_driver_firmware          0x08003a0d   Thumb Code    20  inv_mpu_dmp_motion_driver.o(i.dmp_load_motion_driver_firmware)
    dmp_read_fifo                            0x08003a25   Thumb Code   456  inv_mpu_dmp_motion_driver.o(i.dmp_read_fifo)
    dmp_set_accel_bias                       0x08003bf1   Thumb Code   300  inv_mpu_dmp_motion_driver.o(i.dmp_set_accel_bias)
    dmp_set_fifo_rate                        0x08003d21   Thumb Code    96  inv_mpu_dmp_motion_driver.o(i.dmp_set_fifo_rate)
    dmp_set_gyro_bias                        0x08003d91   Thumb Code   294  inv_mpu_dmp_motion_driver.o(i.dmp_set_gyro_bias)
    dmp_set_orientation                      0x08003ec1   Thumb Code   290  inv_mpu_dmp_motion_driver.o(i.dmp_set_orientation)
    dmp_set_shake_reject_thresh              0x08003ff9   Thumb Code    56  inv_mpu_dmp_motion_driver.o(i.dmp_set_shake_reject_thresh)
    dmp_set_shake_reject_time                0x08004031   Thumb Code    38  inv_mpu_dmp_motion_driver.o(i.dmp_set_shake_reject_time)
    dmp_set_shake_reject_timeout             0x08004057   Thumb Code    38  inv_mpu_dmp_motion_driver.o(i.dmp_set_shake_reject_timeout)
    dmp_set_tap_axes                         0x0800407d   Thumb Code    70  inv_mpu_dmp_motion_driver.o(i.dmp_set_tap_axes)
    dmp_set_tap_count                        0x080040c3   Thumb Code    38  inv_mpu_dmp_motion_driver.o(i.dmp_set_tap_count)
    dmp_set_tap_thresh                       0x080040e9   Thumb Code   396  inv_mpu_dmp_motion_driver.o(i.dmp_set_tap_thresh)
    dmp_set_tap_time                         0x08004289   Thumb Code    38  inv_mpu_dmp_motion_driver.o(i.dmp_set_tap_time)
    dmp_set_tap_time_multi                   0x080042af   Thumb Code    38  inv_mpu_dmp_motion_driver.o(i.dmp_set_tap_time_multi)
    fputc                                    0x080042d5   Thumb Code    32  bsp_usart.o(i.fputc)
    inv_orientation_matrix_to_scalar         0x0800492d   Thumb Code    40  inv_mpu.o(i.inv_orientation_matrix_to_scalar)
    inv_row_2_scale                          0x08004955   Thumb Code    78  inv_mpu.o(i.inv_row_2_scale)
    main                                     0x080049a3   Thumb Code    20  main.o(i.main)
    mget_ms                                  0x080049b7   Thumb Code     2  inv_mpu.o(i.mget_ms)
    mpu_configure_fifo                       0x080049b9   Thumb Code   106  inv_mpu.o(i.mpu_configure_fifo)
    mpu_dmp_get_data                         0x08004a29   Thumb Code   544  inv_mpu.o(i.mpu_dmp_get_data)
    mpu_dmp_init                             0x08004c4d   Thumb Code   154  inv_mpu.o(i.mpu_dmp_init)
    mpu_get_accel_fsr                        0x08004ced   Thumb Code    72  inv_mpu.o(i.mpu_get_accel_fsr)
    mpu_get_accel_sens                       0x08004d39   Thumb Code    78  inv_mpu.o(i.mpu_get_accel_sens)
    mpu_get_fifo_config                      0x08004d8d   Thumb Code    12  inv_mpu.o(i.mpu_get_fifo_config)
    mpu_get_gyro_fsr                         0x08004d9d   Thumb Code    64  inv_mpu.o(i.mpu_get_gyro_fsr)
    mpu_get_gyro_sens                        0x08004de1   Thumb Code    58  inv_mpu.o(i.mpu_get_gyro_sens)
    mpu_get_lpf                              0x08004e31   Thumb Code    74  inv_mpu.o(i.mpu_get_lpf)
    mpu_get_sample_rate                      0x08004e81   Thumb Code    26  inv_mpu.o(i.mpu_get_sample_rate)
    mpu_init                                 0x08004ea1   Thumb Code   416  inv_mpu.o(i.mpu_init)
    mpu_load_firmware                        0x08005091   Thumb Code   180  inv_mpu.o(i.mpu_load_firmware)
    mpu_lp_accel_mode                        0x08005149   Thumb Code   218  inv_mpu.o(i.mpu_lp_accel_mode)
    mpu_read_fifo_stream                     0x08005229   Thumb Code   186  inv_mpu.o(i.mpu_read_fifo_stream)
    mpu_read_mem                             0x080052e9   Thumb Code   122  inv_mpu.o(i.mpu_read_mem)
    mpu_reset_fifo                           0x08005369   Thumb Code   450  inv_mpu.o(i.mpu_reset_fifo)
    mpu_run_self_test                        0x08005531   Thumb Code   278  inv_mpu.o(i.mpu_run_self_test)
    mpu_set_accel_fsr                        0x0800564d   Thumb Code   126  inv_mpu.o(i.mpu_set_accel_fsr)
    mpu_set_bypass                           0x080056d1   Thumb Code   328  inv_mpu.o(i.mpu_set_bypass)
    mpu_set_dmp_state                        0x0800581d   Thumb Code   138  inv_mpu.o(i.mpu_set_dmp_state)
    mpu_set_gyro_fsr                         0x080058ad   Thumb Code   132  inv_mpu.o(i.mpu_set_gyro_fsr)
    mpu_set_int_latched                      0x08005935   Thumb Code   102  inv_mpu.o(i.mpu_set_int_latched)
    mpu_set_lpf                              0x080059a1   Thumb Code   126  inv_mpu.o(i.mpu_set_lpf)
    mpu_set_sample_rate                      0x08005a25   Thumb Code   152  inv_mpu.o(i.mpu_set_sample_rate)
    mpu_set_sensors                          0x08005ac1   Thumb Code   202  inv_mpu.o(i.mpu_set_sensors)
    mpu_write_mem                            0x08005b91   Thumb Code   122  inv_mpu.o(i.mpu_write_mem)
    run_self_test                            0x08005c11   Thumb Code   148  inv_mpu.o(i.run_self_test)
    sqrt                                     0x08005d35   Thumb Code    76  sqrt.o(i.sqrt)
    reg                                      0x08005d80   Data          27  inv_mpu.o(.constdata)
    hw                                       0x08005d9c   Data          12  inv_mpu.o(.constdata)
    test                                     0x08005da8   Data          40  inv_mpu.o(.constdata)
    OLED_F8x16                               0x080069c6   Data        1520  oled.o(.constdata)
    __mathlib_zero                           0x080070a0   Data           8  qnan.o(.constdata)
    Region$$Table$$Base                      0x080070f8   Number         0  anon$$obj.o(Region$$Table)
    Region$$Table$$Limit                     0x08007118   Number         0  anon$$obj.o(Region$$Table)
    SystemCoreClock                          0x20000000   Data           4  system_stm32f10x.o(.data)
    AHBPrescTable                            0x20000004   Data          16  system_stm32f10x.o(.data)
    mpu6050                                  0x20000062   Data           2  mpu6050.o(.data)
    TX_ADDRESS                               0x20000064   Data           5  nrf24l01.o(.data)
    RX_ADDRESS                               0x20000069   Data           5  nrf24l01.o(.data)
    pitch                                    0x20000070   Data           4  main.o(.data)
    roll                                     0x20000074   Data           4  main.o(.data)
    yaw                                      0x20000078   Data           4  main.o(.data)
    aacx                                     0x2000007c   Data           2  main.o(.data)
    aacy                                     0x2000007e   Data           2  main.o(.data)
    aacz                                     0x20000080   Data           2  main.o(.data)
    gyrox                                    0x20000082   Data           2  main.o(.data)
    gyroy                                    0x20000084   Data           2  main.o(.data)
    gyroz                                    0x20000086   Data           2  main.o(.data)
    temp                                     0x20000088   Data           2  main.o(.data)
    mode                                     0x2000008a   Data           2  main.o(.data)
    status                                   0x2000008c   Data           1  main.o(.data)
    __stdout                                 0x20000090   Data           4  stdout.o(.data)
    rxbuf                                    0x200000a8   Data          32  main.o(.bss)
    __initial_sp                             0x200004c8   Data           0  startup_stm32f10x_md.o(STACK)



==============================================================================

Memory Map of the image

  Image Entry point : 0x080000ed

  Load Region LR_IROM1 (Base: 0x08000000, Size: 0x000071b0, Max: 0x00010000, ABSOLUTE)

    Execution Region ER_IROM1 (Exec base: 0x08000000, Load base: 0x08000000, Size: 0x00007118, Max: 0x00010000, ABSOLUTE)

    Exec Addr    Load Addr    Size         Type   Attr      Idx    E Section Name        Object

    0x08000000   0x08000000   0x000000ec   Data   RO            3    RESET               startup_stm32f10x_md.o
    0x080000ec   0x080000ec   0x00000000   Code   RO         4462  * .ARM.Collect$$$$00000000  mc_w.l(entry.o)
    0x080000ec   0x080000ec   0x00000004   Code   RO         4799    .ARM.Collect$$$$00000001  mc_w.l(entry2.o)
    0x080000f0   0x080000f0   0x00000004   Code   RO         4802    .ARM.Collect$$$$00000004  mc_w.l(entry5.o)
    0x080000f4   0x080000f4   0x00000000   Code   RO         4804    .ARM.Collect$$$$00000008  mc_w.l(entry7b.o)
    0x080000f4   0x080000f4   0x00000000   Code   RO         4806    .ARM.Collect$$$$0000000A  mc_w.l(entry8b.o)
    0x080000f4   0x080000f4   0x00000008   Code   RO         4807    .ARM.Collect$$$$0000000B  mc_w.l(entry9a.o)
    0x080000fc   0x080000fc   0x00000000   Code   RO         4809    .ARM.Collect$$$$0000000D  mc_w.l(entry10a.o)
    0x080000fc   0x080000fc   0x00000000   Code   RO         4811    .ARM.Collect$$$$0000000F  mc_w.l(entry11a.o)
    0x080000fc   0x080000fc   0x00000004   Code   RO         4800    .ARM.Collect$$$$00002712  mc_w.l(entry2.o)
    0x08000100   0x08000100   0x00000024   Code   RO            4    .text               startup_stm32f10x_md.o
    0x08000124   0x08000124   0x00000062   Code   RO         4465    .text               mc_w.l(ldiv.o)
    0x08000186   0x08000186   0x00000024   Code   RO         4467    .text               mc_w.l(memseta.o)
    0x080001aa   0x080001aa   0x0000001a   Code   RO         4469    .text               mc_w.l(memcmp.o)
    0x080001c4   0x080001c4   0x000000b0   Code   RO         4732    .text               mf_w.l(fadd.o)
    0x08000274   0x08000274   0x00000064   Code   RO         4734    .text               mf_w.l(fmul.o)
    0x080002d8   0x080002d8   0x0000007c   Code   RO         4736    .text               mf_w.l(fdiv.o)
    0x08000354   0x08000354   0x0000014e   Code   RO         4738    .text               mf_w.l(dadd.o)
    0x080004a2   0x080004a2   0x000000e4   Code   RO         4740    .text               mf_w.l(dmul.o)
    0x08000586   0x08000586   0x000000de   Code   RO         4742    .text               mf_w.l(ddiv.o)
    0x08000664   0x08000664   0x00000012   Code   RO         4744    .text               mf_w.l(fflti.o)
    0x08000676   0x08000676   0x0000000a   Code   RO         4746    .text               mf_w.l(ffltui.o)
    0x08000680   0x08000680   0x00000022   Code   RO         4748    .text               mf_w.l(dflti.o)
    0x080006a2   0x080006a2   0x00000032   Code   RO         4750    .text               mf_w.l(ffixi.o)
    0x080006d4   0x080006d4   0x00000028   Code   RO         4752    .text               mf_w.l(ffixui.o)
    0x080006fc   0x080006fc   0x00000026   Code   RO         4754    .text               mf_w.l(f2d.o)
    0x08000722   0x08000722   0x00000038   Code   RO         4756    .text               mf_w.l(d2f.o)
    0x0800075a   0x0800075a   0x00000002   PAD
    0x0800075c   0x0800075c   0x00000014   Code   RO         4758    .text               mf_w.l(cfcmple.o)
    0x08000770   0x08000770   0x00000014   Code   RO         4760    .text               mf_w.l(cfrcmple.o)
    0x08000784   0x08000784   0x00000062   Code   RO         4816    .text               mc_w.l(uldiv.o)
    0x080007e6   0x080007e6   0x0000001e   Code   RO         4818    .text               mc_w.l(llshl.o)
    0x08000804   0x08000804   0x00000024   Code   RO         4820    .text               mc_w.l(llsshr.o)
    0x08000828   0x08000828   0x00000000   Code   RO         4829    .text               mc_w.l(iusefp.o)
    0x08000828   0x08000828   0x0000006e   Code   RO         4830    .text               mf_w.l(fepilogue.o)
    0x08000896   0x08000896   0x000000ba   Code   RO         4832    .text               mf_w.l(depilogue.o)
    0x08000950   0x08000950   0x0000002e   Code   RO         4834    .text               mf_w.l(dscalb.o)
    0x0800097e   0x0800097e   0x00000002   PAD
    0x08000980   0x08000980   0x00000024   Code   RO         4840    .text               mc_w.l(init.o)
    0x080009a4   0x080009a4   0x00000020   Code   RO         4842    .text               mc_w.l(llushr.o)
    0x080009c4   0x080009c4   0x000000a2   Code   RO         4844    .text               mf_w.l(dsqrt.o)
    0x08000a66   0x08000a66   0x00000004   Code   RO         4381    i.BusFault_Handler  stm32f10x_it.o
    0x08000a6a   0x08000a6a   0x00000002   PAD
    0x08000a6c   0x08000a6c   0x00000058   Code   RO         4314    i.Check             main.o
    0x08000ac4   0x08000ac4   0x00000188   Code   RO         3919    i.DATA_Report       mpu6050.o
    0x08000c4c   0x08000c4c   0x00000002   Code   RO         4382    i.DebugMon_Handler  stm32f10x_it.o
    0x08000c4e   0x08000c4e   0x00000002   PAD
    0x08000c50   0x08000c50   0x000000f8   Code   RO         4203    i.Encoder_Init      motor.o
    0x08000d48   0x08000d48   0x00000116   Code   RO         1347    i.GPIO_Init         stm32f10x_gpio.o
    0x08000e5e   0x08000e5e   0x00000012   Code   RO         1351    i.GPIO_ReadInputDataBit  stm32f10x_gpio.o
    0x08000e70   0x08000e70   0x00000004   Code   RO         1354    i.GPIO_ResetBits    stm32f10x_gpio.o
    0x08000e74   0x08000e74   0x00000004   Code   RO         1355    i.GPIO_SetBits      stm32f10x_gpio.o
    0x08000e78   0x08000e78   0x0000000a   Code   RO         1358    i.GPIO_WriteBit     stm32f10x_gpio.o
    0x08000e82   0x08000e82   0x00000002   PAD
    0x08000e84   0x08000e84   0x00000028   Code   RO         4275    i.Go_Ahead          control.o
    0x08000eac   0x08000eac   0x00000028   Code   RO         4276    i.Go_Back           control.o
    0x08000ed4   0x08000ed4   0x00000004   Code   RO         4383    i.HardFault_Handler  stm32f10x_it.o
    0x08000ed8   0x08000ed8   0x00000050   Code   RO         3920    i.MPU_Get_Accelerometer  mpu6050.o
    0x08000f28   0x08000f28   0x00000050   Code   RO         3921    i.MPU_Get_Gyroscope  mpu6050.o
    0x08000f78   0x08000f78   0x00000068   Code   RO         3922    i.MPU_Get_Temperature  mpu6050.o
    0x08000fe0   0x08000fe0   0x0000004c   Code   RO         4031    i.MPU_IIC_Ack       mpuiic.o
    0x0800102c   0x0800102c   0x0000000a   Code   RO         4032    i.MPU_IIC_Delay     mpuiic.o
    0x08001036   0x08001036   0x00000002   PAD
    0x08001038   0x08001038   0x00000034   Code   RO         4033    i.MPU_IIC_Init      mpuiic.o
    0x0800106c   0x0800106c   0x0000004c   Code   RO         4034    i.MPU_IIC_NAck      mpuiic.o
    0x080010b8   0x080010b8   0x0000006c   Code   RO         4035    i.MPU_IIC_Read_Byte  mpuiic.o
    0x08001124   0x08001124   0x0000005c   Code   RO         4036    i.MPU_IIC_Send_Byte  mpuiic.o
    0x08001180   0x08001180   0x00000048   Code   RO         4037    i.MPU_IIC_Start     mpuiic.o
    0x080011c8   0x080011c8   0x00000048   Code   RO         4038    i.MPU_IIC_Stop      mpuiic.o
    0x08001210   0x08001210   0x00000064   Code   RO         4039    i.MPU_IIC_Wait_Ack  mpuiic.o
    0x08001274   0x08001274   0x00000088   Code   RO         3923    i.MPU_Init          mpu6050.o
    0x080012fc   0x080012fc   0x0000007c   Code   RO         3924    i.MPU_Read          mpu6050.o
    0x08001378   0x08001378   0x0000003a   Code   RO         3925    i.MPU_Read_Byte     mpu6050.o
    0x080013b2   0x080013b2   0x00000074   Code   RO         3926    i.MPU_Read_Len      mpu6050.o
    0x08001426   0x08001426   0x00000010   Code   RO         3927    i.MPU_Set_Accel_Fsr  mpu6050.o
    0x08001436   0x08001436   0x00000010   Code   RO         3928    i.MPU_Set_Gyro_Fsr  mpu6050.o
    0x08001446   0x08001446   0x0000003a   Code   RO         3929    i.MPU_Set_LPF       mpu6050.o
    0x08001480   0x08001480   0x0000003a   Code   RO         3930    i.MPU_Set_Rate      mpu6050.o
    0x080014ba   0x080014ba   0x00000044   Code   RO         3931    i.MPU_Write_Byte    mpu6050.o
    0x080014fe   0x080014fe   0x00000060   Code   RO         3932    i.MPU_Write_Len     mpu6050.o
    0x0800155e   0x0800155e   0x00000004   Code   RO         4384    i.MemManage_Handler  stm32f10x_it.o
    0x08001562   0x08001562   0x00000002   PAD
    0x08001564   0x08001564   0x00000070   Code   RO         4315    i.Mode_Select       main.o
    0x080015d4   0x080015d4   0x00000024   Code   RO         4204    i.Motor1_SetDirct   motor.o
    0x080015f8   0x080015f8   0x00000024   Code   RO         4205    i.Motor2_SetDirct   motor.o
    0x0800161c   0x0800161c   0x00000030   Code   RO         4206    i.Motor_Init        motor.o
    0x0800164c   0x0800164c   0x00000002   Code   RO         4385    i.NMI_Handler       stm32f10x_it.o
    0x0800164e   0x0800164e   0x00000002   PAD
    0x08001650   0x08001650   0x0000004c   Code   RO         4119    i.NRF_Check         nrf24l01.o
    0x0800169c   0x0800169c   0x0000005c   Code   RO         4120    i.NRF_RX_Mode       nrf24l01.o
    0x080016f8   0x080016f8   0x00000060   Code   RO         4121    i.NRF_Rx_Dat        nrf24l01.o
    0x08001758   0x08001758   0x00000014   Code   RO          138    i.NVIC_PriorityGroupConfig  misc.o
    0x0800176c   0x0800176c   0x0000002a   Code   RO         3811    i.OLED_Clear        oled.o
    0x08001796   0x08001796   0x00000002   PAD
    0x08001798   0x08001798   0x00000050   Code   RO         3812    i.OLED_I2C_Init     oled.o
    0x080017e8   0x080017e8   0x00000054   Code   RO         3813    i.OLED_I2C_SendByte  oled.o
    0x0800183c   0x0800183c   0x00000034   Code   RO         3814    i.OLED_I2C_Start    oled.o
    0x08001870   0x08001870   0x00000028   Code   RO         3815    i.OLED_I2C_Stop     oled.o
    0x08001898   0x08001898   0x000000ae   Code   RO         3816    i.OLED_Init         oled.o
    0x08001946   0x08001946   0x00000014   Code   RO         3817    i.OLED_Pow          oled.o
    0x0800195a   0x0800195a   0x00000022   Code   RO         3818    i.OLED_SetCursor    oled.o
    0x0800197c   0x0800197c   0x00000074   Code   RO         3820    i.OLED_ShowChar     oled.o
    0x080019f0   0x080019f0   0x00000044   Code   RO         3822    i.OLED_ShowNum      oled.o
    0x08001a34   0x08001a34   0x00000028   Code   RO         3824    i.OLED_ShowString   oled.o
    0x08001a5c   0x08001a5c   0x00000020   Code   RO         3825    i.OLED_WriteCommand  oled.o
    0x08001a7c   0x08001a7c   0x00000020   Code   RO         3826    i.OLED_WriteData    oled.o
    0x08001a9c   0x08001a9c   0x000000b4   Code   RO         4248    i.PWM_Init          pwm.o
    0x08001b50   0x08001b50   0x00000002   Code   RO         4386    i.PendSV_Handler    stm32f10x_it.o
    0x08001b52   0x08001b52   0x00000002   PAD
    0x08001b54   0x08001b54   0x00000020   Code   RO         1775    i.RCC_APB1PeriphClockCmd  stm32f10x_rcc.o
    0x08001b74   0x08001b74   0x00000020   Code   RO         1777    i.RCC_APB2PeriphClockCmd  stm32f10x_rcc.o
    0x08001b94   0x08001b94   0x000000d4   Code   RO         1785    i.RCC_GetClocksFreq  stm32f10x_rcc.o
    0x08001c68   0x08001c68   0x0000005c   Code   RO         4316    i.Receive_Data      main.o
    0x08001cc4   0x08001cc4   0x00000018   Code   RO         2263    i.SPI_Cmd           stm32f10x_spi.o
    0x08001cdc   0x08001cdc   0x00000012   Code   RO         2271    i.SPI_I2S_GetFlagStatus  stm32f10x_spi.o
    0x08001cee   0x08001cee   0x00000006   Code   RO         2274    i.SPI_I2S_ReceiveData  stm32f10x_spi.o
    0x08001cf4   0x08001cf4   0x00000004   Code   RO         2275    i.SPI_I2S_SendData  stm32f10x_spi.o
    0x08001cf8   0x08001cf8   0x0000003c   Code   RO         2276    i.SPI_Init          stm32f10x_spi.o
    0x08001d34   0x08001d34   0x000000e0   Code   RO         4124    i.SPI_NRF_Init      nrf24l01.o
    0x08001e14   0x08001e14   0x00000038   Code   RO         4125    i.SPI_NRF_RW        nrf24l01.o
    0x08001e4c   0x08001e4c   0x00000050   Code   RO         4126    i.SPI_NRF_ReadBuf   nrf24l01.o
    0x08001e9c   0x08001e9c   0x00000038   Code   RO         4127    i.SPI_NRF_ReadReg   nrf24l01.o
    0x08001ed4   0x08001ed4   0x00000050   Code   RO         4128    i.SPI_NRF_WriteBuf  nrf24l01.o
    0x08001f24   0x08001f24   0x0000003c   Code   RO         4129    i.SPI_NRF_WriteReg  nrf24l01.o
    0x08001f60   0x08001f60   0x00000002   Code   RO         4387    i.SVC_Handler       stm32f10x_it.o
    0x08001f62   0x08001f62   0x00000002   PAD
    0x08001f64   0x08001f64   0x00000098   Code   RO         4317    i.SYS_Init          main.o
    0x08001ffc   0x08001ffc   0x00000008   Code   RO           24    i.SetSysClock       system_stm32f10x.o
    0x08002004   0x08002004   0x000000e0   Code   RO           25    i.SetSysClockTo72   system_stm32f10x.o
    0x080020e4   0x080020e4   0x00000018   Code   RO         4277    i.Stop              control.o
    0x080020fc   0x080020fc   0x00000028   Code   RO          141    i.SysTick_CLKSourceConfig  misc.o
    0x08002124   0x08002124   0x00000002   Code   RO         4388    i.SysTick_Handler   stm32f10x_it.o
    0x08002126   0x08002126   0x00000002   PAD
    0x08002128   0x08002128   0x00000060   Code   RO           27    i.SystemInit        system_stm32f10x.o
    0x08002188   0x08002188   0x00000080   Code   RO         2405    i.TI1_Config        stm32f10x_tim.o
    0x08002208   0x08002208   0x00000098   Code   RO         2406    i.TI2_Config        stm32f10x_tim.o
    0x080022a0   0x080022a0   0x00000090   Code   RO         2407    i.TI3_Config        stm32f10x_tim.o
    0x08002330   0x08002330   0x00000098   Code   RO         2408    i.TI4_Config        stm32f10x_tim.o
    0x080023c8   0x080023c8   0x00000016   Code   RO         4207    i.TIM2_IRQHandler   motor.o
    0x080023de   0x080023de   0x00000002   PAD
    0x080023e0   0x080023e0   0x0000001c   Code   RO         4208    i.TIM4_IRQHandler   motor.o
    0x080023fc   0x080023fc   0x00000018   Code   RO         2409    i.TIM_ARRPreloadConfig  stm32f10x_tim.o
    0x08002414   0x08002414   0x00000006   Code   RO         2416    i.TIM_ClearITPendingBit  stm32f10x_tim.o
    0x0800241a   0x0800241a   0x00000018   Code   RO         2421    i.TIM_Cmd           stm32f10x_tim.o
    0x08002432   0x08002432   0x0000001e   Code   RO         2423    i.TIM_CtrlPWMOutputs  stm32f10x_tim.o
    0x08002450   0x08002450   0x00000042   Code   RO         2430    i.TIM_EncoderInterfaceConfig  stm32f10x_tim.o
    0x08002492   0x08002492   0x00000022   Code   RO         2442    i.TIM_GetITStatus   stm32f10x_tim.o
    0x080024b4   0x080024b4   0x000000ac   Code   RO         2444    i.TIM_ICInit        stm32f10x_tim.o
    0x08002560   0x08002560   0x00000012   Code   RO         2445    i.TIM_ICStructInit  stm32f10x_tim.o
    0x08002572   0x08002572   0x00000012   Code   RO         2446    i.TIM_ITConfig      stm32f10x_tim.o
    0x08002584   0x08002584   0x00000098   Code   RO         2450    i.TIM_OC1Init       stm32f10x_tim.o
    0x0800261c   0x0800261c   0x00000012   Code   RO         2453    i.TIM_OC1PreloadConfig  stm32f10x_tim.o
    0x0800262e   0x0800262e   0x00000002   PAD
    0x08002630   0x08002630   0x0000007c   Code   RO         2465    i.TIM_OC4Init       stm32f10x_tim.o
    0x080026ac   0x080026ac   0x0000001a   Code   RO         2467    i.TIM_OC4PreloadConfig  stm32f10x_tim.o
    0x080026c6   0x080026c6   0x00000014   Code   RO         2468    i.TIM_OCStructInit  stm32f10x_tim.o
    0x080026da   0x080026da   0x00000004   Code   RO         2482    i.TIM_SetCompare1   stm32f10x_tim.o
    0x080026de   0x080026de   0x00000006   Code   RO         2485    i.TIM_SetCompare4   stm32f10x_tim.o
    0x080026e4   0x080026e4   0x00000004   Code   RO         2486    i.TIM_SetCounter    stm32f10x_tim.o
    0x080026e8   0x080026e8   0x00000012   Code   RO         2487    i.TIM_SetIC1Prescaler  stm32f10x_tim.o
    0x080026fa   0x080026fa   0x0000001a   Code   RO         2488    i.TIM_SetIC2Prescaler  stm32f10x_tim.o
    0x08002714   0x08002714   0x00000012   Code   RO         2489    i.TIM_SetIC3Prescaler  stm32f10x_tim.o
    0x08002726   0x08002726   0x0000001a   Code   RO         2490    i.TIM_SetIC4Prescaler  stm32f10x_tim.o
    0x08002740   0x08002740   0x000000a4   Code   RO         2492    i.TIM_TimeBaseInit  stm32f10x_tim.o
    0x080027e4   0x080027e4   0x00000002   Code   RO         4278    i.Turn_Left         control.o
    0x080027e6   0x080027e6   0x00000002   Code   RO         4279    i.Turn_Right        control.o
    0x080027e8   0x080027e8   0x00000018   Code   RO         2960    i.USART_Cmd         stm32f10x_usart.o
    0x08002800   0x08002800   0x00000080   Code   RO         4091    i.USART_Config      bsp_usart.o
    0x08002880   0x08002880   0x0000001a   Code   RO         2963    i.USART_GetFlagStatus  stm32f10x_usart.o
    0x0800289a   0x0800289a   0x00000002   PAD
    0x0800289c   0x0800289c   0x000000d8   Code   RO         2967    i.USART_Init        stm32f10x_usart.o
    0x08002974   0x08002974   0x00000008   Code   RO         2977    i.USART_SendData    stm32f10x_usart.o
    0x0800297c   0x0800297c   0x00000004   Code   RO         4389    i.UsageFault_Handler  stm32f10x_it.o
    0x08002980   0x08002980   0x00000020   Code   RO         4678    i.__0printf$8       mc_w.l(printf8.o)
    0x080029a0   0x080029a0   0x00000028   Code   RO         4786    i.__ARM_fpclassify  m_ws.l(fpclassify.o)
    0x080029c8   0x080029c8   0x000000aa   Code   RO         4788    i.__kernel_poly     m_ws.l(poly.o)
    0x08002a72   0x08002a72   0x00000006   Code   RO         4773    i.__mathlib_dbl_infnan  m_ws.l(dunder.o)
    0x08002a78   0x08002a78   0x00000004   Code   RO         4774    i.__mathlib_dbl_infnan2  m_ws.l(dunder.o)
    0x08002a7c   0x08002a7c   0x0000000c   Code   RO         4775    i.__mathlib_dbl_invalid  m_ws.l(dunder.o)
    0x08002a88   0x08002a88   0x00000010   Code   RO         4778    i.__mathlib_dbl_underflow  m_ws.l(dunder.o)
    0x08002a98   0x08002a98   0x0000000e   Code   RO         4850    i.__scatterload_copy  mc_w.l(handlers.o)
    0x08002aa6   0x08002aa6   0x00000002   Code   RO         4851    i.__scatterload_null  mc_w.l(handlers.o)
    0x08002aa8   0x08002aa8   0x0000000e   Code   RO         4852    i.__scatterload_zeroinit  mc_w.l(handlers.o)
    0x08002ab6   0x08002ab6   0x00000002   PAD
    0x08002ab8   0x08002ab8   0x0000000c   Code   RO         4824    i.__set_errno       mc_w.l(errno.o)
    0x08002ac4   0x08002ac4   0x00000410   Code   RO         4685    i._printf_core      mc_w.l(printf8.o)
    0x08002ed4   0x08002ed4   0x00000024   Code   RO         4686    i._printf_post_padding  mc_w.l(printf8.o)
    0x08002ef8   0x08002ef8   0x0000002e   Code   RO         4687    i._printf_pre_padding  mc_w.l(printf8.o)
    0x08002f26   0x08002f26   0x00000002   PAD
    0x08002f28   0x08002f28   0x000000a8   Code   RO         3196    i.accel_self_test   inv_mpu.o
    0x08002fd0   0x08002fd0   0x00000270   Code   RO         4445    i.asin              m_ws.l(asin.o)
    0x08003240   0x08003240   0x00000220   Code   RO         4763    i.atan              m_ws.l(atan.o)
    0x08003460   0x08003460   0x00000180   Code   RO         4455    i.atan2             m_ws.l(atan2.o)
    0x080035e0   0x080035e0   0x00000064   Code   RO         3553    i.decode_gesture    inv_mpu_dmp_motion_driver.o
    0x08003644   0x08003644   0x00000044   Code   RO         3782    i.delay_init        delay.o
    0x08003688   0x08003688   0x0000004c   Code   RO         3783    i.delay_ms          delay.o
    0x080036d4   0x080036d4   0x0000004c   Code   RO         3784    i.delay_us          delay.o
    0x08003720   0x08003720   0x0000003c   Code   RO         3554    i.dmp_enable_6x_lp_quat  inv_mpu_dmp_motion_driver.o
    0x0800375c   0x0800375c   0x0000021c   Code   RO         3555    i.dmp_enable_feature  inv_mpu_dmp_motion_driver.o
    0x08003978   0x08003978   0x00000058   Code   RO         3556    i.dmp_enable_gyro_cal  inv_mpu_dmp_motion_driver.o
    0x080039d0   0x080039d0   0x0000003c   Code   RO         3557    i.dmp_enable_lp_quat  inv_mpu_dmp_motion_driver.o
    0x08003a0c   0x08003a0c   0x00000018   Code   RO         3562    i.dmp_load_motion_driver_firmware  inv_mpu_dmp_motion_driver.o
    0x08003a24   0x08003a24   0x000001cc   Code   RO         3563    i.dmp_read_fifo     inv_mpu_dmp_motion_driver.o
    0x08003bf0   0x08003bf0   0x00000130   Code   RO         3566    i.dmp_set_accel_bias  inv_mpu_dmp_motion_driver.o
    0x08003d20   0x08003d20   0x00000070   Code   RO         3567    i.dmp_set_fifo_rate  inv_mpu_dmp_motion_driver.o
    0x08003d90   0x08003d90   0x00000130   Code   RO         3568    i.dmp_set_gyro_bias  inv_mpu_dmp_motion_driver.o
    0x08003ec0   0x08003ec0   0x00000138   Code   RO         3570    i.dmp_set_orientation  inv_mpu_dmp_motion_driver.o
    0x08003ff8   0x08003ff8   0x00000038   Code   RO         3573    i.dmp_set_shake_reject_thresh  inv_mpu_dmp_motion_driver.o
    0x08004030   0x08004030   0x00000026   Code   RO         3574    i.dmp_set_shake_reject_time  inv_mpu_dmp_motion_driver.o
    0x08004056   0x08004056   0x00000026   Code   RO         3575    i.dmp_set_shake_reject_timeout  inv_mpu_dmp_motion_driver.o
    0x0800407c   0x0800407c   0x00000046   Code   RO         3576    i.dmp_set_tap_axes  inv_mpu_dmp_motion_driver.o
    0x080040c2   0x080040c2   0x00000026   Code   RO         3577    i.dmp_set_tap_count  inv_mpu_dmp_motion_driver.o
    0x080040e8   0x080040e8   0x000001a0   Code   RO         3578    i.dmp_set_tap_thresh  inv_mpu_dmp_motion_driver.o
    0x08004288   0x08004288   0x00000026   Code   RO         3579    i.dmp_set_tap_time  inv_mpu_dmp_motion_driver.o
    0x080042ae   0x080042ae   0x00000026   Code   RO         3580    i.dmp_set_tap_time_multi  inv_mpu_dmp_motion_driver.o
    0x080042d4   0x080042d4   0x00000024   Code   RO         4093    i.fputc             bsp_usart.o
    0x080042f8   0x080042f8   0x000000b4   Code   RO         3197    i.get_accel_prod_shift  inv_mpu.o
    0x080043ac   0x080043ac   0x00000470   Code   RO         3198    i.get_st_biases     inv_mpu.o
    0x0800481c   0x0800481c   0x00000110   Code   RO         3199    i.gyro_self_test    inv_mpu.o
    0x0800492c   0x0800492c   0x00000028   Code   RO         3200    i.inv_orientation_matrix_to_scalar  inv_mpu.o
    0x08004954   0x08004954   0x0000004e   Code   RO         3201    i.inv_row_2_scale   inv_mpu.o
    0x080049a2   0x080049a2   0x00000014   Code   RO         4318    i.main              main.o
    0x080049b6   0x080049b6   0x00000002   Code   RO         3202    i.mget_ms           inv_mpu.o
    0x080049b8   0x080049b8   0x00000070   Code   RO         3203    i.mpu_configure_fifo  inv_mpu.o
    0x08004a28   0x08004a28   0x00000224   Code   RO         3204    i.mpu_dmp_get_data  inv_mpu.o
    0x08004c4c   0x08004c4c   0x000000a0   Code   RO         3205    i.mpu_dmp_init      inv_mpu.o
    0x08004cec   0x08004cec   0x0000004c   Code   RO         3206    i.mpu_get_accel_fsr  inv_mpu.o
    0x08004d38   0x08004d38   0x00000054   Code   RO         3208    i.mpu_get_accel_sens  inv_mpu.o
    0x08004d8c   0x08004d8c   0x00000010   Code   RO         3213    i.mpu_get_fifo_config  inv_mpu.o
    0x08004d9c   0x08004d9c   0x00000044   Code   RO         3214    i.mpu_get_gyro_fsr  inv_mpu.o
    0x08004de0   0x08004de0   0x00000050   Code   RO         3216    i.mpu_get_gyro_sens  inv_mpu.o
    0x08004e30   0x08004e30   0x00000050   Code   RO         3218    i.mpu_get_lpf       inv_mpu.o
    0x08004e80   0x08004e80   0x00000020   Code   RO         3220    i.mpu_get_sample_rate  inv_mpu.o
    0x08004ea0   0x08004ea0   0x000001f0   Code   RO         3222    i.mpu_init          inv_mpu.o
    0x08005090   0x08005090   0x000000b8   Code   RO         3223    i.mpu_load_firmware  inv_mpu.o
    0x08005148   0x08005148   0x000000e0   Code   RO         3224    i.mpu_lp_accel_mode  inv_mpu.o
    0x08005228   0x08005228   0x000000c0   Code   RO         3227    i.mpu_read_fifo_stream  inv_mpu.o
    0x080052e8   0x080052e8   0x00000080   Code   RO         3228    i.mpu_read_mem      inv_mpu.o
    0x08005368   0x08005368   0x000001c8   Code   RO         3231    i.mpu_reset_fifo    inv_mpu.o
    0x08005530   0x08005530   0x0000011c   Code   RO         3232    i.mpu_run_self_test  inv_mpu.o
    0x0800564c   0x0800564c   0x00000084   Code   RO         3234    i.mpu_set_accel_fsr  inv_mpu.o
    0x080056d0   0x080056d0   0x0000014c   Code   RO         3235    i.mpu_set_bypass    inv_mpu.o
    0x0800581c   0x0800581c   0x00000090   Code   RO         3237    i.mpu_set_dmp_state  inv_mpu.o
    0x080058ac   0x080058ac   0x00000088   Code   RO         3238    i.mpu_set_gyro_fsr  inv_mpu.o
    0x08005934   0x08005934   0x0000006c   Code   RO         3239    i.mpu_set_int_latched  inv_mpu.o
    0x080059a0   0x080059a0   0x00000084   Code   RO         3241    i.mpu_set_lpf       inv_mpu.o
    0x08005a24   0x08005a24   0x0000009c   Code   RO         3242    i.mpu_set_sample_rate  inv_mpu.o
    0x08005ac0   0x08005ac0   0x000000d0   Code   RO         3243    i.mpu_set_sensors   inv_mpu.o
    0x08005b90   0x08005b90   0x00000080   Code   RO         3244    i.mpu_write_mem     inv_mpu.o
    0x08005c10   0x08005c10   0x00000094   Code   RO         3245    i.run_self_test     inv_mpu.o
    0x08005ca4   0x08005ca4   0x00000090   Code   RO         3246    i.set_int_enable    inv_mpu.o
    0x08005d34   0x08005d34   0x0000004c   Code   RO         4792    i.sqrt              m_ws.l(sqrt.o)
    0x08005d80   0x08005d80   0x00000050   Data   RO         3248    .constdata          inv_mpu.o
    0x08005dd0   0x08005dd0   0x00000bf6   Data   RO         3582    .constdata          inv_mpu_dmp_motion_driver.o
    0x080069c6   0x080069c6   0x000005f0   Data   RO         3827    .constdata          oled.o
    0x08006fb6   0x08006fb6   0x00000002   PAD
    0x08006fb8   0x08006fb8   0x00000050   Data   RO         4446    .constdata          m_ws.l(asin.o)
    0x08007008   0x08007008   0x00000098   Data   RO         4764    .constdata          m_ws.l(atan.o)
    0x080070a0   0x080070a0   0x00000008   Data   RO         4790    .constdata          m_ws.l(qnan.o)
    0x080070a8   0x080070a8   0x0000004d   Data   RO         3249    .conststring        inv_mpu.o
    0x080070f5   0x080070f5   0x00000003   PAD
    0x080070f8   0x080070f8   0x00000020   Data   RO         4848    Region$$Table       anon$$obj.o


    Execution Region RW_IRAM1 (Exec base: 0x20000000, Load base: 0x08007118, Size: 0x000004c8, Max: 0x00005000, ABSOLUTE)

    Exec Addr    Load Addr    Size         Type   Attr      Idx    E Section Name        Object

    0x20000000   0x08007118   0x00000014   Data   RW           28    .data               system_stm32f10x.o
    0x20000014   0x0800712c   0x00000014   Data   RW         1805    .data               stm32f10x_rcc.o
    0x20000028   0x08007140   0x00000035   Data   RW         3250    .data               inv_mpu.o
    0x2000005d   0x08007175   0x00000001   PAD
    0x2000005e   0x08007176   0x00000004   Data   RW         3785    .data               delay.o
    0x20000062   0x0800717a   0x00000002   Data   RW         3933    .data               mpu6050.o
    0x20000064   0x0800717c   0x0000000a   Data   RW         4131    .data               nrf24l01.o
    0x2000006e   0x08007186   0x00000002   PAD
    0x20000070   0x08007188   0x0000001d   Data   RW         4320    .data               main.o
    0x2000008d   0x080071a5   0x00000003   PAD
    0x20000090   0x080071a8   0x00000004   Data   RW         4813    .data               mc_w.l(stdout.o)
    0x20000094   0x080071ac   0x00000004   Data   RW         4825    .data               mc_w.l(errno.o)
    0x20000098        -       0x00000010   Zero   RW         3581    .bss                inv_mpu_dmp_motion_driver.o
    0x200000a8        -       0x00000020   Zero   RW         4319    .bss                main.o
    0x200000c8        -       0x00000400   Zero   RW            1    STACK               startup_stm32f10x_md.o


==============================================================================

Image component sizes


      Code (inc. data)   RO Data    RW Data    ZI Data      Debug   Object Name

       164         12          0          0          0       1131   bsp_usart.o
       108         12          0          0          0       2069   control.o
         0          0          0          0          0       4508   core_cm3.o
       220         26          0          4          0       1615   delay.o
      6864        290        157         53          0      31160   inv_mpu.o
      3096        122       3062          0         16      20042   inv_mpu_dmp_motion_driver.o
       464        148          0         29         32       3492   main.o
        60         10          0          0          0     202617   misc.o
       418         32          0          0          0       3076   motor.o
      1402        130          0          2          0       9291   mpu6050.o
       658        100          0          0          0       4522   mpuiic.o
       820         64          0         10          0       6059   nrf24l01.o
       814         22       1520          0          0       7461   oled.o
       180         10          0          0          0        623   pwm.o
        36          8        236          0       1024        812   startup_stm32f10x_md.o
       314          0          0          0          0      12232   stm32f10x_gpio.o
        26          0          0          0          0       3686   stm32f10x_it.o
       276         32          0         20          0      12878   stm32f10x_rcc.o
       112          0          0          0          0      10382   stm32f10x_spi.o
      1574        180          0          0          0      35653   stm32f10x_tim.o
       274          6          0          0          0       9744   stm32f10x_usart.o
       328         28          0         20          0      52289   system_stm32f10x.o

    ----------------------------------------------------------------------
     18234       1232       5012        144       1072     435342   Object Totals
         0          0         32          0          0          0   (incl. Generated)
        26          0          5          6          0          0   (incl. Padding)

    ----------------------------------------------------------------------

      Code (inc. data)   RO Data    RW Data    ZI Data      Debug   Library Member Name

       624         52         80          0          0        168   asin.o
       544         70        152          0          0        124   atan.o
       384         38          0          0          0        144   atan2.o
        38          6          0          0          0        272   dunder.o
        40          0          0          0          0         68   fpclassify.o
       170          0          0          0          0         96   poly.o
         0          0          8          0          0          0   qnan.o
        76          0          0          0          0         84   sqrt.o
         0          0          0          0          0          0   entry.o
         0          0          0          0          0          0   entry10a.o
         0          0          0          0          0          0   entry11a.o
         8          4          0          0          0          0   entry2.o
         4          0          0          0          0          0   entry5.o
         0          0          0          0          0          0   entry7b.o
         0          0          0          0          0          0   entry8b.o
         8          4          0          0          0          0   entry9a.o
        12          6          0          4          0         68   errno.o
        30          0          0          0          0          0   handlers.o
        36          8          0          0          0         68   init.o
         0          0          0          0          0          0   iusefp.o
        98          0          0          0          0         84   ldiv.o
        30          0          0          0          0         68   llshl.o
        36          0          0          0          0         68   llsshr.o
        32          0          0          0          0         68   llushr.o
        26          0          0          0          0         80   memcmp.o
        36          0          0          0          0        108   memseta.o
      1154         54          0          0          0        352   printf8.o
         0          0          0          4          0          0   stdout.o
        98          0          0          0          0         92   uldiv.o
        20          0          0          0          0         68   cfcmple.o
        20          0          0          0          0         68   cfrcmple.o
        56          0          0          0          0         88   d2f.o
       334          0          0          0          0        148   dadd.o
       222          0          0          0          0        100   ddiv.o
       186          0          0          0          0        176   depilogue.o
        34          0          0          0          0         76   dflti.o
       228          0          0          0          0         96   dmul.o
        46          0          0          0          0         80   dscalb.o
       162          0          0          0          0        100   dsqrt.o
        38          0          0          0          0         68   f2d.o
       176          0          0          0          0        140   fadd.o
       124          0          0          0          0         88   fdiv.o
       110          0          0          0          0        168   fepilogue.o
        50          0          0          0          0         68   ffixi.o
        40          0          0          0          0         68   ffixui.o
        18          0          0          0          0         68   fflti.o
        10          0          0          0          0         68   ffltui.o
       100          0          0          0          0         76   fmul.o

    ----------------------------------------------------------------------
      5466        242        240          8          0       3824   Library Totals
         8          0          0          0          0          0   (incl. Padding)

    ----------------------------------------------------------------------

      Code (inc. data)   RO Data    RW Data    ZI Data      Debug   Library Name

      1876        166        240          0          0        956   m_ws.l
      1608         76          0          8          0       1056   mc_w.l
      1974          0          0          0          0       1812   mf_w.l

    ----------------------------------------------------------------------
      5466        242        240          8          0       3824   Library Totals

    ----------------------------------------------------------------------

==============================================================================


      Code (inc. data)   RO Data    RW Data    ZI Data      Debug   

     23700       1474       5252        152       1072     428242   Grand Totals
     23700       1474       5252        152       1072     428242   ELF Image Totals
     23700       1474       5252        152          0          0   ROM Totals

==============================================================================

    Total RO  Size (Code + RO Data)                28952 (  28.27kB)
    Total RW  Size (RW Data + ZI Data)              1224 (   1.20kB)
    Total ROM Size (Code + RO Data + RW Data)      29104 (  28.42kB)

==============================================================================

