Component: ARM Compiler 5.06 update 5 (build 528) Tool: armlink [4d35e2]

==============================================================================

Section Cross References

    startup_stm32f10x_md.o(RESET) refers to startup_stm32f10x_md.o(STACK) for __initial_sp
    startup_stm32f10x_md.o(RESET) refers to startup_stm32f10x_md.o(.text) for Reset_Handler
    startup_stm32f10x_md.o(RESET) refers to stm32f10x_it.o(i.NMI_Handler) for NMI_Handler
    startup_stm32f10x_md.o(RESET) refers to stm32f10x_it.o(i.HardFault_Handler) for HardFault_Handler
    startup_stm32f10x_md.o(RESET) refers to stm32f10x_it.o(i.MemManage_Handler) for MemManage_Handler
    startup_stm32f10x_md.o(RESET) refers to stm32f10x_it.o(i.BusFault_Handler) for BusFault_Handler
    startup_stm32f10x_md.o(RESET) refers to stm32f10x_it.o(i.UsageFault_Handler) for UsageFault_Handler
    startup_stm32f10x_md.o(RESET) refers to stm32f10x_it.o(i.SVC_Handler) for SVC_Handler
    startup_stm32f10x_md.o(RESET) refers to stm32f10x_it.o(i.DebugMon_Handler) for DebugMon_Handler
    startup_stm32f10x_md.o(RESET) refers to stm32f10x_it.o(i.PendSV_Handler) for PendSV_Handler
    startup_stm32f10x_md.o(RESET) refers to stm32f10x_it.o(i.SysTick_Handler) for SysTick_Handler
    startup_stm32f10x_md.o(RESET) refers to motor.o(i.TIM2_IRQHandler) for TIM2_IRQHandler
    startup_stm32f10x_md.o(RESET) refers to main.o(i.TIM3_IRQHandler) for TIM3_IRQHandler
    startup_stm32f10x_md.o(RESET) refers to motor.o(i.TIM4_IRQHandler) for TIM4_IRQHandler
    startup_stm32f10x_md.o(.text) refers to system_stm32f10x.o(i.SystemInit) for SystemInit
    startup_stm32f10x_md.o(.text) refers to entry.o(.ARM.Collect$$$$00000000) for __main
    system_stm32f10x.o(i.SetSysClock) refers to system_stm32f10x.o(i.SetSysClockTo72) for SetSysClockTo72
    system_stm32f10x.o(i.SystemCoreClockUpdate) refers to system_stm32f10x.o(.data) for SystemCoreClock
    system_stm32f10x.o(i.SystemInit) refers to system_stm32f10x.o(i.SetSysClock) for SetSysClock
    stm32f10x_adc.o(i.ADC_DeInit) refers to stm32f10x_rcc.o(i.RCC_APB2PeriphResetCmd) for RCC_APB2PeriphResetCmd
    stm32f10x_bkp.o(i.BKP_DeInit) refers to stm32f10x_rcc.o(i.RCC_BackupResetCmd) for RCC_BackupResetCmd
    stm32f10x_can.o(i.CAN_DeInit) refers to stm32f10x_rcc.o(i.RCC_APB1PeriphResetCmd) for RCC_APB1PeriphResetCmd
    stm32f10x_can.o(i.CAN_GetITStatus) refers to stm32f10x_can.o(i.CheckITStatus) for CheckITStatus
    stm32f10x_cec.o(i.CEC_DeInit) refers to stm32f10x_rcc.o(i.RCC_APB1PeriphResetCmd) for RCC_APB1PeriphResetCmd
    stm32f10x_dac.o(i.DAC_DeInit) refers to stm32f10x_rcc.o(i.RCC_APB1PeriphResetCmd) for RCC_APB1PeriphResetCmd
    stm32f10x_flash.o(i.FLASH_EnableWriteProtection) refers to stm32f10x_flash.o(i.FLASH_WaitForLastOperation) for FLASH_WaitForLastOperation
    stm32f10x_flash.o(i.FLASH_EraseAllBank1Pages) refers to stm32f10x_flash.o(i.FLASH_WaitForLastBank1Operation) for FLASH_WaitForLastBank1Operation
    stm32f10x_flash.o(i.FLASH_EraseAllPages) refers to stm32f10x_flash.o(i.FLASH_WaitForLastOperation) for FLASH_WaitForLastOperation
    stm32f10x_flash.o(i.FLASH_EraseOptionBytes) refers to stm32f10x_flash.o(i.FLASH_GetReadOutProtectionStatus) for FLASH_GetReadOutProtectionStatus
    stm32f10x_flash.o(i.FLASH_EraseOptionBytes) refers to stm32f10x_flash.o(i.FLASH_WaitForLastOperation) for FLASH_WaitForLastOperation
    stm32f10x_flash.o(i.FLASH_ErasePage) refers to stm32f10x_flash.o(i.FLASH_WaitForLastOperation) for FLASH_WaitForLastOperation
    stm32f10x_flash.o(i.FLASH_ProgramHalfWord) refers to stm32f10x_flash.o(i.FLASH_WaitForLastOperation) for FLASH_WaitForLastOperation
    stm32f10x_flash.o(i.FLASH_ProgramOptionByteData) refers to stm32f10x_flash.o(i.FLASH_WaitForLastOperation) for FLASH_WaitForLastOperation
    stm32f10x_flash.o(i.FLASH_ProgramWord) refers to stm32f10x_flash.o(i.FLASH_WaitForLastOperation) for FLASH_WaitForLastOperation
    stm32f10x_flash.o(i.FLASH_ReadOutProtection) refers to stm32f10x_flash.o(i.FLASH_WaitForLastOperation) for FLASH_WaitForLastOperation
    stm32f10x_flash.o(i.FLASH_UserOptionByteConfig) refers to stm32f10x_flash.o(i.FLASH_WaitForLastOperation) for FLASH_WaitForLastOperation
    stm32f10x_flash.o(i.FLASH_WaitForLastBank1Operation) refers to stm32f10x_flash.o(i.FLASH_GetBank1Status) for FLASH_GetBank1Status
    stm32f10x_flash.o(i.FLASH_WaitForLastOperation) refers to stm32f10x_flash.o(i.FLASH_GetBank1Status) for FLASH_GetBank1Status
    stm32f10x_gpio.o(i.GPIO_AFIODeInit) refers to stm32f10x_rcc.o(i.RCC_APB2PeriphResetCmd) for RCC_APB2PeriphResetCmd
    stm32f10x_gpio.o(i.GPIO_DeInit) refers to stm32f10x_rcc.o(i.RCC_APB2PeriphResetCmd) for RCC_APB2PeriphResetCmd
    stm32f10x_i2c.o(i.I2C_DeInit) refers to stm32f10x_rcc.o(i.RCC_APB1PeriphResetCmd) for RCC_APB1PeriphResetCmd
    stm32f10x_i2c.o(i.I2C_Init) refers to stm32f10x_rcc.o(i.RCC_GetClocksFreq) for RCC_GetClocksFreq
[...]
    TI3_Config                               0x080025c9   Thumb Code   122  stm32f10x_tim.o(i.TI3_Config)
    i.TI4_Config                             0x08002658   Section        0  stm32f10x_tim.o(i.TI4_Config)
    TI4_Config                               0x08002659   Thumb Code   130  stm32f10x_tim.o(i.TI4_Config)
    i.TIM2_IRQHandler                        0x080026f0   Section        0  motor.o(i.TIM2_IRQHandler)
    i.TIM3_IRQHandler                        0x08002708   Section        0  main.o(i.TIM3_IRQHandler)
    i.TIM4_IRQHandler                        0x08002734   Section        0  motor.o(i.TIM4_IRQHandler)
    i.TIM_ARRPreloadConfig                   0x08002750   Section        0  stm32f10x_tim.o(i.TIM_ARRPreloadConfig)
    i.TIM_ClearFlag                          0x08002768   Section        0  stm32f10x_tim.o(i.TIM_ClearFlag)
    i.TIM_ClearITPendingBit                  0x0800276e   Section        0  stm32f10x_tim.o(i.TIM_ClearITPendingBit)
    i.TIM_Cmd                                0x08002774   Section        0  stm32f10x_tim.o(i.TIM_Cmd)
    i.TIM_CtrlPWMOutputs                     0x0800278c   Section        0  stm32f10x_tim.o(i.TIM_CtrlPWMOutputs)
    i.TIM_EncoderInterfaceConfig             0x080027aa   Section        0  stm32f10x_tim.o(i.TIM_EncoderInterfaceConfig)
    i.TIM_GetITStatus                        0x080027ec   Section        0  stm32f10x_tim.o(i.TIM_GetITStatus)
    i.TIM_ICInit                             0x08002810   Section        0  stm32f10x_tim.o(i.TIM_ICInit)
    i.TIM_ICStructInit                       0x080028bc   Section        0  stm32f10x_tim.o(i.TIM_ICStructInit)
    i.TIM_ITConfig                           0x080028ce   Section        0  stm32f10x_tim.o(i.TIM_ITConfig)
    i.TIM_InternalClockConfig                0x080028e0   Section        0  stm32f10x_tim.o(i.TIM_InternalClockConfig)
    i.TIM_OC1Init                            0x080028ec   Section        0  stm32f10x_tim.o(i.TIM_OC1Init)
    i.TIM_OC1PreloadConfig                   0x08002984   Section        0  stm32f10x_tim.o(i.TIM_OC1PreloadConfig)
    i.TIM_OC4Init                            0x08002998   Section        0  stm32f10x_tim.o(i.TIM_OC4Init)
    i.TIM_OC4PreloadConfig                   0x08002a14   Section        0  stm32f10x_tim.o(i.TIM_OC4PreloadConfig)
    i.TIM_OCStructInit                       0x08002a2e   Section        0  stm32f10x_tim.o(i.TIM_OCStructInit)
    i.TIM_SetCompare1                        0x08002a42   Section        0  stm32f10x_tim.o(i.TIM_SetCompare1)
    i.TIM_SetCompare4                        0x08002a46   Section        0  stm32f10x_tim.o(i.TIM_SetCompare4)
    i.TIM_SetCounter                         0x08002a4c   Section        0  stm32f10x_tim.o(i.TIM_SetCounter)
    i.TIM_SetIC1Prescaler                    0x08002a50   Section        0  stm32f10x_tim.o(i.TIM_SetIC1Prescaler)
    i.TIM_SetIC2Prescaler                    0x08002a62   Section        0  stm32f10x_tim.o(i.TIM_SetIC2Prescaler)
    i.TIM_SetIC3Prescaler                    0x08002a7c   Section        0  stm32f10x_tim.o(i.TIM_SetIC3Prescaler)
    i.TIM_SetIC4Prescaler                    0x08002a8e   Section        0  stm32f10x_tim.o(i.TIM_SetIC4Prescaler)
    i.TIM_TimeBaseInit                       0x08002aa8   Section        0  stm32f10x_tim.o(i.TIM_TimeBaseInit)
    i.Timer3IT_Init                          0x08002b4c   Section        0  timer.o(i.Timer3IT_Init)
    i.Turn                                   0x08002bc0   Section        0  control.o(i.Turn)
    i.USART_Cmd                              0x08002cc8   Section        0  stm32f10x_usart.o(i.USART_Cmd)
    i.USART_Config                           0x08002ce0   Section        0  bsp_usart.o(i.USART_Config)
    i.USART_GetFlagStatus                    0x08002d60   Section        0  stm32f10x_usart.o(i.USART_GetFlagStatus)
    i.USART_Init                             0x08002d7c   Section        0  stm32f10x_usart.o(i.USART_Init)
    i.USART_SendData                         0x08002e54   Section        0  stm32f10x_usart.o(i.USART_SendData)
    i.UsageFault_Handler                     0x08002e5c   Section        0  stm32f10x_it.o(i.UsageFault_Handler)
    i.__0printf                              0x08002e60   Section        0  printfa.o(i.__0printf)
    i.__ARM_fpclassify                       0x08002e80   Section        0  fpclassify.o(i.__ARM_fpclassify)
    i.__kernel_poly                          0x08002ea8   Section        0  poly.o(i.__kernel_poly)
    i.__mathlib_dbl_infnan                   0x08002f52   Section        0  dunder.o(i.__mathlib_dbl_infnan)
    i.__mathlib_dbl_infnan2                  0x08002f58   Section        0  dunder.o(i.__mathlib_dbl_infnan2)
    i.__mathlib_dbl_invalid                  0x08002f5c   Section        0  dunder.o(i.__mathlib_dbl_invalid)
    i.__mathlib_dbl_underflow                0x08002f68   Section        0  dunder.o(i.__mathlib_dbl_underflow)
    i.__scatterload_copy                     0x08002f78   Section       14  handlers.o(i.__scatterload_copy)
    i.__scatterload_null                     0x08002f86   Section        2  handlers.o(i.__scatterload_null)
    i.__scatterload_zeroinit                 0x08002f88   Section       14  handlers.o(i.__scatterload_zeroinit)
    i.__set_errno                            0x08002f98   Section        0  errno.o(i.__set_errno)
    i._fp_digits                             0x08002fa4   Section        0  printfa.o(i._fp_digits)
    _fp_digits                               0x08002fa5   Thumb Code   366  printfa.o(i._fp_digits)
    i._printf_core                           0x08003128   Section        0  printfa.o(i._printf_core)
    _printf_core                             0x08003129   Thumb Code  1744  printfa.o(i._printf_core)
    i._printf_post_padding                   0x08003804   Section        0  printfa.o(i._printf_post_padding)
    _printf_post_padding                     0x08003805   Thumb Code    36  printfa.o(i._printf_post_padding)
    i._printf_pre_padding                    0x08003828   Section        0  printfa.o(i._printf_pre_padding)
    _printf_pre_padding                      0x08003829   Thumb Code    46  printfa.o(i._printf_pre_padding)
    i.accel_self_test                        0x08003858   Section        0  inv_mpu.o(i.accel_self_test)
    accel_self_test                          0x08003859   Thumb Code   164  inv_mpu.o(i.accel_self_test)
    i.asin                                   0x08003900   Section        0  asin.o(i.asin)
    i.atan                                   0x08003b70   Section        0  atan.o(i.atan)
    i.atan2                                  0x08003d90   Section        0  atan2.o(i.atan2)
    i.decode_gesture                         0x08003f10   Section        0  inv_mpu_dmp_motion_driver.o(i.decode_gesture)
    decode_gesture                           0x08003f11   Thumb Code    94  inv_mpu_dmp_motion_driver.o(i.decode_gesture)
    i.delay_init                             0x08003f74   Section        0  delay.o(i.delay_init)
    i.delay_ms                               0x08003fb8   Section        0  delay.o(i.delay_ms)
    i.delay_us                               0x08004004   Section        0  delay.o(i.delay_us)
    i.dmp_enable_6x_lp_quat                  0x08004050   Section        0  inv_mpu_dmp_motion_driver.o(i.dmp_enable_6x_lp_quat)
    i.dmp_enable_feature                     0x0800408c   Section        0  inv_mpu_dmp_motion_driver.o(i.dmp_enable_feature)
    i.dmp_enable_gyro_cal                    0x080042a8   Section        0  inv_mpu_dmp_motion_driver.o(i.dmp_enable_gyro_cal)
    i.dmp_enable_lp_quat                     0x08004300   Section        0  inv_mpu_dmp_motion_driver.o(i.dmp_enable_lp_quat)
    i.dmp_load_motion_driver_firmware        0x0800433c   Section        0  inv_mpu_dmp_motion_driver.o(i.dmp_load_motion_driver_firmware)
    i.dmp_read_fifo                          0x08004354   Section        0  inv_mpu_dmp_motion_driver.o(i.dmp_read_fifo)
    i.dmp_set_accel_bias                     0x08004520   Section        0  inv_mpu_dmp_motion_driver.o(i.dmp_set_accel_bias)
    i.dmp_set_fifo_rate                      0x08004650   Section        0  inv_mpu_dmp_motion_driver.o(i.dmp_set_fifo_rate)
    i.dmp_set_gyro_bias                      0x080046c0   Section        0  inv_mpu_dmp_motion_driver.o(i.dmp_set_gyro_bias)
    i.dmp_set_orientation                    0x080047f0   Section        0  inv_mpu_dmp_motion_driver.o(i.dmp_set_orientation)
    i.dmp_set_shake_reject_thresh            0x08004928   Section        0  inv_mpu_dmp_motion_driver.o(i.dmp_set_shake_reject_thresh)
    i.dmp_set_shake_reject_time              0x08004960   Section        0  inv_mpu_dmp_motion_driver.o(i.dmp_set_shake_reject_time)
    i.dmp_set_shake_reject_timeout           0x08004986   Section        0  inv_mpu_dmp_motion_driver.o(i.dmp_set_shake_reject_timeout)
    i.dmp_set_tap_axes                       0x080049ac   Section        0  inv_mpu_dmp_motion_driver.o(i.dmp_set_tap_axes)
    i.dmp_set_tap_count                      0x080049f2   Section        0  inv_mpu_dmp_motion_driver.o(i.dmp_set_tap_count)
    i.dmp_set_tap_thresh                     0x08004a18   Section        0  inv_mpu_dmp_motion_driver.o(i.dmp_set_tap_thresh)
    i.dmp_set_tap_time                       0x08004bb8   Section        0  inv_mpu_dmp_motion_driver.o(i.dmp_set_tap_time)
    i.dmp_set_tap_time_multi                 0x08004bde   Section        0  inv_mpu_dmp_motion_driver.o(i.dmp_set_tap_time_multi)
    i.fputc                                  0x08004c04   Section        0  bsp_usart.o(i.fputc)
    i.get_accel_prod_shift                   0x08004c28   Section        0  inv_mpu.o(i.get_accel_prod_shift)
    get_accel_prod_shift                     0x08004c29   Thumb Code   168  inv_mpu.o(i.get_accel_prod_shift)
    i.get_st_biases                          0x08004cdc   Section        0  inv_mpu.o(i.get_st_biases)
    get_st_biases                            0x08004cdd   Thumb Code  1132  inv_mpu.o(i.get_st_biases)
    i.gyro_self_test                         0x0800514c   Section        0  inv_mpu.o(i.gyro_self_test)
    gyro_self_test                           0x0800514d   Thumb Code   256  inv_mpu.o(i.gyro_self_test)
    i.inv_orientation_matrix_to_scalar       0x0800525c   Section        0  inv_mpu.o(i.inv_orientation_matrix_to_scalar)
    i.inv_row_2_scale                        0x08005284   Section        0  inv_mpu.o(i.inv_row_2_scale)
    i.main                                   0x080052d2   Section        0  main.o(i.main)
    i.mget_ms                                0x080052da   Section        0  inv_mpu.o(i.mget_ms)
    i.mpu_configure_fifo                     0x080052dc   Section        0  inv_mpu.o(i.mpu_configure_fifo)
    i.mpu_dmp_get_data                       0x0800534c   Section        0  inv_mpu.o(i.mpu_dmp_get_data)
    i.mpu_dmp_init                           0x08005570   Section        0  inv_mpu.o(i.mpu_dmp_init)
    i.mpu_get_accel_fsr                      0x08005610   Section        0  inv_mpu.o(i.mpu_get_accel_fsr)
    i.mpu_get_accel_sens                     0x0800565c   Section        0  inv_mpu.o(i.mpu_get_accel_sens)
    i.mpu_get_fifo_config                    0x080056b0   Section        0  inv_mpu.o(i.mpu_get_fifo_config)
    i.mpu_get_gyro_fsr                       0x080056c0   Section        0  inv_mpu.o(i.mpu_get_gyro_fsr)
    i.mpu_get_gyro_sens                      0x08005704   Section        0  inv_mpu.o(i.mpu_get_gyro_sens)
    i.mpu_get_lpf                            0x08005754   Section        0  inv_mpu.o(i.mpu_get_lpf)
    i.mpu_get_sample_rate                    0x080057a4   Section        0  inv_mpu.o(i.mpu_get_sample_rate)
    i.mpu_init                               0x080057c4   Section        0  inv_mpu.o(i.mpu_init)
    i.mpu_load_firmware                      0x080059b4   Section        0  inv_mpu.o(i.mpu_load_firmware)
    i.mpu_lp_accel_mode                      0x08005a6c   Section        0  inv_mpu.o(i.mpu_lp_accel_mode)
    i.mpu_read_fifo_stream                   0x08005b4c   Section        0  inv_mpu.o(i.mpu_read_fifo_stream)
    i.mpu_read_mem                           0x08005c0c   Section        0  inv_mpu.o(i.mpu_read_mem)
    i.mpu_reset_fifo                         0x08005c8c   Section        0  inv_mpu.o(i.mpu_reset_fifo)
    i.mpu_run_self_test                      0x08005e54   Section        0  inv_mpu.o(i.mpu_run_self_test)
    i.mpu_set_accel_fsr                      0x08005f70   Section        0  inv_mpu.o(i.mpu_set_accel_fsr)
    i.mpu_set_bypass                         0x08005ff4   Section        0  inv_mpu.o(i.mpu_set_bypass)
    i.mpu_set_dmp_state                      0x08006140   Section        0  inv_mpu.o(i.mpu_set_dmp_state)
    i.mpu_set_gyro_fsr                       0x080061d0   Section        0  inv_mpu.o(i.mpu_set_gyro_fsr)
    i.mpu_set_int_latched                    0x08006258   Section        0  inv_mpu.o(i.mpu_set_int_latched)
    i.mpu_set_lpf                            0x080062c4   Section        0  inv_mpu.o(i.mpu_set_lpf)
    i.mpu_set_sample_rate                    0x08006348   Section        0  inv_mpu.o(i.mpu_set_sample_rate)
    i.mpu_set_sensors                        0x080063e4   Section        0  inv_mpu.o(i.mpu_set_sensors)
    i.mpu_write_mem                          0x080064b4   Section        0  inv_mpu.o(i.mpu_write_mem)
    i.run_self_test                          0x08006534   Section        0  inv_mpu.o(i.run_self_test)
    i.set_int_enable                         0x080065c8   Section        0  inv_mpu.o(i.set_int_enable)
    set_int_enable                           0x080065c9   Thumb Code   138  inv_mpu.o(i.set_int_enable)
    i.sqrt                                   0x08006658   Section        0  sqrt.o(i.sqrt)
    .constdata                               0x080066a4   Section       80  inv_mpu.o(.constdata)
    .constdata                               0x080066f4   Section     3062  inv_mpu_dmp_motion_driver.o(.constdata)
    dmp_memory                               0x080066f4   Data        3062  inv_mpu_dmp_motion_driver.o(.constdata)
    .constdata                               0x080072ea   Section     1520  oled.o(.constdata)
    .constdata                               0x080078e0   Section       80  asin.o(.constdata)
    pS                                       0x080078e0   Data          48  asin.o(.constdata)
    qS                                       0x08007910   Data          32  asin.o(.constdata)
    .constdata                               0x08007930   Section      152  atan.o(.constdata)
    atanhi                                   0x08007930   Data          32  atan.o(.constdata)
    atanlo                                   0x08007950   Data          32  atan.o(.constdata)
    aTodd                                    0x08007970   Data          40  atan.o(.constdata)
    aTeven                                   0x08007998   Data          48  atan.o(.constdata)
    .constdata                               0x080079c8   Section        8  qnan.o(.constdata)
    .conststring                             0x080079d0   Section       77  inv_mpu.o(.conststring)
    .data                                    0x20000000   Section       20  system_stm32f10x.o(.data)
    .data                                    0x20000014   Section       20  stm32f10x_rcc.o(.data)
    APBAHBPrescTable                         0x20000014   Data          16  stm32f10x_rcc.o(.data)
    ADCPrescTable                            0x20000024   Data           4  stm32f10x_rcc.o(.data)
    .data                                    0x20000028   Section       53  inv_mpu.o(.data)
    st                                       0x20000028   Data          44  inv_mpu.o(.data)
    gyro_orientation                         0x20000054   Data           9  inv_mpu.o(.data)
    .data                                    0x2000005e   Section        4  delay.o(.data)
    fac_us                                   0x2000005e   Data           1  delay.o(.data)
    fac_ms                                   0x20000060   Data           2  delay.o(.data)
    .data                                    0x20000062   Section        2  mpu6050.o(.data)
    .data                                    0x20000064   Section       10  nrf24l01.o(.data)
    .data                                    0x20000070   Section       44  control.o(.data)
    out                                      0x20000090   Data           4  control.o(.data)
    out                                      0x20000094   Data           4  control.o(.data)
    out                                      0x20000098   Data           4  control.o(.data)
    .data                                    0x2000009c   Section       27  main.o(.data)
    .data                                    0x200000b8   Section        4  stdout.o(.data)
    .data                                    0x200000bc   Section        4  errno.o(.data)
    _errno                                   0x200000bc   Data           4  errno.o(.data)
    .bss                                     0x200000c0   Section       16  inv_mpu_dmp_motion_driver.o(.bss)
    dmp                                      0x200000c0   Data          16  inv_mpu_dmp_motion_driver.o(.bss)
    .bss                                     0x200000d0   Section       12  mpu6050.o(.bss)
    .bss                                     0x200000dc   Section      112  control.o(.bss)
    .bss                                     0x2000014c   Section       32  main.o(.bss)
    STACK                                    0x20000170   Section     1024  startup_stm32f10x_md.o(STACK)

    Global Symbols

    Symbol Name                              Value     Ov Type        Size  Object(Section)

    BuildAttributes$$THM_ISAv4$P$D$K$B$S$PE$A:L22UL41UL21$X:L11$S22US41US21$IEEE1$IW$USESV6$~STKCKD$USESV7$~SHL$OTIME$ROPI$IEEEX$EBA8$MICROLIB$REQ8$PRES8$EABIv2 0x00000000   Number         0  anon$$obj.o ABSOLUTE
    __ARM_use_no_argv                        0x00000000   Number         0  main.o ABSOLUTE
    _printf_a                                0x00000000   Number         0  stubs.o ABSOLUTE
    _printf_c                                0x00000000   Number         0  stubs.o ABSOLUTE
    _printf_charcount                        0x00000000   Number         0  stubs.o ABSOLUTE
    _printf_d                                0x00000000   Number         0  stubs.o ABSOLUTE
    _printf_e                                0x00000000   Number         0  stubs.o ABSOLUTE
    _printf_f                                0x00000000   Number         0  stubs.o ABSOLUTE
    _printf_flags                            0x00000000   Number         0  stubs.o ABSOLUTE
    _printf_fp_dec                           0x00000000   Number         0  stubs.o ABSOLUTE
    _printf_fp_hex                           0x00000000   Number         0  stubs.o ABSOLUTE
    _printf_g                                0x00000000   Number         0  stubs.o ABSOLUTE
    _printf_i                                0x00000000   Number         0  stubs.o ABSOLUTE
    _printf_int_dec                          0x00000000   Number         0  stubs.o ABSOLUTE
    _printf_l                                0x00000000   Number         0  stubs.o ABSOLUTE
    _printf_lc                               0x00000000   Number         0  stubs.o ABSOLUTE
    _printf_ll                               0x00000000   Number         0  stubs.o ABSOLUTE
    _printf_lld                              0x00000000   Number         0  stubs.o ABSOLUTE
    _printf_lli                              0x00000000   Number         0  stubs.o ABSOLUTE
    _printf_llo                              0x00000000   Number         0  stubs.o ABSOLUTE
    _printf_llu                              0x00000000   Number         0  stubs.o ABSOLUTE
    _printf_llx                              0x00000000   Number         0  stubs.o ABSOLUTE
    _printf_longlong_dec                     0x00000000   Number         0  stubs.o ABSOLUTE
    _printf_longlong_hex                     0x00000000   Number         0  stubs.o ABSOLUTE
    _printf_longlong_oct                     0x00000000   Number         0  stubs.o ABSOLUTE
    _printf_ls                               0x00000000   Number         0  stubs.o ABSOLUTE
    _printf_mbtowc                           0x00000000   Number         0  stubs.o ABSOLUTE
    _printf_n                                0x00000000   Number         0  stubs.o ABSOLUTE
    _printf_o                                0x00000000   Number         0  stubs.o ABSOLUTE
    _printf_p                                0x00000000   Number         0  stubs.o ABSOLUTE
    _printf_percent                          0x00000000   Number         0  stubs.o ABSOLUTE
    _printf_pre_padding                      0x00000000   Number         0  stubs.o ABSOLUTE
    _printf_return_value                     0x00000000   Number         0  stubs.o ABSOLUTE
    _printf_s                                0x00000000   Number         0  stubs.o ABSOLUTE
    _printf_sizespec                         0x00000000   Number         0  stubs.o ABSOLUTE
    _printf_str                              0x00000000   Number         0  stubs.o ABSOLUTE
    _printf_truncate_signed                  0x00000000   Number         0  stubs.o ABSOLUTE
    _printf_truncate_unsigned                0x00000000   Number         0  stubs.o ABSOLUTE
    _printf_u                                0x00000000   Number         0  stubs.o ABSOLUTE
    _printf_wc                               0x00000000   Number         0  stubs.o ABSOLUTE
    _printf_wctomb                           0x00000000   Number         0  stubs.o ABSOLUTE
    _printf_widthprec                        0x00000000   Number         0  stubs.o ABSOLUTE
    _printf_x                                0x00000000   Number         0  stubs.o ABSOLUTE
    __cpp_initialize__aeabi_                  - Undefined Weak Reference
    __cxa_finalize                            - Undefined Weak Reference
    __decompress                              - Undefined Weak Reference
    _clock_init                               - Undefined Weak Reference
    _microlib_exit                            - Undefined Weak Reference
    __Vectors_Size                           0x000000ec   Number         0  startup_stm32f10x_md.o ABSOLUTE
    __Vectors                                0x08000000   Data           4  startup_stm32f10x_md.o(RESET)
    __Vectors_End                            0x080000ec   Data           0  startup_stm32f10x_md.o(RESET)
    __main                                   0x080000ed   Thumb Code     0  entry.o(.ARM.Collect$$$$00000000)
    _main_stk                                0x080000ed   Thumb Code     0  entry2.o(.ARM.Collect$$$$00000001)
    _main_scatterload                        0x080000f1   Thumb Code     0  entry5.o(.ARM.Collect$$$$00000004)
    __main_after_scatterload                 0x080000f5   Thumb Code     0  entry5.o(.ARM.Collect$$$$00000004)
    _main_clock                              0x080000f5   Thumb Code     0  entry7b.o(.ARM.Collect$$$$00000008)
    _main_cpp_init                           0x080000f5   Thumb Code     0  entry8b.o(.ARM.Collect$$$$0000000A)
    _main_init                               0x080000f5   Thumb Code     0  entry9a.o(.ARM.Collect$$$$0000000B)
    __rt_final_cpp                           0x080000fd   Thumb Code     0  entry10a.o(.ARM.Collect$$$$0000000D)
    __rt_final_exit                          0x080000fd   Thumb Code     0  entry11a.o(.ARM.Collect$$$$0000000F)
    Reset_Handler                            0x08000101   Thumb Code     8  startup_stm32f10x_md.o(.text)
    ADC1_2_IRQHandler                        0x0800011b   Thumb Code     0  startup_stm32f10x_md.o(.text)
    CAN1_RX1_IRQHandler                      0x0800011b   Thumb Code     0  startup_stm32f10x_md.o(.text)
    CAN1_SCE_IRQHandler                      0x0800011b   Thumb Code     0  startup_stm32f10x_md.o(.text)
    DMA1_Channel1_IRQHandler                 0x0800011b   Thumb Code     0  startup_stm32f10x_md.o(.text)
    DMA1_Channel2_IRQHandler                 0x0800011b   Thumb Code     0  startup_stm32f10x_md.o(.text)
    DMA1_Channel3_IRQHandler                 0x0800011b   Thumb Code     0  startup_stm32f10x_md.o(.text)
    DMA1_Channel4_IRQHandler                 0x0800011b   Thumb Code     0  startup_stm32f10x_md.o(.text)
    DMA1_Channel5_IRQHandler                 0x0800011b   Thumb Code     0  startup_stm32f10x_md.o(.text)
    DMA1_Channel6_IRQHandler                 0x0800011b   Thumb Code     0  startup_stm32f10x_md.o(.text)
    DMA1_Channel7_IRQHandler                 0x0800011b   Thumb Code     0  startup_stm32f10x_md.o(.text)
    EXTI0_IRQHandler                         0x0800011b   Thumb Code     0  startup_stm32f10x_md.o(.text)
    EXTI15_10_IRQHandler                     0x0800011b   Thumb Code     0  startup_stm32f10x_md.o(.text)
    EXTI1_IRQHandler                         0x0800011b   Thumb Code     0  startup_stm32f10x_md.o(.text)
    EXTI2_IRQHandler                         0x0800011b   Thumb Code     0  startup_stm32f10x_md.o(.text)
    EXTI3_IRQHandler                         0x0800011b   Thumb Code     0  startup_stm32f10x_md.o(.text)
    EXTI4_IRQHandler                         0x0800011b   Thumb Code     0  startup_stm32f10x_md.o(.text)
    EXTI9_5_IRQHandler                       0x0800011b   Thumb Code     0  startup_stm32f10x_md.o(.text)
    FLASH_IRQHandler                         0x0800011b   Thumb Code     0  startup_stm32f10x_md.o(.text)
    I2C1_ER_IRQHandler                       0x0800011b   Thumb Code     0  startup_stm32f10x_md.o(.text)
    I2C1_EV_IRQHandler                       0x0800011b   Thumb Code     0  startup_stm32f10x_md.o(.text)
    I2C2_ER_IRQHandler                       0x0800011b   Thumb Code     0  startup_stm32f10x_md.o(.text)
    I2C2_EV_IRQHandler                       0x0800011b   Thumb Code     0  startup_stm32f10x_md.o(.text)
    PVD_IRQHandler                           0x0800011b   Thumb Code     0  startup_stm32f10x_md.o(.text)
    RCC_IRQHandler                           0x0800011b   Thumb Code     0  startup_stm32f10x_md.o(.text)
    RTCAlarm_IRQHandler                      0x0800011b   Thumb Code     0  startup_stm32f10x_md.o(.text)
    RTC_IRQHandler                           0x0800011b   Thumb Code     0  startup_stm32f10x_md.o(.text)
    SPI1_IRQHandler                          0x0800011b   Thumb Code     0  startup_stm32f10x_md.o(.text)
    SPI2_IRQHandler                          0x0800011b   Thumb Code     0  startup_stm32f10x_md.o(.text)
    TAMPER_IRQHandler                        0x0800011b   Thumb Code     0  startup_stm32f10x_md.o(.text)
    TIM1_BRK_IRQHandler                      0x0800011b   Thumb Code     0  startup_stm32f10x_md.o(.text)
    TIM1_CC_IRQHandler                       0x0800011b   Thumb Code     0  startup_stm32f10x_md.o(.text)
    TIM1_TRG_COM_IRQHandler                  0x0800011b   Thumb Code     0  startup_stm32f10x_md.o(.text)
    TIM1_UP_IRQHandler                       0x0800011b   Thumb Code     0  startup_stm32f10x_md.o(.text)
    USART1_IRQHandler                        0x0800011b   Thumb Code     0  startup_stm32f10x_md.o(.text)
    USART2_IRQHandler                        0x0800011b   Thumb Code     0  startup_stm32f10x_md.o(.text)
    USART3_IRQHandler                        0x0800011b   Thumb Code     0  startup_stm32f10x_md.o(.text)
    USBWakeUp_IRQHandler                     0x0800011b   Thumb Code     0  startup_stm32f10x_md.o(.text)
    USB_HP_CAN1_TX_IRQHandler                0x0800011b   Thumb Code     0  startup_stm32f10x_md.o(.text)
    USB_LP_CAN1_RX0_IRQHandler               0x0800011b   Thumb Code     0  startup_stm32f10x_md.o(.text)
    WWDG_IRQHandler                          0x0800011b   Thumb Code     0  startup_stm32f10x_md.o(.text)
    __aeabi_ldivmod                          0x08000125   Thumb Code    98  ldiv.o(.text)
    __aeabi_memset                           0x08000187   Thumb Code    14  memseta.o(.text)
    __aeabi_memset4                          0x08000187   Thumb Code     0  memseta.o(.text)
    __aeabi_memset8                          0x08000187   Thumb Code     0  memseta.o(.text)
    __aeabi_memclr                           0x08000195   Thumb Code     4  memseta.o(.text)
    __aeabi_memclr4                          0x08000195   Thumb Code     0  memseta.o(.text)
    __aeabi_memclr8                          0x08000195   Thumb Code     0  memseta.o(.text)
    _memset$wrapper                          0x08000199   Thumb Code    18  memseta.o(.text)
    memcmp                                   0x080001ab   Thumb Code    26  memcmp.o(.text)
    __aeabi_fadd                             0x080001c5   Thumb Code   164  fadd.o(.text)
    __aeabi_fsub                             0x08000269   Thumb Code     6  fadd.o(.text)
    __aeabi_frsub                            0x0800026f   Thumb Code     6  fadd.o(.text)
    __aeabi_fmul                             0x08000275   Thumb Code   100  fmul.o(.text)
    __aeabi_fdiv                             0x080002d9   Thumb Code   124  fdiv.o(.text)
    __aeabi_dadd                             0x08000355   Thumb Code   322  dadd.o(.text)
    __aeabi_dsub                             0x08000497   Thumb Code     6  dadd.o(.text)
    __aeabi_drsub                            0x0800049d   Thumb Code     6  dadd.o(.text)
    __aeabi_dmul                             0x080004a3   Thumb Code   228  dmul.o(.text)
    __aeabi_ddiv                             0x08000587   Thumb Code   222  ddiv.o(.text)
    __aeabi_i2f                              0x08000665   Thumb Code    18  fflti.o(.text)
    __aeabi_ui2f                             0x08000677   Thumb Code    10  ffltui.o(.text)
    __aeabi_i2d                              0x08000681   Thumb Code    34  dflti.o(.text)
    __aeabi_f2iz                             0x080006a3   Thumb Code    50  ffixi.o(.text)
    __aeabi_f2uiz                            0x080006d5   Thumb Code    40  ffixui.o(.text)
    __aeabi_f2d                              0x080006fd   Thumb Code    38  f2d.o(.text)
    __aeabi_d2f                              0x08000723   Thumb Code    56  d2f.o(.text)
    __aeabi_cfcmpeq                          0x0800075d   Thumb Code     0  cfcmple.o(.text)
    __aeabi_cfcmple                          0x0800075d   Thumb Code    20  cfcmple.o(.text)
    __aeabi_cfrcmple                         0x08000771   Thumb Code    20  cfrcmple.o(.text)
    __aeabi_uidiv                            0x08000785   Thumb Code     0  uidiv.o(.text)
    __aeabi_uidivmod                         0x08000785   Thumb Code    44  uidiv.o(.text)
    __aeabi_uldivmod                         0x080007b1   Thumb Code    98  uldiv.o(.text)
    __aeabi_llsl                             0x08000813   Thumb Code    30  llshl.o(.text)
    _ll_shift_l                              0x08000813   Thumb Code     0  llshl.o(.text)
    __aeabi_lasr                             0x08000831   Thumb Code    36  llsshr.o(.text)
    _ll_sshift_r                             0x08000831   Thumb Code     0  llsshr.o(.text)
    __I$use$fp                               0x08000855   Thumb Code     0  iusefp.o(.text)
    _float_round                             0x08000855   Thumb Code    18  fepilogue.o(.text)
    _float_epilogue                          0x08000867   Thumb Code    92  fepilogue.o(.text)
    _double_round                            0x080008c3   Thumb Code    30  depilogue.o(.text)
    _double_epilogue                         0x080008e1   Thumb Code   156  depilogue.o(.text)
    __ARM_scalbn                             0x0800097d   Thumb Code    46  dscalb.o(.text)
    scalbn                                   0x0800097d   Thumb Code     0  dscalb.o(.text)
    __aeabi_d2ulz                            0x080009ab   Thumb Code    48  dfixul.o(.text)
    __aeabi_cdrcmple                         0x080009dd   Thumb Code    48  cdrcmple.o(.text)
    __scatterload                            0x08000a0d   Thumb Code    28  init.o(.text)
    __scatterload_rt2                        0x08000a0d   Thumb Code     0  init.o(.text)
    __aeabi_llsr                             0x08000a31   Thumb Code    32  llushr.o(.text)
    _ll_ushift_r                             0x08000a31   Thumb Code     0  llushr.o(.text)
    _dsqrt                                   0x08000a51   Thumb Code   162  dsqrt.o(.text)
    BusFault_Handler                         0x08000af3   Thumb Code     4  stm32f10x_it.o(i.BusFault_Handler)
    Check                                    0x08000af9   Thumb Code    34  nrf24l01.o(i.Check)
    Control_Init                             0x08000b51   Thumb Code    74  control.o(i.Control_Init)
    DATA_Report                              0x08000bbd   Thumb Code   332  mpu6050.o(i.DATA_Report)
    DebugMon_Handler                         0x08000d45   Thumb Code     2  stm32f10x_it.o(i.DebugMon_Handler)
    Encoder_Init                             0x08000d49   Thumb Code   234  motor.o(i.Encoder_Init)
    GPIO_Init                                0x08000e41   Thumb Code   278  stm32f10x_gpio.o(i.GPIO_Init)
    GPIO_ReadInputDataBit                    0x08000f57   Thumb Code    18  stm32f10x_gpio.o(i.GPIO_ReadInputDataBit)
    GPIO_ResetBits                           0x08000f69   Thumb Code     4  stm32f10x_gpio.o(i.GPIO_ResetBits)
    GPIO_SetBits                             0x08000f6d   Thumb Code     4  stm32f10x_gpio.o(i.GPIO_SetBits)
    GPIO_WriteBit                            0x08000f71   Thumb Code    10  stm32f10x_gpio.o(i.GPIO_WriteBit)
    Go_Ahead                                 0x08000f7d   Thumb Code    84  control.o(i.Go_Ahead)
    Go_Back                                  0x08000fe1   Thumb Code    40  control.o(i.Go_Back)
    HardFault_Handler                        0x0800100d   Thumb Code     4  stm32f10x_it.o(i.HardFault_Handler)
    MPU_Get_Temperature                      0x08001011   Thumb Code    86  mpu6050.o(i.MPU_Get_Temperature)
    MPU_IIC_Ack                              0x08001079   Thumb Code    62  mpuiic.o(i.MPU_IIC_Ack)
    MPU_IIC_Delay                            0x080010c5   Thumb Code    10  mpuiic.o(i.MPU_IIC_Delay)
    MPU_IIC_Init                             0x080010d1   Thumb Code    46  mpuiic.o(i.MPU_IIC_Init)
    MPU_IIC_NAck                             0x08001105   Thumb Code    62  mpuiic.o(i.MPU_IIC_NAck)
    MPU_IIC_Read_Byte                        0x08001151   Thumb Code    94  mpuiic.o(i.MPU_IIC_Read_Byte)
    MPU_IIC_Send_Byte                        0x080011bd   Thumb Code    80  mpuiic.o(i.MPU_IIC_Send_Byte)
    MPU_IIC_Start                            0x08001219   Thumb Code    60  mpuiic.o(i.MPU_IIC_Start)
    MPU_IIC_Stop                             0x08001261   Thumb Code    58  mpuiic.o(i.MPU_IIC_Stop)
    MPU_IIC_Wait_Ack                         0x080012a9   Thumb Code    86  mpuiic.o(i.MPU_IIC_Wait_Ack)
    MPU_Init                                 0x0800130d   Thumb Code   130  mpu6050.o(i.MPU_Init)
    MPU_Read                                 0x08001395   Thumb Code    78  mpu6050.o(i.MPU_Read)
    MPU_Read_Byte                            0x080013fd   Thumb Code    58  mpu6050.o(i.MPU_Read_Byte)
    MPU_Read_Len                             0x08001437   Thumb Code   116  mpu6050.o(i.MPU_Read_Len)
    MPU_Set_Accel_Fsr                        0x080014ab   Thumb Code    16  mpu6050.o(i.MPU_Set_Accel_Fsr)
    MPU_Set_Gyro_Fsr                         0x080014bb   Thumb Code    16  mpu6050.o(i.MPU_Set_Gyro_Fsr)
    MPU_Set_LPF                              0x080014cb   Thumb Code    58  mpu6050.o(i.MPU_Set_LPF)
    MPU_Set_Rate                             0x08001505   Thumb Code    58  mpu6050.o(i.MPU_Set_Rate)
    MPU_Write_Byte                           0x0800153f   Thumb Code    68  mpu6050.o(i.MPU_Write_Byte)
    MPU_Write_Len                            0x08001583   Thumb Code    96  mpu6050.o(i.MPU_Write_Len)
    MemManage_Handler                        0x080015e3   Thumb Code     4  stm32f10x_it.o(i.MemManage_Handler)
    Mode_Select                              0x080015e9   Thumb Code   138  control.o(i.Mode_Select)
    Motor1_SetDirct                          0x080016e1   Thumb Code    32  motor.o(i.Motor1_SetDirct)
    Motor2_SetDirct                          0x08001705   Thumb Code    32  motor.o(i.Motor2_SetDirct)
    Motor_Init                               0x08001729   Thumb Code    44  motor.o(i.Motor_Init)
    NMI_Handler                              0x08001759   Thumb Code     2  stm32f10x_it.o(i.NMI_Handler)
    NRF_Check                                0x0800175d   Thumb Code    68  nrf24l01.o(i.NRF_Check)
    NRF_RX_Mode                              0x080017a9   Thumb Code    82  nrf24l01.o(i.NRF_RX_Mode)
    NRF_Rx_Dat                               0x08001805   Thumb Code    90  nrf24l01.o(i.NRF_Rx_Dat)
    NVIC_Init                                0x08001865   Thumb Code   100  misc.o(i.NVIC_Init)
    NVIC_PriorityGroupConfig                 0x080018d5   Thumb Code    10  misc.o(i.NVIC_PriorityGroupConfig)
    OLED_Clear                               0x080018e9   Thumb Code    42  oled.o(i.OLED_Clear)
    OLED_I2C_Init                            0x08001915   Thumb Code    76  oled.o(i.OLED_I2C_Init)
    OLED_I2C_SendByte                        0x08001965   Thumb Code    80  oled.o(i.OLED_I2C_SendByte)
    OLED_I2C_Start                           0x080019b9   Thumb Code    48  oled.o(i.OLED_I2C_Start)
    OLED_I2C_Stop                            0x080019ed   Thumb Code    36  oled.o(i.OLED_I2C_Stop)
    OLED_Init                                0x08001a15   Thumb Code   174  oled.o(i.OLED_Init)
    OLED_Pow                                 0x08001ac3   Thumb Code    20  oled.o(i.OLED_Pow)
    OLED_SetCursor                           0x08001ad7   Thumb Code    34  oled.o(i.OLED_SetCursor)
    OLED_ShowChar                            0x08001af9   Thumb Code   110  oled.o(i.OLED_ShowChar)
    OLED_ShowNum                             0x08001b6d   Thumb Code    68  oled.o(i.OLED_ShowNum)
    OLED_ShowString                          0x08001bb1   Thumb Code    40  oled.o(i.OLED_ShowString)
    OLED_WriteCommand                        0x08001bd9   Thumb Code    32  oled.o(i.OLED_WriteCommand)
    OLED_WriteData                           0x08001bf9   Thumb Code    32  oled.o(i.OLED_WriteData)
    PID_Straight                             0x08001c19   Thumb Code   118  control.o(i.PID_Straight)
    PID_Turn                                 0x08001c99   Thumb Code    96  control.o(i.PID_Turn)
    PWM_Init                                 0x08001d01   Thumb Code   170  pwm.o(i.PWM_Init)
    PWM_Restrict_Go                          0x08001db5   Thumb Code    54  pwm.o(i.PWM_Restrict_Go)
    PWM_Restrict_Turn                        0x08001df1   Thumb Code    54  pwm.o(i.PWM_Restrict_Turn)
    PWM_Updata                               0x08001e2d   Thumb Code    72  pwm.o(i.PWM_Updata)
    PendSV_Handler                           0x08001e79   Thumb Code     2  stm32f10x_it.o(i.PendSV_Handler)
    RCC_APB1PeriphClockCmd                   0x08001e7d   Thumb Code    26  stm32f10x_rcc.o(i.RCC_APB1PeriphClockCmd)
    RCC_APB2PeriphClockCmd                   0x08001e9d   Thumb Code    26  stm32f10x_rcc.o(i.RCC_APB2PeriphClockCmd)
    RCC_GetClocksFreq                        0x08001ebd   Thumb Code   192  stm32f10x_rcc.o(i.RCC_GetClocksFreq)
    Receive_Data                             0x08001f91   Thumb Code    66  main.o(i.Receive_Data)
    SPI_Cmd                                  0x08001ff1   Thumb Code    24  stm32f10x_spi.o(i.SPI_Cmd)
    SPI_I2S_GetFlagStatus                    0x08002009   Thumb Code    18  stm32f10x_spi.o(i.SPI_I2S_GetFlagStatus)
    SPI_I2S_ReceiveData                      0x0800201b   Thumb Code     6  stm32f10x_spi.o(i.SPI_I2S_ReceiveData)
    SPI_I2S_SendData                         0x08002021   Thumb Code     4  stm32f10x_spi.o(i.SPI_I2S_SendData)
    SPI_Init                                 0x08002025   Thumb Code    60  stm32f10x_spi.o(i.SPI_Init)
    SPI_NRF_Init                             0x08002061   Thumb Code   212  nrf24l01.o(i.SPI_NRF_Init)
    SPI_NRF_RW                               0x08002141   Thumb Code    50  nrf24l01.o(i.SPI_NRF_RW)
    SPI_NRF_ReadBuf                          0x08002179   Thumb Code    74  nrf24l01.o(i.SPI_NRF_ReadBuf)
    SPI_NRF_ReadReg                          0x080021c9   Thumb Code    52  nrf24l01.o(i.SPI_NRF_ReadReg)
    SPI_NRF_WriteBuf                         0x08002201   Thumb Code    74  nrf24l01.o(i.SPI_NRF_WriteBuf)
    SPI_NRF_WriteReg                         0x08002251   Thumb Code    54  nrf24l01.o(i.SPI_NRF_WriteReg)
    SVC_Handler                              0x0800228d   Thumb Code     2  stm32f10x_it.o(i.SVC_Handler)
    SYS_Init                                 0x08002291   Thumb Code   124  main.o(i.SYS_Init)
    Stop                                     0x0800240d   Thumb Code    20  control.o(i.Stop)
    SysTick_CLKSourceConfig                  0x08002425   Thumb Code    40  misc.o(i.SysTick_CLKSourceConfig)
    SysTick_Handler                          0x0800244d   Thumb Code     2  stm32f10x_it.o(i.SysTick_Handler)
    SystemInit                               0x08002451   Thumb Code    78  system_stm32f10x.o(i.SystemInit)
    TIM2_IRQHandler                          0x080026f1   Thumb Code    22  motor.o(i.TIM2_IRQHandler)
    TIM3_IRQHandler                          0x08002709   Thumb Code    40  main.o(i.TIM3_IRQHandler)
    TIM4_IRQHandler                          0x08002735   Thumb Code    22  motor.o(i.TIM4_IRQHandler)
    TIM_ARRPreloadConfig                     0x08002751   Thumb Code    24  stm32f10x_tim.o(i.TIM_ARRPreloadConfig)
    TIM_ClearFlag                            0x08002769   Thumb Code     6  stm32f10x_tim.o(i.TIM_ClearFlag)
    TIM_ClearITPendingBit                    0x0800276f   Thumb Code     6  stm32f10x_tim.o(i.TIM_ClearITPendingBit)
    TIM_Cmd                                  0x08002775   Thumb Code    24  stm32f10x_tim.o(i.TIM_Cmd)
    TIM_CtrlPWMOutputs                       0x0800278d   Thumb Code    30  stm32f10x_tim.o(i.TIM_CtrlPWMOutputs)
    TIM_EncoderInterfaceConfig               0x080027ab   Thumb Code    66  stm32f10x_tim.o(i.TIM_EncoderInterfaceConfig)
    TIM_GetITStatus                          0x080027ed   Thumb Code    34  stm32f10x_tim.o(i.TIM_GetITStatus)
    TIM_ICInit                               0x08002811   Thumb Code   150  stm32f10x_tim.o(i.TIM_ICInit)
    TIM_ICStructInit                         0x080028bd   Thumb Code    18  stm32f10x_tim.o(i.TIM_ICStructInit)
    TIM_ITConfig                             0x080028cf   Thumb Code    18  stm32f10x_tim.o(i.TIM_ITConfig)
    TIM_InternalClockConfig                  0x080028e1   Thumb Code    12  stm32f10x_tim.o(i.TIM_InternalClockConfig)
    TIM_OC1Init                              0x080028ed   Thumb Code   132  stm32f10x_tim.o(i.TIM_OC1Init)
    TIM_OC1PreloadConfig                     0x08002985   Thumb Code    18  stm32f10x_tim.o(i.TIM_OC1PreloadConfig)
    TIM_OC4Init                              0x08002999   Thumb Code   114  stm32f10x_tim.o(i.TIM_OC4Init)
    TIM_OC4PreloadConfig                     0x08002a15   Thumb Code    26  stm32f10x_tim.o(i.TIM_OC4PreloadConfig)
    TIM_OCStructInit                         0x08002a2f   Thumb Code    20  stm32f10x_tim.o(i.TIM_OCStructInit)
    TIM_SetCompare1                          0x08002a43   Thumb Code     4  stm32f10x_tim.o(i.TIM_SetCompare1)
    TIM_SetCompare4                          0x08002a47   Thumb Code     6  stm32f10x_tim.o(i.TIM_SetCompare4)
    TIM_SetCounter                           0x08002a4d   Thumb Code     4  stm32f10x_tim.o(i.TIM_SetCounter)
    TIM_SetIC1Prescaler                      0x08002a51   Thumb Code    18  stm32f10x_tim.o(i.TIM_SetIC1Prescaler)
    TIM_SetIC2Prescaler                      0x08002a63   Thumb Code    26  stm32f10x_tim.o(i.TIM_SetIC2Prescaler)
    TIM_SetIC3Prescaler                      0x08002a7d   Thumb Code    18  stm32f10x_tim.o(i.TIM_SetIC3Prescaler)
    TIM_SetIC4Prescaler                      0x08002a8f   Thumb Code    26  stm32f10x_tim.o(i.TIM_SetIC4Prescaler)
    TIM_TimeBaseInit                         0x08002aa9   Thumb Code   122  stm32f10x_tim.o(i.TIM_TimeBaseInit)
    Timer3IT_Init                            0x08002b4d   Thumb Code   110  timer.o(i.Timer3IT_Init)
    Turn                                     0x08002bc1   Thumb Code   212  control.o(i.Turn)
    USART_Cmd                                0x08002cc9   Thumb Code    24  stm32f10x_usart.o(i.USART_Cmd)
    USART_Config                             0x08002ce1   Thumb Code   120  bsp_usart.o(i.USART_Config)
    USART_GetFlagStatus                      0x08002d61   Thumb Code    26  stm32f10x_usart.o(i.USART_GetFlagStatus)
    USART_Init                               0x08002d7d   Thumb Code   210  stm32f10x_usart.o(i.USART_Init)
    USART_SendData                           0x08002e55   Thumb Code     8  stm32f10x_usart.o(i.USART_SendData)
    UsageFault_Handler                       0x08002e5d   Thumb Code     4  stm32f10x_it.o(i.UsageFault_Handler)
    __0printf                                0x08002e61   Thumb Code    22  printfa.o(i.__0printf)
    __1printf                                0x08002e61   Thumb Code     0  printfa.o(i.__0printf)
    __2printf                                0x08002e61   Thumb Code     0  printfa.o(i.__0printf)
    __c89printf                              0x08002e61   Thumb Code     0  printfa.o(i.__0printf)
    printf                                   0x08002e61   Thumb Code     0  printfa.o(i.__0printf)
    __ARM_fpclassify                         0x08002e81   Thumb Code    40  fpclassify.o(i.__ARM_fpclassify)
    __kernel_poly                            0x08002ea9   Thumb Code   170  poly.o(i.__kernel_poly)
    __mathlib_dbl_infnan                     0x08002f53   Thumb Code     6  dunder.o(i.__mathlib_dbl_infnan)
    __mathlib_dbl_infnan2                    0x08002f59   Thumb Code     4  dunder.o(i.__mathlib_dbl_infnan2)
    __mathlib_dbl_invalid                    0x08002f5d   Thumb Code    12  dunder.o(i.__mathlib_dbl_invalid)
    __mathlib_dbl_underflow                  0x08002f69   Thumb Code    10  dunder.o(i.__mathlib_dbl_underflow)
    __scatterload_copy                       0x08002f79   Thumb Code    14  handlers.o(i.__scatterload_copy)
    __scatterload_null                       0x08002f87   Thumb Code     2  handlers.o(i.__scatterload_null)
    __scatterload_zeroinit                   0x08002f89   Thumb Code    14  handlers.o(i.__scatterload_zeroinit)
    __set_errno                              0x08002f99   Thumb Code     6  errno.o(i.__set_errno)
    asin                                     0x08003901   Thumb Code   572  asin.o(i.asin)
    atan                                     0x08003b71   Thumb Code   474  atan.o(i.atan)
    atan2                                    0x08003d91   Thumb Code   346  atan2.o(i.atan2)
    delay_init                               0x08003f75   Thumb Code    50  delay.o(i.delay_init)
    delay_ms                                 0x08003fb9   Thumb Code    72  delay.o(i.delay_ms)
    delay_us                                 0x08004005   Thumb Code    72  delay.o(i.delay_us)
    dmp_enable_6x_lp_quat                    0x08004051   Thumb Code    60  inv_mpu_dmp_motion_driver.o(i.dmp_enable_6x_lp_quat)
    dmp_enable_feature                       0x0800408d   Thumb Code   530  inv_mpu_dmp_motion_driver.o(i.dmp_enable_feature)
    dmp_enable_gyro_cal                      0x080042a9   Thumb Code    62  inv_mpu_dmp_motion_driver.o(i.dmp_enable_gyro_cal)
    dmp_enable_lp_quat                       0x08004301   Thumb Code    60  inv_mpu_dmp_motion_driver.o(i.dmp_enable_lp_quat)
    dmp_load_motion_driver_firmware          0x0800433d   Thumb Code    20  inv_mpu_dmp_motion_driver.o(i.dmp_load_motion_driver_firmware)
    dmp_read_fifo                            0x08004355   Thumb Code   456  inv_mpu_dmp_motion_driver.o(i.dmp_read_fifo)
    dmp_set_accel_bias                       0x08004521   Thumb Code   300  inv_mpu_dmp_motion_driver.o(i.dmp_set_accel_bias)
    dmp_set_fifo_rate                        0x08004651   Thumb Code    96  inv_mpu_dmp_motion_driver.o(i.dmp_set_fifo_rate)
    dmp_set_gyro_bias                        0x080046c1   Thumb Code   294  inv_mpu_dmp_motion_driver.o(i.dmp_set_gyro_bias)
    dmp_set_orientation                      0x080047f1   Thumb Code   290  inv_mpu_dmp_motion_driver.o(i.dmp_set_orientation)
    dmp_set_shake_reject_thresh              0x08004929   Thumb Code    56  inv_mpu_dmp_motion_driver.o(i.dmp_set_shake_reject_thresh)
    dmp_set_shake_reject_time                0x08004961   Thumb Code    38  inv_mpu_dmp_motion_driver.o(i.dmp_set_shake_reject_time)
    dmp_set_shake_reject_timeout             0x08004987   Thumb Code    38  inv_mpu_dmp_motion_driver.o(i.dmp_set_shake_reject_timeout)
    dmp_set_tap_axes                         0x080049ad   Thumb Code    70  inv_mpu_dmp_motion_driver.o(i.dmp_set_tap_axes)
    dmp_set_tap_count                        0x080049f3   Thumb Code    38  inv_mpu_dmp_motion_driver.o(i.dmp_set_tap_count)
    dmp_set_tap_thresh                       0x08004a19   Thumb Code   396  inv_mpu_dmp_motion_driver.o(i.dmp_set_tap_thresh)
    dmp_set_tap_time                         0x08004bb9   Thumb Code    38  inv_mpu_dmp_motion_driver.o(i.dmp_set_tap_time)
    dmp_set_tap_time_multi                   0x08004bdf   Thumb Code    38  inv_mpu_dmp_motion_driver.o(i.dmp_set_tap_time_multi)
    fputc                                    0x08004c05   Thumb Code    32  bsp_usart.o(i.fputc)
    inv_orientation_matrix_to_scalar         0x0800525d   Thumb Code    40  inv_mpu.o(i.inv_orientation_matrix_to_scalar)
    inv_row_2_scale                          0x08005285   Thumb Code    78  inv_mpu.o(i.inv_row_2_scale)
    main                                     0x080052d3   Thumb Code     8  main.o(i.main)
    mget_ms                                  0x080052db   Thumb Code     2  inv_mpu.o(i.mget_ms)
    mpu_configure_fifo                       0x080052dd   Thumb Code   106  inv_mpu.o(i.mpu_configure_fifo)
    mpu_dmp_get_data                         0x0800534d   Thumb Code   544  inv_mpu.o(i.mpu_dmp_get_data)
    mpu_dmp_init                             0x08005571   Thumb Code   154  inv_mpu.o(i.mpu_dmp_init)
    mpu_get_accel_fsr                        0x08005611   Thumb Code    72  inv_mpu.o(i.mpu_get_accel_fsr)
    mpu_get_accel_sens                       0x0800565d   Thumb Code    78  inv_mpu.o(i.mpu_get_accel_sens)
    mpu_get_fifo_config                      0x080056b1   Thumb Code    12  inv_mpu.o(i.mpu_get_fifo_config)
    mpu_get_gyro_fsr                         0x080056c1   Thumb Code    64  inv_mpu.o(i.mpu_get_gyro_fsr)
    mpu_get_gyro_sens                        0x08005705   Thumb Code    58  inv_mpu.o(i.mpu_get_gyro_sens)
    mpu_get_lpf                              0x08005755   Thumb Code    74  inv_mpu.o(i.mpu_get_lpf)
    mpu_get_sample_rate                      0x080057a5   Thumb Code    26  inv_mpu.o(i.mpu_get_sample_rate)
    mpu_init                                 0x080057c5   Thumb Code   416  inv_mpu.o(i.mpu_init)
    mpu_load_firmware                        0x080059b5   Thumb Code   180  inv_mpu.o(i.mpu_load_firmware)
    mpu_lp_accel_mode                        0x08005a6d   Thumb Code   218  inv_mpu.o(i.mpu_lp_accel_mode)
    mpu_read_fifo_stream                     0x08005b4d   Thumb Code   186  inv_mpu.o(i.mpu_read_fifo_stream)
    mpu_read_mem                             0x08005c0d   Thumb Code   122  inv_mpu.o(i.mpu_read_mem)
    mpu_reset_fifo                           0x08005c8d   Thumb Code   450  inv_mpu.o(i.mpu_reset_fifo)
    mpu_run_self_test                        0x08005e55   Thumb Code   278  inv_mpu.o(i.mpu_run_self_test)
    mpu_set_accel_fsr                        0x08005f71   Thumb Code   126  inv_mpu.o(i.mpu_set_accel_fsr)
    mpu_set_bypass                           0x08005ff5   Thumb Code   328  inv_mpu.o(i.mpu_set_bypass)
    mpu_set_dmp_state                        0x08006141   Thumb Code   138  inv_mpu.o(i.mpu_set_dmp_state)
    mpu_set_gyro_fsr                         0x080061d1   Thumb Code   132  inv_mpu.o(i.mpu_set_gyro_fsr)
    mpu_set_int_latched                      0x08006259   Thumb Code   102  inv_mpu.o(i.mpu_set_int_latched)
    mpu_set_lpf                              0x080062c5   Thumb Code   126  inv_mpu.o(i.mpu_set_lpf)
    mpu_set_sample_rate                      0x08006349   Thumb Code   152  inv_mpu.o(i.mpu_set_sample_rate)
    mpu_set_sensors                          0x080063e5   Thumb Code   202  inv_mpu.o(i.mpu_set_sensors)
    mpu_write_mem                            0x080064b5   Thumb Code   122  inv_mpu.o(i.mpu_write_mem)
    run_self_test                            0x08006535   Thumb Code   148  inv_mpu.o(i.run_self_test)
    sqrt                                     0x08006659   Thumb Code    76  sqrt.o(i.sqrt)
    reg                                      0x080066a4   Data          27  inv_mpu.o(.constdata)
    hw                                       0x080066c0   Data          12  inv_mpu.o(.constdata)
    test                                     0x080066cc   Data          40  inv_mpu.o(.constdata)
    OLED_F8x16                               0x080072ea   Data        1520  oled.o(.constdata)
    __mathlib_zero                           0x080079c8   Data           8  qnan.o(.constdata)
    Region$$Table$$Base                      0x08007a20   Number         0  anon$$obj.o(Region$$Table)
    Region$$Table$$Limit                     0x08007a40   Number         0  anon$$obj.o(Region$$Table)
    SystemCoreClock                          0x20000000   Data           4  system_stm32f10x.o(.data)
    AHBPrescTable                            0x20000004   Data          16  system_stm32f10x.o(.data)
    mpu6050                                  0x20000062   Data           2  mpu6050.o(.data)
    TX_ADDRESS                               0x20000064   Data           5  nrf24l01.o(.data)
    RX_ADDRESS                               0x20000069   Data           5  nrf24l01.o(.data)
    mode                                     0x20000070   Data           8  control.o(.data)
    i                                        0x20000078   Data           4  control.o(.data)
    Motor_out                                0x2000007c   Data           4  control.o(.data)
    Motor_1                                  0x20000080   Data           4  control.o(.data)
    Motor_2                                  0x20000084   Data           4  control.o(.data)
    LastEk_left                              0x20000088   Data           4  control.o(.data)
    LastEk_right                             0x2000008c   Data           4  control.o(.data)
    pitch                                    0x2000009c   Data           4  main.o(.data)
    roll                                     0x200000a0   Data           4  main.o(.data)
    yaw                                      0x200000a4   Data           4  main.o(.data)
    aacx                                     0x200000a8   Data           2  main.o(.data)
    aacy                                     0x200000aa   Data           2  main.o(.data)
    aacz                                     0x200000ac   Data           2  main.o(.data)
    gyrox                                    0x200000ae   Data           2  main.o(.data)
    gyroy                                    0x200000b0   Data           2  main.o(.data)
    gyroz                                    0x200000b2   Data           2  main.o(.data)
    temp                                     0x200000b4   Data           2  main.o(.data)
    status                                   0x200000b6   Data           1  main.o(.data)
    __stdout                                 0x200000b8   Data           4  stdout.o(.data)
    MPU_Data                                 0x200000d0   Data          12  mpu6050.o(.bss)
    speed_control                            0x200000dc   Data          28  control.o(.bss)
    angle_control                            0x200000f8   Data          28  control.o(.bss)
    straight_control                         0x20000114   Data          28  control.o(.bss)
    distance_control                         0x20000130   Data          28  control.o(.bss)
    rxbuf                                    0x2000014c   Data          32  main.o(.bss)
    __initial_sp                             0x20000570   Data           0  startup_stm32f10x_md.o(STACK)



==============================================================================

Memory Map of the image

  Image Entry point : 0x080000ed

  Load Region LR_IROM1 (Base: 0x08000000, Size: 0x00007b00, Max: 0x00010000, ABSOLUTE)

    Execution Region ER_IROM1 (Exec base: 0x08000000, Load base: 0x08000000, Size: 0x00007a40, Max: 0x00010000, ABSOLUTE)

    Exec Addr    Load Addr    Size         Type   Attr      Idx    E Section Name        Object

    0x08000000   0x08000000   0x000000ec   Data   RO            3    RESET               startup_stm32f10x_md.o
    0x080000ec   0x080000ec   0x00000000   Code   RO         4541  * .ARM.Collect$$$$00000000  mc_w.l(entry.o)
    0x080000ec   0x080000ec   0x00000004   Code   RO         4878    .ARM.Collect$$$$00000001  mc_w.l(entry2.o)
    0x080000f0   0x080000f0   0x00000004   Code   RO         4881    .ARM.Collect$$$$00000004  mc_w.l(entry5.o)
    0x080000f4   0x080000f4   0x00000000   Code   RO         4883    .ARM.Collect$$$$00000008  mc_w.l(entry7b.o)
    0x080000f4   0x080000f4   0x00000000   Code   RO         4885    .ARM.Collect$$$$0000000A  mc_w.l(entry8b.o)
    0x080000f4   0x080000f4   0x00000008   Code   RO         4886    .ARM.Collect$$$$0000000B  mc_w.l(entry9a.o)
    0x080000fc   0x080000fc   0x00000000   Code   RO         4888    .ARM.Collect$$$$0000000D  mc_w.l(entry10a.o)
    0x080000fc   0x080000fc   0x00000000   Code   RO         4890    .ARM.Collect$$$$0000000F  mc_w.l(entry11a.o)
    0x080000fc   0x080000fc   0x00000004   Code   RO         4879    .ARM.Collect$$$$00002712  mc_w.l(entry2.o)
    0x08000100   0x08000100   0x00000024   Code   RO            4    .text               startup_stm32f10x_md.o
    0x08000124   0x08000124   0x00000062   Code   RO         4544    .text               mc_w.l(ldiv.o)
    0x08000186   0x08000186   0x00000024   Code   RO         4546    .text               mc_w.l(memseta.o)
    0x080001aa   0x080001aa   0x0000001a   Code   RO         4548    .text               mc_w.l(memcmp.o)
    0x080001c4   0x080001c4   0x000000b0   Code   RO         4811    .text               mf_w.l(fadd.o)
    0x08000274   0x08000274   0x00000064   Code   RO         4813    .text               mf_w.l(fmul.o)
    0x080002d8   0x080002d8   0x0000007c   Code   RO         4815    .text               mf_w.l(fdiv.o)
    0x08000354   0x08000354   0x0000014e   Code   RO         4817    .text               mf_w.l(dadd.o)
    0x080004a2   0x080004a2   0x000000e4   Code   RO         4819    .text               mf_w.l(dmul.o)
    0x08000586   0x08000586   0x000000de   Code   RO         4821    .text               mf_w.l(ddiv.o)
    0x08000664   0x08000664   0x00000012   Code   RO         4823    .text               mf_w.l(fflti.o)
    0x08000676   0x08000676   0x0000000a   Code   RO         4825    .text               mf_w.l(ffltui.o)
    0x08000680   0x08000680   0x00000022   Code   RO         4827    .text               mf_w.l(dflti.o)
    0x080006a2   0x080006a2   0x00000032   Code   RO         4829    .text               mf_w.l(ffixi.o)
    0x080006d4   0x080006d4   0x00000028   Code   RO         4831    .text               mf_w.l(ffixui.o)
    0x080006fc   0x080006fc   0x00000026   Code   RO         4833    .text               mf_w.l(f2d.o)
    0x08000722   0x08000722   0x00000038   Code   RO         4835    .text               mf_w.l(d2f.o)
    0x0800075a   0x0800075a   0x00000002   PAD
    0x0800075c   0x0800075c   0x00000014   Code   RO         4837    .text               mf_w.l(cfcmple.o)
    0x08000770   0x08000770   0x00000014   Code   RO         4839    .text               mf_w.l(cfrcmple.o)
    0x08000784   0x08000784   0x0000002c   Code   RO         4893    .text               mc_w.l(uidiv.o)
    0x080007b0   0x080007b0   0x00000062   Code   RO         4895    .text               mc_w.l(uldiv.o)
    0x08000812   0x08000812   0x0000001e   Code   RO         4897    .text               mc_w.l(llshl.o)
    0x08000830   0x08000830   0x00000024   Code   RO         4899    .text               mc_w.l(llsshr.o)
    0x08000854   0x08000854   0x00000000   Code   RO         4908    .text               mc_w.l(iusefp.o)
    0x08000854   0x08000854   0x0000006e   Code   RO         4909    .text               mf_w.l(fepilogue.o)
    0x080008c2   0x080008c2   0x000000ba   Code   RO         4911    .text               mf_w.l(depilogue.o)
    0x0800097c   0x0800097c   0x0000002e   Code   RO         4913    .text               mf_w.l(dscalb.o)
    0x080009aa   0x080009aa   0x00000030   Code   RO         4915    .text               mf_w.l(dfixul.o)
    0x080009da   0x080009da   0x00000002   PAD
    0x080009dc   0x080009dc   0x00000030   Code   RO         4917    .text               mf_w.l(cdrcmple.o)
    0x08000a0c   0x08000a0c   0x00000024   Code   RO         4919    .text               mc_w.l(init.o)
    0x08000a30   0x08000a30   0x00000020   Code   RO         4921    .text               mc_w.l(llushr.o)
    0x08000a50   0x08000a50   0x000000a2   Code   RO         4923    .text               mf_w.l(dsqrt.o)
    0x08000af2   0x08000af2   0x00000004   Code   RO         4460    i.BusFault_Handler  stm32f10x_it.o
    0x08000af6   0x08000af6   0x00000002   PAD
    0x08000af8   0x08000af8   0x00000058   Code   RO         4120    i.Check             nrf24l01.o
    0x08000b50   0x08000b50   0x0000006c   Code   RO         4302    i.Control_Init      control.o
    0x08000bbc   0x08000bbc   0x00000188   Code   RO         3920    i.DATA_Report       mpu6050.o
    0x08000d44   0x08000d44   0x00000002   Code   RO         4461    i.DebugMon_Handler  stm32f10x_it.o
    0x08000d46   0x08000d46   0x00000002   PAD
    0x08000d48   0x08000d48   0x000000f8   Code   RO         4212    i.Encoder_Init      motor.o
    0x08000e40   0x08000e40   0x00000116   Code   RO         1347    i.GPIO_Init         stm32f10x_gpio.o
    0x08000f56   0x08000f56   0x00000012   Code   RO         1351    i.GPIO_ReadInputDataBit  stm32f10x_gpio.o
    0x08000f68   0x08000f68   0x00000004   Code   RO         1354    i.GPIO_ResetBits    stm32f10x_gpio.o
    0x08000f6c   0x08000f6c   0x00000004   Code   RO         1355    i.GPIO_SetBits      stm32f10x_gpio.o
    0x08000f70   0x08000f70   0x0000000a   Code   RO         1358    i.GPIO_WriteBit     stm32f10x_gpio.o
    0x08000f7a   0x08000f7a   0x00000002   PAD
    0x08000f7c   0x08000f7c   0x00000064   Code   RO         4303    i.Go_Ahead          control.o
    0x08000fe0   0x08000fe0   0x0000002c   Code   RO         4304    i.Go_Back           control.o
    0x0800100c   0x0800100c   0x00000004   Code   RO         4462    i.HardFault_Handler  stm32f10x_it.o
    0x08001010   0x08001010   0x00000068   Code   RO         3923    i.MPU_Get_Temperature  mpu6050.o
    0x08001078   0x08001078   0x0000004c   Code   RO         4033    i.MPU_IIC_Ack       mpuiic.o
    0x080010c4   0x080010c4   0x0000000a   Code   RO         4034    i.MPU_IIC_Delay     mpuiic.o
    0x080010ce   0x080010ce   0x00000002   PAD
    0x080010d0   0x080010d0   0x00000034   Code   RO         4035    i.MPU_IIC_Init      mpuiic.o
    0x08001104   0x08001104   0x0000004c   Code   RO         4036    i.MPU_IIC_NAck      mpuiic.o
    0x08001150   0x08001150   0x0000006c   Code   RO         4037    i.MPU_IIC_Read_Byte  mpuiic.o
    0x080011bc   0x080011bc   0x0000005c   Code   RO         4038    i.MPU_IIC_Send_Byte  mpuiic.o
    0x08001218   0x08001218   0x00000048   Code   RO         4039    i.MPU_IIC_Start     mpuiic.o
    0x08001260   0x08001260   0x00000048   Code   RO         4040    i.MPU_IIC_Stop      mpuiic.o
    0x080012a8   0x080012a8   0x00000064   Code   RO         4041    i.MPU_IIC_Wait_Ack  mpuiic.o
    0x0800130c   0x0800130c   0x00000088   Code   RO         3924    i.MPU_Init          mpu6050.o
    0x08001394   0x08001394   0x00000068   Code   RO         3925    i.MPU_Read          mpu6050.o
    0x080013fc   0x080013fc   0x0000003a   Code   RO         3926    i.MPU_Read_Byte     mpu6050.o
    0x08001436   0x08001436   0x00000074   Code   RO         3927    i.MPU_Read_Len      mpu6050.o
    0x080014aa   0x080014aa   0x00000010   Code   RO         3928    i.MPU_Set_Accel_Fsr  mpu6050.o
    0x080014ba   0x080014ba   0x00000010   Code   RO         3929    i.MPU_Set_Gyro_Fsr  mpu6050.o
    0x080014ca   0x080014ca   0x0000003a   Code   RO         3930    i.MPU_Set_LPF       mpu6050.o
    0x08001504   0x08001504   0x0000003a   Code   RO         3931    i.MPU_Set_Rate      mpu6050.o
    0x0800153e   0x0800153e   0x00000044   Code   RO         3932    i.MPU_Write_Byte    mpu6050.o
    0x08001582   0x08001582   0x00000060   Code   RO         3933    i.MPU_Write_Len     mpu6050.o
    0x080015e2   0x080015e2   0x00000004   Code   RO         4463    i.MemManage_Handler  stm32f10x_it.o
    0x080015e6   0x080015e6   0x00000002   PAD
    0x080015e8   0x080015e8   0x000000f8   Code   RO         4305    i.Mode_Select       control.o
    0x080016e0   0x080016e0   0x00000024   Code   RO         4215    i.Motor1_SetDirct   motor.o
    0x08001704   0x08001704   0x00000024   Code   RO         4216    i.Motor2_SetDirct   motor.o
    0x08001728   0x08001728   0x00000030   Code   RO         4217    i.Motor_Init        motor.o
    0x08001758   0x08001758   0x00000002   Code   RO         4464    i.NMI_Handler       stm32f10x_it.o
    0x0800175a   0x0800175a   0x00000002   PAD
    0x0800175c   0x0800175c   0x0000004c   Code   RO         4122    i.NRF_Check         nrf24l01.o
    0x080017a8   0x080017a8   0x0000005c   Code   RO         4123    i.NRF_RX_Mode       nrf24l01.o
    0x08001804   0x08001804   0x00000060   Code   RO         4124    i.NRF_Rx_Dat        nrf24l01.o
    0x08001864   0x08001864   0x00000070   Code   RO          137    i.NVIC_Init         misc.o
    0x080018d4   0x080018d4   0x00000014   Code   RO          138    i.NVIC_PriorityGroupConfig  misc.o
    0x080018e8   0x080018e8   0x0000002a   Code   RO         3812    i.OLED_Clear        oled.o
    0x08001912   0x08001912   0x00000002   PAD
    0x08001914   0x08001914   0x00000050   Code   RO         3813    i.OLED_I2C_Init     oled.o
    0x08001964   0x08001964   0x00000054   Code   RO         3814    i.OLED_I2C_SendByte  oled.o
    0x080019b8   0x080019b8   0x00000034   Code   RO         3815    i.OLED_I2C_Start    oled.o
    0x080019ec   0x080019ec   0x00000028   Code   RO         3816    i.OLED_I2C_Stop     oled.o
    0x08001a14   0x08001a14   0x000000ae   Code   RO         3817    i.OLED_Init         oled.o
    0x08001ac2   0x08001ac2   0x00000014   Code   RO         3818    i.OLED_Pow          oled.o
    0x08001ad6   0x08001ad6   0x00000022   Code   RO         3819    i.OLED_SetCursor    oled.o
    0x08001af8   0x08001af8   0x00000074   Code   RO         3821    i.OLED_ShowChar     oled.o
    0x08001b6c   0x08001b6c   0x00000044   Code   RO         3823    i.OLED_ShowNum      oled.o
    0x08001bb0   0x08001bb0   0x00000028   Code   RO         3825    i.OLED_ShowString   oled.o
    0x08001bd8   0x08001bd8   0x00000020   Code   RO         3826    i.OLED_WriteCommand  oled.o
    0x08001bf8   0x08001bf8   0x00000020   Code   RO         3827    i.OLED_WriteData    oled.o
    0x08001c18   0x08001c18   0x00000080   Code   RO         4308    i.PID_Straight      control.o
    0x08001c98   0x08001c98   0x00000068   Code   RO         4309    i.PID_Turn          control.o
    0x08001d00   0x08001d00   0x000000b4   Code   RO         4269    i.PWM_Init          pwm.o
    0x08001db4   0x08001db4   0x0000003c   Code   RO         4270    i.PWM_Restrict_Go   pwm.o
    0x08001df0   0x08001df0   0x0000003c   Code   RO         4271    i.PWM_Restrict_Turn  pwm.o
    0x08001e2c   0x08001e2c   0x0000004c   Code   RO         4272    i.PWM_Updata        pwm.o
    0x08001e78   0x08001e78   0x00000002   Code   RO         4465    i.PendSV_Handler    stm32f10x_it.o
    0x08001e7a   0x08001e7a   0x00000002   PAD
    0x08001e7c   0x08001e7c   0x00000020   Code   RO         1775    i.RCC_APB1PeriphClockCmd  stm32f10x_rcc.o
    0x08001e9c   0x08001e9c   0x00000020   Code   RO         1777    i.RCC_APB2PeriphClockCmd  stm32f10x_rcc.o
    0x08001ebc   0x08001ebc   0x000000d4   Code   RO         1785    i.RCC_GetClocksFreq  stm32f10x_rcc.o
    0x08001f90   0x08001f90   0x00000060   Code   RO         4397    i.Receive_Data      main.o
    0x08001ff0   0x08001ff0   0x00000018   Code   RO         2263    i.SPI_Cmd           stm32f10x_spi.o
    0x08002008   0x08002008   0x00000012   Code   RO         2271    i.SPI_I2S_GetFlagStatus  stm32f10x_spi.o
    0x0800201a   0x0800201a   0x00000006   Code   RO         2274    i.SPI_I2S_ReceiveData  stm32f10x_spi.o
    0x08002020   0x08002020   0x00000004   Code   RO         2275    i.SPI_I2S_SendData  stm32f10x_spi.o
    0x08002024   0x08002024   0x0000003c   Code   RO         2276    i.SPI_Init          stm32f10x_spi.o
    0x08002060   0x08002060   0x000000e0   Code   RO         4127    i.SPI_NRF_Init      nrf24l01.o
    0x08002140   0x08002140   0x00000038   Code   RO         4128    i.SPI_NRF_RW        nrf24l01.o
    0x08002178   0x08002178   0x00000050   Code   RO         4129    i.SPI_NRF_ReadBuf   nrf24l01.o
    0x080021c8   0x080021c8   0x00000038   Code   RO         4130    i.SPI_NRF_ReadReg   nrf24l01.o
    0x08002200   0x08002200   0x00000050   Code   RO         4131    i.SPI_NRF_WriteBuf  nrf24l01.o
    0x08002250   0x08002250   0x0000003c   Code   RO         4132    i.SPI_NRF_WriteReg  nrf24l01.o
    0x0800228c   0x0800228c   0x00000002   Code   RO         4466    i.SVC_Handler       stm32f10x_it.o
    0x0800228e   0x0800228e   0x00000002   PAD
    0x08002290   0x08002290   0x00000094   Code   RO         4398    i.SYS_Init          main.o
    0x08002324   0x08002324   0x00000008   Code   RO           24    i.SetSysClock       system_stm32f10x.o
    0x0800232c   0x0800232c   0x000000e0   Code   RO           25    i.SetSysClockTo72   system_stm32f10x.o
    0x0800240c   0x0800240c   0x00000018   Code   RO         4312    i.Stop              control.o
    0x08002424   0x08002424   0x00000028   Code   RO          141    i.SysTick_CLKSourceConfig  misc.o
    0x0800244c   0x0800244c   0x00000002   Code   RO         4467    i.SysTick_Handler   stm32f10x_it.o
    0x0800244e   0x0800244e   0x00000002   PAD
    0x08002450   0x08002450   0x00000060   Code   RO           27    i.SystemInit        system_stm32f10x.o
    0x080024b0   0x080024b0   0x00000080   Code   RO         2405    i.TI1_Config        stm32f10x_tim.o
    0x08002530   0x08002530   0x00000098   Code   RO         2406    i.TI2_Config        stm32f10x_tim.o
    0x080025c8   0x080025c8   0x00000090   Code   RO         2407    i.TI3_Config        stm32f10x_tim.o
    0x08002658   0x08002658   0x00000098   Code   RO         2408    i.TI4_Config        stm32f10x_tim.o
    0x080026f0   0x080026f0   0x00000016   Code   RO         4218    i.TIM2_IRQHandler   motor.o
    0x08002706   0x08002706   0x00000002   PAD
    0x08002708   0x08002708   0x0000002c   Code   RO         4399    i.TIM3_IRQHandler   main.o
    0x08002734   0x08002734   0x0000001c   Code   RO         4219    i.TIM4_IRQHandler   motor.o
    0x08002750   0x08002750   0x00000018   Code   RO         2409    i.TIM_ARRPreloadConfig  stm32f10x_tim.o
    0x08002768   0x08002768   0x00000006   Code   RO         2415    i.TIM_ClearFlag     stm32f10x_tim.o
    0x0800276e   0x0800276e   0x00000006   Code   RO         2416    i.TIM_ClearITPendingBit  stm32f10x_tim.o
    0x08002774   0x08002774   0x00000018   Code   RO         2421    i.TIM_Cmd           stm32f10x_tim.o
    0x0800278c   0x0800278c   0x0000001e   Code   RO         2423    i.TIM_CtrlPWMOutputs  stm32f10x_tim.o
    0x080027aa   0x080027aa   0x00000042   Code   RO         2430    i.TIM_EncoderInterfaceConfig  stm32f10x_tim.o
    0x080027ec   0x080027ec   0x00000022   Code   RO         2442    i.TIM_GetITStatus   stm32f10x_tim.o
    0x0800280e   0x0800280e   0x00000002   PAD
    0x08002810   0x08002810   0x000000ac   Code   RO         2444    i.TIM_ICInit        stm32f10x_tim.o
    0x080028bc   0x080028bc   0x00000012   Code   RO         2445    i.TIM_ICStructInit  stm32f10x_tim.o
    0x080028ce   0x080028ce   0x00000012   Code   RO         2446    i.TIM_ITConfig      stm32f10x_tim.o
    0x080028e0   0x080028e0   0x0000000c   Code   RO         2448    i.TIM_InternalClockConfig  stm32f10x_tim.o
    0x080028ec   0x080028ec   0x00000098   Code   RO         2450    i.TIM_OC1Init       stm32f10x_tim.o
    0x08002984   0x08002984   0x00000012   Code   RO         2453    i.TIM_OC1PreloadConfig  stm32f10x_tim.o
    0x08002996   0x08002996   0x00000002   PAD
    0x08002998   0x08002998   0x0000007c   Code   RO         2465    i.TIM_OC4Init       stm32f10x_tim.o
    0x08002a14   0x08002a14   0x0000001a   Code   RO         2467    i.TIM_OC4PreloadConfig  stm32f10x_tim.o
    0x08002a2e   0x08002a2e   0x00000014   Code   RO         2468    i.TIM_OCStructInit  stm32f10x_tim.o
    0x08002a42   0x08002a42   0x00000004   Code   RO         2482    i.TIM_SetCompare1   stm32f10x_tim.o
    0x08002a46   0x08002a46   0x00000006   Code   RO         2485    i.TIM_SetCompare4   stm32f10x_tim.o
    0x08002a4c   0x08002a4c   0x00000004   Code   RO         2486    i.TIM_SetCounter    stm32f10x_tim.o
    0x08002a50   0x08002a50   0x00000012   Code   RO         2487    i.TIM_SetIC1Prescaler  stm32f10x_tim.o
    0x08002a62   0x08002a62   0x0000001a   Code   RO         2488    i.TIM_SetIC2Prescaler  stm32f10x_tim.o
    0x08002a7c   0x08002a7c   0x00000012   Code   RO         2489    i.TIM_SetIC3Prescaler  stm32f10x_tim.o
    0x08002a8e   0x08002a8e   0x0000001a   Code   RO         2490    i.TIM_SetIC4Prescaler  stm32f10x_tim.o
    0x08002aa8   0x08002aa8   0x000000a4   Code   RO         2492    i.TIM_TimeBaseInit  stm32f10x_tim.o
    0x08002b4c   0x08002b4c   0x00000074   Code   RO         3771    i.Timer3IT_Init     timer.o
    0x08002bc0   0x08002bc0   0x00000108   Code   RO         4313    i.Turn              control.o
    0x08002cc8   0x08002cc8   0x00000018   Code   RO         2960    i.USART_Cmd         stm32f10x_usart.o
    0x08002ce0   0x08002ce0   0x00000080   Code   RO         4093    i.USART_Config      bsp_usart.o
    0x08002d60   0x08002d60   0x0000001a   Code   RO         2963    i.USART_GetFlagStatus  stm32f10x_usart.o
    0x08002d7a   0x08002d7a   0x00000002   PAD
    0x08002d7c   0x08002d7c   0x000000d8   Code   RO         2967    i.USART_Init        stm32f10x_usart.o
    0x08002e54   0x08002e54   0x00000008   Code   RO         2977    i.USART_SendData    stm32f10x_usart.o
    0x08002e5c   0x08002e5c   0x00000004   Code   RO         4468    i.UsageFault_Handler  stm32f10x_it.o
    0x08002e60   0x08002e60   0x00000020   Code   RO         4783    i.__0printf         mc_w.l(printfa.o)
    0x08002e80   0x08002e80   0x00000028   Code   RO         4865    i.__ARM_fpclassify  m_ws.l(fpclassify.o)
    0x08002ea8   0x08002ea8   0x000000aa   Code   RO         4867    i.__kernel_poly     m_ws.l(poly.o)
    0x08002f52   0x08002f52   0x00000006   Code   RO         4852    i.__mathlib_dbl_infnan  m_ws.l(dunder.o)
    0x08002f58   0x08002f58   0x00000004   Code   RO         4853    i.__mathlib_dbl_infnan2  m_ws.l(dunder.o)
    0x08002f5c   0x08002f5c   0x0000000c   Code   RO         4854    i.__mathlib_dbl_invalid  m_ws.l(dunder.o)
    0x08002f68   0x08002f68   0x00000010   Code   RO         4857    i.__mathlib_dbl_underflow  m_ws.l(dunder.o)
    0x08002f78   0x08002f78   0x0000000e   Code   RO         4929    i.__scatterload_copy  mc_w.l(handlers.o)
    0x08002f86   0x08002f86   0x00000002   Code   RO         4930    i.__scatterload_null  mc_w.l(handlers.o)
    0x08002f88   0x08002f88   0x0000000e   Code   RO         4931    i.__scatterload_zeroinit  mc_w.l(handlers.o)
    0x08002f96   0x08002f96   0x00000002   PAD
    0x08002f98   0x08002f98   0x0000000c   Code   RO         4903    i.__set_errno       mc_w.l(errno.o)
    0x08002fa4   0x08002fa4   0x00000184   Code   RO         4790    i._fp_digits        mc_w.l(printfa.o)
    0x08003128   0x08003128   0x000006dc   Code   RO         4791    i._printf_core      mc_w.l(printfa.o)
    0x08003804   0x08003804   0x00000024   Code   RO         4792    i._printf_post_padding  mc_w.l(printfa.o)
    0x08003828   0x08003828   0x0000002e   Code   RO         4793    i._printf_pre_padding  mc_w.l(printfa.o)
    0x08003856   0x08003856   0x00000002   PAD
    0x08003858   0x08003858   0x000000a8   Code   RO         3196    i.accel_self_test   inv_mpu.o
    0x08003900   0x08003900   0x00000270   Code   RO         4524    i.asin              m_ws.l(asin.o)
    0x08003b70   0x08003b70   0x00000220   Code   RO         4842    i.atan              m_ws.l(atan.o)
    0x08003d90   0x08003d90   0x00000180   Code   RO         4534    i.atan2             m_ws.l(atan2.o)
    0x08003f10   0x08003f10   0x00000064   Code   RO         3554    i.decode_gesture    inv_mpu_dmp_motion_driver.o
    0x08003f74   0x08003f74   0x00000044   Code   RO         3783    i.delay_init        delay.o
    0x08003fb8   0x08003fb8   0x0000004c   Code   RO         3784    i.delay_ms          delay.o
    0x08004004   0x08004004   0x0000004c   Code   RO         3785    i.delay_us          delay.o
    0x08004050   0x08004050   0x0000003c   Code   RO         3555    i.dmp_enable_6x_lp_quat  inv_mpu_dmp_motion_driver.o
    0x0800408c   0x0800408c   0x0000021c   Code   RO         3556    i.dmp_enable_feature  inv_mpu_dmp_motion_driver.o
    0x080042a8   0x080042a8   0x00000058   Code   RO         3557    i.dmp_enable_gyro_cal  inv_mpu_dmp_motion_driver.o
    0x08004300   0x08004300   0x0000003c   Code   RO         3558    i.dmp_enable_lp_quat  inv_mpu_dmp_motion_driver.o
    0x0800433c   0x0800433c   0x00000018   Code   RO         3563    i.dmp_load_motion_driver_firmware  inv_mpu_dmp_motion_driver.o
    0x08004354   0x08004354   0x000001cc   Code   RO         3564    i.dmp_read_fifo     inv_mpu_dmp_motion_driver.o
    0x08004520   0x08004520   0x00000130   Code   RO         3567    i.dmp_set_accel_bias  inv_mpu_dmp_motion_driver.o
    0x08004650   0x08004650   0x00000070   Code   RO         3568    i.dmp_set_fifo_rate  inv_mpu_dmp_motion_driver.o
    0x080046c0   0x080046c0   0x00000130   Code   RO         3569    i.dmp_set_gyro_bias  inv_mpu_dmp_motion_driver.o
    0x080047f0   0x080047f0   0x00000138   Code   RO         3571    i.dmp_set_orientation  inv_mpu_dmp_motion_driver.o
    0x08004928   0x08004928   0x00000038   Code   RO         3574    i.dmp_set_shake_reject_thresh  inv_mpu_dmp_motion_driver.o
    0x08004960   0x08004960   0x00000026   Code   RO         3575    i.dmp_set_shake_reject_time  inv_mpu_dmp_motion_driver.o
    0x08004986   0x08004986   0x00000026   Code   RO         3576    i.dmp_set_shake_reject_timeout  inv_mpu_dmp_motion_driver.o
    0x080049ac   0x080049ac   0x00000046   Code   RO         3577    i.dmp_set_tap_axes  inv_mpu_dmp_motion_driver.o
    0x080049f2   0x080049f2   0x00000026   Code   RO         3578    i.dmp_set_tap_count  inv_mpu_dmp_motion_driver.o
    0x08004a18   0x08004a18   0x000001a0   Code   RO         3579    i.dmp_set_tap_thresh  inv_mpu_dmp_motion_driver.o
    0x08004bb8   0x08004bb8   0x00000026   Code   RO         3580    i.dmp_set_tap_time  inv_mpu_dmp_motion_driver.o
    0x08004bde   0x08004bde   0x00000026   Code   RO         3581    i.dmp_set_tap_time_multi  inv_mpu_dmp_motion_driver.o
    0x08004c04   0x08004c04   0x00000024   Code   RO         4095    i.fputc             bsp_usart.o
    0x08004c28   0x08004c28   0x000000b4   Code   RO         3197    i.get_accel_prod_shift  inv_mpu.o
    0x08004cdc   0x08004cdc   0x00000470   Code   RO         3198    i.get_st_biases     inv_mpu.o
    0x0800514c   0x0800514c   0x00000110   Code   RO         3199    i.gyro_self_test    inv_mpu.o
    0x0800525c   0x0800525c   0x00000028   Code   RO         3200    i.inv_orientation_matrix_to_scalar  inv_mpu.o
    0x08005284   0x08005284   0x0000004e   Code   RO         3201    i.inv_row_2_scale   inv_mpu.o
    0x080052d2   0x080052d2   0x00000008   Code   RO         4400    i.main              main.o
    0x080052da   0x080052da   0x00000002   Code   RO         3202    i.mget_ms           inv_mpu.o
    0x080052dc   0x080052dc   0x00000070   Code   RO         3203    i.mpu_configure_fifo  inv_mpu.o
    0x0800534c   0x0800534c   0x00000224   Code   RO         3204    i.mpu_dmp_get_data  inv_mpu.o
    0x08005570   0x08005570   0x000000a0   Code   RO         3205    i.mpu_dmp_init      inv_mpu.o
    0x08005610   0x08005610   0x0000004c   Code   RO         3206    i.mpu_get_accel_fsr  inv_mpu.o
    0x0800565c   0x0800565c   0x00000054   Code   RO         3208    i.mpu_get_accel_sens  inv_mpu.o
    0x080056b0   0x080056b0   0x00000010   Code   RO         3213    i.mpu_get_fifo_config  inv_mpu.o
    0x080056c0   0x080056c0   0x00000044   Code   RO         3214    i.mpu_get_gyro_fsr  inv_mpu.o
    0x08005704   0x08005704   0x00000050   Code   RO         3216    i.mpu_get_gyro_sens  inv_mpu.o
    0x08005754   0x08005754   0x00000050   Code   RO         3218    i.mpu_get_lpf       inv_mpu.o
    0x080057a4   0x080057a4   0x00000020   Code   RO         3220    i.mpu_get_sample_rate  inv_mpu.o
    0x080057c4   0x080057c4   0x000001f0   Code   RO         3222    i.mpu_init          inv_mpu.o
    0x080059b4   0x080059b4   0x000000b8   Code   RO         3223    i.mpu_load_firmware  inv_mpu.o
    0x08005a6c   0x08005a6c   0x000000e0   Code   RO         3224    i.mpu_lp_accel_mode  inv_mpu.o
    0x08005b4c   0x08005b4c   0x000000c0   Code   RO         3227    i.mpu_read_fifo_stream  inv_mpu.o
    0x08005c0c   0x08005c0c   0x00000080   Code   RO         3228    i.mpu_read_mem      inv_mpu.o
    0x08005c8c   0x08005c8c   0x000001c8   Code   RO         3231    i.mpu_reset_fifo    inv_mpu.o
    0x08005e54   0x08005e54   0x0000011c   Code   RO         3232    i.mpu_run_self_test  inv_mpu.o
    0x08005f70   0x08005f70   0x00000084   Code   RO         3234    i.mpu_set_accel_fsr  inv_mpu.o
    0x08005ff4   0x08005ff4   0x0000014c   Code   RO         3235    i.mpu_set_bypass    inv_mpu.o
    0x08006140   0x08006140   0x00000090   Code   RO         3237    i.mpu_set_dmp_state  inv_mpu.o
    0x080061d0   0x080061d0   0x00000088   Code   RO         3238    i.mpu_set_gyro_fsr  inv_mpu.o
    0x08006258   0x08006258   0x0000006c   Code   RO         3239    i.mpu_set_int_latched  inv_mpu.o
    0x080062c4   0x080062c4   0x00000084   Code   RO         3241    i.mpu_set_lpf       inv_mpu.o
    0x08006348   0x08006348   0x0000009c   Code   RO         3242    i.mpu_set_sample_rate  inv_mpu.o
    0x080063e4   0x080063e4   0x000000d0   Code   RO         3243    i.mpu_set_sensors   inv_mpu.o
    0x080064b4   0x080064b4   0x00000080   Code   RO         3244    i.mpu_write_mem     inv_mpu.o
    0x08006534   0x08006534   0x00000094   Code   RO         3245    i.run_self_test     inv_mpu.o
    0x080065c8   0x080065c8   0x00000090   Code   RO         3246    i.set_int_enable    inv_mpu.o
    0x08006658   0x08006658   0x0000004c   Code   RO         4871    i.sqrt              m_ws.l(sqrt.o)
    0x080066a4   0x080066a4   0x00000050   Data   RO         3248    .constdata          inv_mpu.o
    0x080066f4   0x080066f4   0x00000bf6   Data   RO         3583    .constdata          inv_mpu_dmp_motion_driver.o
    0x080072ea   0x080072ea   0x000005f0   Data   RO         3828    .constdata          oled.o
    0x080078da   0x080078da   0x00000006   PAD
    0x080078e0   0x080078e0   0x00000050   Data   RO         4525    .constdata          m_ws.l(asin.o)
    0x08007930   0x08007930   0x00000098   Data   RO         4843    .constdata          m_ws.l(atan.o)
    0x080079c8   0x080079c8   0x00000008   Data   RO         4869    .constdata          m_ws.l(qnan.o)
    0x080079d0   0x080079d0   0x0000004d   Data   RO         3249    .conststring        inv_mpu.o
    0x08007a1d   0x08007a1d   0x00000003   PAD
    0x08007a20   0x08007a20   0x00000020   Data   RO         4927    Region$$Table       anon$$obj.o


    Execution Region RW_IRAM1 (Exec base: 0x20000000, Load base: 0x08007a40, Size: 0x00000570, Max: 0x00005000, ABSOLUTE)

    Exec Addr    Load Addr    Size         Type   Attr      Idx    E Section Name        Object

    0x20000000   0x08007a40   0x00000014   Data   RW           28    .data               system_stm32f10x.o
    0x20000014   0x08007a54   0x00000014   Data   RW         1805    .data               stm32f10x_rcc.o
    0x20000028   0x08007a68   0x00000035   Data   RW         3250    .data               inv_mpu.o
    0x2000005d   0x08007a9d   0x00000001   PAD
    0x2000005e   0x08007a9e   0x00000004   Data   RW         3786    .data               delay.o
    0x20000062   0x08007aa2   0x00000002   Data   RW         3935    .data               mpu6050.o
    0x20000064   0x08007aa4   0x0000000a   Data   RW         4134    .data               nrf24l01.o
    0x2000006e   0x08007aae   0x00000002   PAD
    0x20000070   0x08007ab0   0x0000002c   Data   RW         4316    .data               control.o
    0x2000009c   0x08007adc   0x0000001b   Data   RW         4402    .data               main.o
    0x200000b7   0x08007af7   0x00000001   PAD
    0x200000b8   0x08007af8   0x00000004   Data   RW         4892    .data               mc_w.l(stdout.o)
    0x200000bc   0x08007afc   0x00000004   Data   RW         4904    .data               mc_w.l(errno.o)
    0x200000c0        -       0x00000010   Zero   RW         3582    .bss                inv_mpu_dmp_motion_driver.o
    0x200000d0        -       0x0000000c   Zero   RW         3934    .bss                mpu6050.o
    0x200000dc        -       0x00000070   Zero   RW         4315    .bss                control.o
    0x2000014c        -       0x00000020   Zero   RW         4401    .bss                main.o
    0x2000016c   0x08007b00   0x00000004   PAD
    0x20000170        -       0x00000400   Zero   RW            1    STACK               startup_stm32f10x_md.o


==============================================================================

Image component sizes


      Code (inc. data)   RO Data    RW Data    ZI Data      Debug   Object Name

       164         12          0          0          0       1131   bsp_usart.o
      1020        246          0         44        112       6027   control.o
         0          0          0          0          0       4508   core_cm3.o
       220         26          0          4          0       1615   delay.o
      6864        290        157         53          0      31160   inv_mpu.o
      3096        122       3062          0         16      20042   inv_mpu_dmp_motion_driver.o
       296         58          0         27         32       2975   main.o
       172         22          0          0          0     205157   misc.o
       418         32          0          0          0       3076   motor.o
      1222        110          0          2         12       9876   mpu6050.o
       658        100          0          0          0       4522   mpuiic.o
       908        118          0         10          0       6540   nrf24l01.o
       814         22       1520          0          0       7461   oled.o
       376         26          0          0          0       2250   pwm.o
        36          8        236          0       1024        812   startup_stm32f10x_md.o
         0          0          0          0          0       1644   stm32f10x_adc.o
       314          0          0          0          0      12232   stm32f10x_gpio.o
        26          0          0          0          0       3686   stm32f10x_it.o
       276         32          0         20          0      12878   stm32f10x_rcc.o
       112          0          0          0          0      10382   stm32f10x_spi.o
      1592        180          0          0          0      36607   stm32f10x_tim.o
       274          6          0          0          0       9744   stm32f10x_usart.o
       328         28          0         20          0      52289   system_stm32f10x.o
       116          6          0          0          0        540   timer.o

    ----------------------------------------------------------------------
     19330       1444       5016        184       1200     447154   Object Totals
         0          0         32          0          0          0   (incl. Generated)
        28          0          9          4          4          0   (incl. Padding)

    ----------------------------------------------------------------------

      Code (inc. data)   RO Data    RW Data    ZI Data      Debug   Library Member Name

       624         52         80          0          0        168   asin.o
       544         70        152          0          0        124   atan.o
       384         38          0          0          0        144   atan2.o
        38          6          0          0          0        272   dunder.o
        40          0          0          0          0         68   fpclassify.o
       170          0          0          0          0         96   poly.o
         0          0          8          0          0          0   qnan.o
        76          0          0          0          0         84   sqrt.o
         0          0          0          0          0          0   entry.o
         0          0          0          0          0          0   entry10a.o
         0          0          0          0          0          0   entry11a.o
         8          4          0          0          0          0   entry2.o
         4          0          0          0          0          0   entry5.o
         0          0          0          0          0          0   entry7b.o
         0          0          0          0          0          0   entry8b.o
         8          4          0          0          0          0   entry9a.o
        12          6          0          4          0         68   errno.o
        30          0          0          0          0          0   handlers.o
        36          8          0          0          0         68   init.o
         0          0          0          0          0          0   iusefp.o
        98          0          0          0          0         84   ldiv.o
        30          0          0          0          0         68   llshl.o
        36          0          0          0          0         68   llsshr.o
        32          0          0          0          0         68   llushr.o
        26          0          0          0          0         80   memcmp.o
        36          0          0          0          0        108   memseta.o
      2258         90          0          0          0        452   printfa.o
         0          0          0          4          0          0   stdout.o
        44          0          0          0          0         80   uidiv.o
        98          0          0          0          0         92   uldiv.o
        48          0          0          0          0         68   cdrcmple.o
        20          0          0          0          0         68   cfcmple.o
        20          0          0          0          0         68   cfrcmple.o
        56          0          0          0          0         88   d2f.o
       334          0          0          0          0        148   dadd.o
       222          0          0          0          0        100   ddiv.o
       186          0          0          0          0        176   depilogue.o
        48          0          0          0          0         68   dfixul.o
        34          0          0          0          0         76   dflti.o
       228          0          0          0          0         96   dmul.o
        46          0          0          0          0         80   dscalb.o
       162          0          0          0          0        100   dsqrt.o
        38          0          0          0          0         68   f2d.o
       176          0          0          0          0        140   fadd.o
       124          0          0          0          0         88   fdiv.o
       110          0          0          0          0        168   fepilogue.o
        50          0          0          0          0         68   ffixi.o
        40          0          0          0          0         68   ffixui.o
        18          0          0          0          0         68   fflti.o
        10          0          0          0          0         68   ffltui.o
       100          0          0          0          0         76   fmul.o

    ----------------------------------------------------------------------
      6710        278        240          8          0       4140   Library Totals
         8          0          0          0          0          0   (incl. Padding)

    ----------------------------------------------------------------------

      Code (inc. data)   RO Data    RW Data    ZI Data      Debug   Library Name

      1876        166        240          0          0        956   m_ws.l
      2756        112          0          8          0       1236   mc_w.l
      2070          0          0          0          0       1948   mf_w.l

    ----------------------------------------------------------------------
      6710        278        240          8          0       4140   Library Totals

    ----------------------------------------------------------------------

==============================================================================


      Code (inc. data)   RO Data    RW Data    ZI Data      Debug   

     26040       1722       5256        192       1200     439746   Grand Totals
     26040       1722       5256        192       1200     439746   ELF Image Totals
     26040       1722       5256        192          0          0   ROM Totals

==============================================================================

    Total RO  Size (Code + RO Data)                31296 (  30.56kB)
    Total RW  Size (RW Data + ZI Data)              1392 (   1.36kB)
    Total ROM Size (Code + RO Data + RW Data)      31488 (  30.75kB)

==============================================================================

